warning[duplicate]: found 2 duplicate entries for crate 'bare-metal'
  ┌─ C:\dev\oasis\oasis-renode-m11/Cargo.lock:3:1
  │  
3 │ ╭ bare-metal 0.2.5 registry+https://github.com/rust-lang/crates.io-index
4 │ │ bare-metal 1.0.0 registry+https://github.com/rust-lang/crates.io-index
  │ ╰──────────────────────────────────────────────────────────────────────┘ lock entries
  │  
  ├ bare-metal v0.2.5
    └── cortex-m v0.7.7
        ├── oasis-renode-m11 v0.1.0
        ├── stm32f4-staging v0.16.1
        │   └── stm32f4xx-hal v0.22.1
        │       └── oasis-renode-m11 v0.1.0 (*)
        └── stm32f4xx-hal v0.22.1 (*)
  ├ bare-metal v1.0.0
    └── stm32f4xx-hal v0.22.1
        └── oasis-renode-m11 v0.1.0

warning[duplicate]: found 2 duplicate entries for crate 'chacha20'
   ┌─ C:\dev\oasis\oasis-renode-m11/Cargo.lock:13:1
   │  
13 │ ╭ chacha20 0.9.1 registry+https://github.com/rust-lang/crates.io-index
14 │ │ chacha20 0.10.2 registry+https://github.com/rust-lang/crates.io-index
   │ ╰─────────────────────────────────────────────────────────────────────┘ lock entries
   │  
   ├ chacha20 v0.9.1
     └── chacha20poly1305 v0.10.1
         └── oasis-rt v0.3.0
             └── oasis-renode-m11 v0.1.0
   ├ chacha20 v0.10.2
     └── rand v0.10.3
         ├── core-models v0.0.7
         │   ├── libcrux-intrinsics v0.0.8
         │   │   ├── libcrux-ml-dsa v0.0.10
         │   │   │   └── oasis-rt v0.3.0
         │   │   │       └── oasis-renode-m11 v0.1.0
         │   │   └── libcrux-sha3 v0.0.10
         │   │       └── libcrux-ml-dsa v0.0.10 (*)
         │   └── libcrux-ml-dsa v0.0.10 (*)
         └── libcrux-traits v0.0.8
             └── libcrux-sha3 v0.0.10 (*)

warning[duplicate]: found 2 duplicate entries for crate 'cpufeatures'
   ┌─ C:\dev\oasis\oasis-renode-m11/Cargo.lock:23:1
   │  
23 │ ╭ cpufeatures 0.2.17 registry+https://github.com/rust-lang/crates.io-index
24 │ │ cpufeatures 0.3.0 registry+https://github.com/rust-lang/crates.io-index
   │ ╰───────────────────────────────────────────────────────────────────────┘ lock entries
   │  
   ├ cpufeatures v0.2.17
     ├── chacha20 v0.9.1
     │   └── chacha20poly1305 v0.10.1
     │       └── oasis-rt v0.3.0
     │           └── oasis-renode-m11 v0.1.0
     └── poly1305 v0.8.0
         └── chacha20poly1305 v0.10.1 (*)
   ├ cpufeatures v0.3.0
     ├── chacha20 v0.10.2
     │   └── rand v0.10.3
     │       ├── core-models v0.0.7
     │       │   ├── libcrux-intrinsics v0.0.8
     │       │   │   ├── libcrux-ml-dsa v0.0.10
     │       │   │   │   └── oasis-rt v0.3.0
     │       │   │   │       └── oasis-renode-m11 v0.1.0
     │       │   │   └── libcrux-sha3 v0.0.10
     │       │   │       └── libcrux-ml-dsa v0.0.10 (*)
     │       │   └── libcrux-ml-dsa v0.0.10 (*)
     │       └── libcrux-traits v0.0.8
     │           └── libcrux-sha3 v0.0.10 (*)
     └── sha2 v0.11.0
         └── oasis-rt v0.3.0 (*)

warning[duplicate]: found 2 duplicate entries for crate 'crypto-common'
   ┌─ C:\dev\oasis\oasis-renode-m11/Cargo.lock:29:1
   │  
29 │ ╭ crypto-common 0.1.7 registry+https://github.com/rust-lang/crates.io-index
30 │ │ crypto-common 0.2.1 registry+https://github.com/rust-lang/crates.io-index
   │ ╰─────────────────────────────────────────────────────────────────────────┘ lock entries
   │  
   ├ crypto-common v0.1.7
     ├── aead v0.5.2
     │   └── chacha20poly1305 v0.10.1
     │       └── oasis-rt v0.3.0
     │           └── oasis-renode-m11 v0.1.0
     ├── cipher v0.4.4
     │   ├── chacha20 v0.9.1
     │   │   └── chacha20poly1305 v0.10.1 (*)
     │   └── chacha20poly1305 v0.10.1 (*)
     └── universal-hash v0.5.1
         └── poly1305 v0.8.0
             └── chacha20poly1305 v0.10.1 (*)
   ├ crypto-common v0.2.1
     └── digest v0.11.2
         └── sha2 v0.11.0
             └── oasis-rt v0.3.0
                 └── oasis-renode-m11 v0.1.0

warning[duplicate]: found 2 duplicate entries for crate 'embedded-hal'
   ┌─ C:\dev\oasis\oasis-renode-m11/Cargo.lock:38:1
   │  
38 │ ╭ embedded-hal 0.2.7 registry+https://github.com/rust-lang/crates.io-index
39 │ │ embedded-hal 1.0.0 registry+https://github.com/rust-lang/crates.io-index
   │ ╰────────────────────────────────────────────────────────────────────────┘ lock entries
   │  
   ├ embedded-hal v0.2.7
     ├── cortex-m v0.7.7
     │   ├── oasis-renode-m11 v0.1.0
     │   ├── stm32f4-staging v0.16.1
     │   │   └── stm32f4xx-hal v0.22.1
     │   │       └── oasis-renode-m11 v0.1.0 (*)
     │   └── stm32f4xx-hal v0.22.1 (*)
     └── stm32f4xx-hal v0.22.1 (*)
   ├ embedded-hal v1.0.0
     ├── embedded-hal-nb v1.0.0
     │   └── stm32f4xx-hal v0.22.1
     │       └── oasis-renode-m11 v0.1.0
     └── stm32f4xx-hal v0.22.1 (*)

warning[duplicate]: found 2 duplicate entries for crate 'nb'
   ┌─ C:\dev\oasis\oasis-renode-m11/Cargo.lock:74:1
   │  
74 │ ╭ nb 0.1.3 registry+https://github.com/rust-lang/crates.io-index
75 │ │ nb 1.1.0 registry+https://github.com/rust-lang/crates.io-index
   │ ╰──────────────────────────────────────────────────────────────┘ lock entries
   │  
   ├ nb v0.1.3
     └── embedded-hal v0.2.7
         ├── cortex-m v0.7.7
         │   ├── oasis-renode-m11 v0.1.0
         │   ├── stm32f4-staging v0.16.1
         │   │   └── stm32f4xx-hal v0.22.1
         │   │       └── oasis-renode-m11 v0.1.0 (*)
         │   └── stm32f4xx-hal v0.22.1 (*)
         └── stm32f4xx-hal v0.22.1 (*)
   ├ nb v1.1.0
     ├── embedded-hal-nb v1.0.0
     │   └── stm32f4xx-hal v0.22.1
     │       └── oasis-renode-m11 v0.1.0
     ├── fugit-timer v0.1.3
     │   └── stm32f4xx-hal v0.22.1 (*)
     ├── nb v0.1.3
     │   └── embedded-hal v0.2.7
     │       ├── cortex-m v0.7.7
     │       │   ├── oasis-renode-m11 v0.1.0 (*)
     │       │   ├── stm32f4-staging v0.16.1
     │       │   │   └── stm32f4xx-hal v0.22.1 (*)
     │       │   └── stm32f4xx-hal v0.22.1 (*)
     │       └── stm32f4xx-hal v0.22.1 (*)
     ├── oasis-renode-m11 v0.1.0 (*)
     └── stm32f4xx-hal v0.22.1 (*)

warning[duplicate]: found 2 duplicate entries for crate 'rand_core'
   ┌─ C:\dev\oasis\oasis-renode-m11/Cargo.lock:97:1
   │  
97 │ ╭ rand_core 0.6.4 registry+https://github.com/rust-lang/crates.io-index
98 │ │ rand_core 0.10.1 registry+https://github.com/rust-lang/crates.io-index
   │ ╰──────────────────────────────────────────────────────────────────────┘ lock entries
   │  
   ├ rand_core v0.6.4
     └── stm32f4xx-hal v0.22.1
         └── oasis-renode-m11 v0.1.0
   ├ rand_core v0.10.1
     ├── chacha20 v0.10.2
     │   └── rand v0.10.3
     │       ├── core-models v0.0.7
     │       │   ├── libcrux-intrinsics v0.0.8
     │       │   │   ├── libcrux-ml-dsa v0.0.10
     │       │   │   │   └── oasis-rt v0.3.0
     │       │   │   │       └── oasis-renode-m11 v0.1.0
     │       │   │   └── libcrux-sha3 v0.0.10
     │       │   │       └── libcrux-ml-dsa v0.0.10 (*)
     │       │   └── libcrux-ml-dsa v0.0.10 (*)
     │       └── libcrux-traits v0.0.8
     │           └── libcrux-sha3 v0.0.10 (*)
     ├── getrandom v0.4.3
     │   ├── rand v0.10.3 (*)
     │   └── uuid v1.27.0
     │       └── hax-lib-macros-types v0.3.7
     │           └── hax-lib-macros v0.3.7
     │               └── hax-lib v0.3.7
     │                   ├── core-models v0.0.7 (*)
     │                   ├── libcrux-intrinsics v0.0.8 (*)
     │                   ├── libcrux-ml-dsa v0.0.10 (*)
     │                   ├── libcrux-secrets v0.0.6
     │                   │   ├── libcrux-ml-dsa v0.0.10 (*)
     │                   │   └── libcrux-traits v0.0.8 (*)
     │                   └── libcrux-sha3 v0.0.10 (*)
     └── rand v0.10.3 (*)

warning[license-not-encountered]: license was not encountered
   ┌─ C:\dev\oasis\oasis-renode-m11\../deny.toml:32:6
   │
32 │     "Apache-2.0 WITH LLVM-exception",
   │      ━━━━━━━━━━━━━━━━━━━━━━━━━━━━━━ unmatched license allowance

warning[duplicate]: found 2 duplicate entries for crate 'shlex'
    ┌─ C:\dev\oasis\oasis-renode-m11/Cargo.lock:113:1
    │  
113 │ ╭ shlex 1.3.0 registry+https://github.com/rust-lang/crates.io-index
114 │ │ shlex 2.0.1 registry+https://github.com/rust-lang/crates.io-index
    │ ╰─────────────────────────────────────────────────────────────────┘ lock entries
    │  
    ├ shlex v1.3.0
      └── bindgen v0.72.1
          └── (build) crabgrind v0.2.6
              └── libcrux-secrets v0.0.6
                  ├── libcrux-ml-dsa v0.0.10
                  │   └── oasis-rt v0.3.0
                  │       └── oasis-renode-m11 v0.1.0
                  └── libcrux-traits v0.0.8
                      └── libcrux-sha3 v0.0.10
                          └── libcrux-ml-dsa v0.0.10 (*)
    ├ shlex v2.0.1
      └── cc v1.6.0
          └── (build) crabgrind v0.2.6
              └── libcrux-secrets v0.0.6
                  ├── libcrux-ml-dsa v0.0.10
                  │   └── oasis-rt v0.3.0
                  │       └── oasis-renode-m11 v0.1.0
                  └── libcrux-traits v0.0.8
                      └── libcrux-sha3 v0.0.10
                          └── libcrux-ml-dsa v0.0.10 (*)

warning[duplicate]: found 2 duplicate entries for crate 'syn'
    ┌─ C:\dev\oasis\oasis-renode-m11/Cargo.lock:120:1
    │  
120 │ ╭ syn 1.0.109 registry+https://github.com/rust-lang/crates.io-index
121 │ │ syn 2.0.117 registry+https://github.com/rust-lang/crates.io-index
    │ ╰─────────────────────────────────────────────────────────────────┘ lock entries
    │  
    ├ syn v1.0.109
      └── svgbobdoc v0.3.0
          └── rlsf v0.2.2
              └── embedded-alloc v0.6.0
                  └── oasis-renode-m11 v0.1.0
    ├ syn v2.0.117
      ├── bindgen v0.72.1
      │   └── (build) crabgrind v0.2.6
      │       └── libcrux-secrets v0.0.6
      │           ├── libcrux-ml-dsa v0.0.10
      │           │   └── oasis-rt v0.3.0
      │           │       └── oasis-renode-m11 v0.1.0
      │           └── libcrux-traits v0.0.8
      │               └── libcrux-sha3 v0.0.10
      │                   └── libcrux-ml-dsa v0.0.10 (*)
      ├── cortex-m-rt-macros v0.7.5
      │   └── cortex-m-rt v0.7.5
      │       ├── oasis-renode-m11 v0.1.0 (*)
      │       ├── stm32f4-staging v0.16.1
      │       │   └── stm32f4xx-hal v0.22.1
      │       │       └── oasis-renode-m11 v0.1.0 (*)
      │       └── stm32f4xx-hal v0.22.1 (*)
      ├── enumflags2_derive v0.7.12
      │   └── enumflags2 v0.7.12
      │       └── stm32f4xx-hal v0.22.1 (*)
      ├── hax-lib-macros v0.3.7
      │   └── hax-lib v0.3.7
      │       ├── core-models v0.0.7
      │       │   ├── libcrux-intrinsics v0.0.8
      │       │   │   ├── libcrux-ml-dsa v0.0.10 (*)
      │       │   │   └── libcrux-sha3 v0.0.10 (*)
      │       │   └── libcrux-ml-dsa v0.0.10 (*)
      │       ├── libcrux-intrinsics v0.0.8 (*)
      │       ├── libcrux-ml-dsa v0.0.10 (*)
      │       ├── libcrux-secrets v0.0.6 (*)
      │       └── libcrux-sha3 v0.0.10 (*)
      ├── libcrux-macros v0.0.3
      │   └── libcrux-ml-dsa v0.0.10 (*)
      ├── prettyplease v0.2.37
      │   └── bindgen v0.72.1 (*)
      ├── proc-macro-error2 v2.0.1
      │   └── hax-lib-macros v0.3.7 (*)
      └── serde_derive v1.0.228
          └── serde v1.0.228
              ├── hax-lib-macros-types v0.3.7
              │   └── hax-lib-macros v0.3.7 (*)
              └── oasis-rt v0.3.0 (*)

warning[advisory-not-detected]: advisory was not encountered
   ┌─ C:\dev\oasis\oasis-renode-m11\../deny.toml:22:13
   │
22 │     { id = "RUSTSEC-2024-0436", reason = "unmaintained build-time proc-macro paste via rp2040-hal/embassy-rp PIO crates; no vulnerability" },
   │             ━━━━━━━━━━━━━━━━━             ─────────────────────────────────────────────────────────────────────────────────────────────── ignore reason
   │             │                              
   │             no crate matched advisory criteria

advisories ok, bans ok, licenses ok, sources ok
cargo deny exit 0
