OASIS|C|UART|RXF|n=1,len=296,ctr=1,seq=Jo*|mesh|1a9b461
OASIS|C|UART|ARRIVED|msg_id=2784286314512981598,hops=0,sig=verified,forward=true|mesh|1a9b461
OASIS|C|UART|FRAG_RX|origin=bb,idx=0,count=14,outcome=incomplete|mesh|1a9b461
OASIS|C|UART|RXF|n=2,len=296,ctr=2,seq=???|mesh|1a9b461
OASIS|C|UART|ARRIVED|msg_id=13670383537251629356,hops=0,sig=verified,forward=true|mesh|1a9b461
OASIS|C|UART|FRAG_RX|origin=bb,idx=1,count=14,outcome=incomplete|mesh|1a9b461
OASIS|C|UART|RXF|n=3,len=296,ctr=3,seq=???|mesh|1a9b461
OASIS|C|UART|ARRIVED|msg_id=2402004484464236450,hops=0,sig=verified,forward=true|mesh|1a9b461
OASIS|C|UART|FRAG_RX|origin=bb,idx=2,count=14,outcome=incomplete|mesh|1a9b461
OASIS|C|UART|RXF|n=4,len=296,ctr=4,seq=??I|mesh|1a9b461
OASIS|C|UART|ARRIVED|msg_id=9158936005214813961,hops=0,sig=verified,forward=true|mesh|1a9b461
OASIS|C|UART|FRAG_RX|origin=bb,idx=3,count=14,outcome=incomplete|mesh|1a9b461
OASIS|C|UART|RXF|n=5,len=296,ctr=5,seq=?s?|mesh|1a9b461
OASIS|C|UART|ARRIVED|msg_id=16541454982711516711,hops=0,sig=verified,forward=true|mesh|1a9b461
OASIS|C|UART|FRAG_RX|origin=bb,idx=4,count=14,outcome=incomplete|mesh|1a9b461
OASIS|C|UART|RXF|n=6,len=296,ctr=6,seq=c?Z|mesh|1a9b461
OASIS|C|UART|ARRIVED|msg_id=3677681513438904460,hops=0,sig=verified,forward=true|mesh|1a9b461
OASIS|C|UART|FRAG_RX|origin=bb,idx=5,count=14,outcome=incomplete|mesh|1a9b461
OASIS|C|UART|RXF|n=7,len=296,ctr=7,seq=?,<|mesh|1a9b461
OASIS|C|UART|ARRIVED|msg_id=10343754149650566081,hops=0,sig=verified,forward=true|mesh|1a9b461
OASIS|C|UART|FRAG_RX|origin=bb,idx=6,count=14,outcome=incomplete|mesh|1a9b461
OASIS|C|UART|RXF|n=8,len=296,ctr=8,seq=?Y?|mesh|1a9b461
OASIS|C|UART|ARRIVED|msg_id=10050475246124891155,hops=0,sig=verified,forward=true|mesh|1a9b461
OASIS|C|UART|FRAG_RX|origin=bb,idx=7,count=14,outcome=incomplete|mesh|1a9b461
OASIS|C|UART|RXF|n=9,len=296,ctr=9,seq=?l?|mesh|1a9b461
OASIS|C|UART|ARRIVED|msg_id=16896831101864138739,hops=0,sig=verified,forward=true|mesh|1a9b461
OASIS|C|UART|FRAG_RX|origin=bb,idx=8,count=14,outcome=incomplete|mesh|1a9b461
OASIS|C|UART|RXF|n=10,len=296,ctr=10,seq=bp?|mesh|1a9b461
OASIS|C|UART|ARRIVED|msg_id=2783867595279008766,hops=0,sig=verified,forward=true|mesh|1a9b461
OASIS|C|UART|FRAG_RX|origin=bb,idx=9,count=14,outcome=incomplete|mesh|1a9b461
OASIS|C|UART|RXF|n=11,len=296,ctr=11,seq=?J?|mesh|1a9b461
OASIS|C|UART|ARRIVED|msg_id=17853791038640300840,hops=0,sig=verified,forward=true|mesh|1a9b461
OASIS|C|UART|FRAG_RX|origin=bb,idx=10,count=14,outcome=incomplete|mesh|1a9b461
OASIS|C|UART|RXF|n=12,len=296,ctr=12,seq=???|mesh|1a9b461
OASIS|C|UART|ARRIVED|msg_id=13363681876464067188,hops=0,sig=verified,forward=true|mesh|1a9b461
OASIS|C|UART|FRAG_RX|origin=bb,idx=11,count=14,outcome=incomplete|mesh|1a9b461
OASIS|C|UART|RXF|n=13,len=296,ctr=13,seq=?*X|mesh|1a9b461
OASIS|C|UART|ARRIVED|msg_id=9115673001409779617,hops=0,sig=verified,forward=true|mesh|1a9b461
OASIS|C|UART|FRAG_RX|origin=bb,idx=12,count=14,outcome=incomplete|mesh|1a9b461
OASIS|C|UART|RXF|n=14,len=288,ctr=14,seq=?0>|mesh|1a9b461
OASIS|C|UART|ARRIVED|msg_id=15199643937120481801,hops=0,sig=verified,forward=true|mesh|1a9b461
OASIS|C|UART|FRAG_RX|origin=bb,idx=13,count=14,outcome=complete|mesh|1a9b461
OASIS|C|UART|AUTH|kind=1,suite=3,len=2526,decision=Revocation(Applied),verify_us=381652,stack=49244,forward=true|mesh|1a9b461
OASIS|C|UART|REV|source=OAU1,epoch=1,revoked=1|mesh|1a9b461
OASIS|C|UART|FRAG_TX|idx=0,count=14,counter=1,len=296,tampered=false|mesh|1a9b461
OASIS|C|UART|FRAG_TX|idx=1,count=14,counter=2,len=296,tampered=false|mesh|1a9b461
OASIS|C|UART|FRAG_TX|idx=2,count=14,counter=3,len=296,tampered=false|mesh|1a9b461
OASIS|C|UART|FRAG_TX|idx=3,count=14,counter=4,len=296,tampered=false|mesh|1a9b461
OASIS|C|UART|FRAG_TX|idx=4,count=14,counter=5,len=296,tampered=false|mesh|1a9b461
OASIS|C|UART|FRAG_TX|idx=5,count=14,counter=6,len=296,tampered=false|mesh|1a9b461
OASIS|C|UART|FRAG_TX|idx=6,count=14,counter=7,len=296,tampered=false|mesh|1a9b461
OASIS|C|UART|FRAG_TX|idx=7,count=14,counter=8,len=296,tampered=false|mesh|1a9b461
OASIS|C|UART|FRAG_TX|idx=8,count=14,counter=9,len=296,tampered=false|mesh|1a9b461
OASIS|C|UART|FRAG_TX|idx=9,count=14,counter=10,len=296,tampered=false|mesh|1a9b461
OASIS|C|UART|FRAG_TX|idx=10,count=14,counter=11,len=296,tampered=false|mesh|1a9b461
OASIS|C|UART|FRAG_TX|idx=11,count=14,counter=12,len=296,tampered=false|mesh|1a9b461
OASIS|C|UART|FRAG_TX|idx=12,count=14,counter=13,len=296,tampered=false|mesh|1a9b461
OASIS|C|UART|FRAG_TX|idx=13,count=14,counter=14,len=288,tampered=false|mesh|1a9b461
