OASIS|B|UART|RXF|n=1,len=296,ctr=1,seq=Jo*|mesh|1a9b461
OASIS|B|UART|ARRIVED|msg_id=10830354352046574055,hops=0,sig=verified,forward=true|mesh|1a9b461
OASIS|B|UART|FRAG_RX|origin=aa,idx=0,count=14,outcome=incomplete|mesh|1a9b461
OASIS|B|UART|RXF|n=2,len=296,ctr=2,seq=???|mesh|1a9b461
OASIS|B|UART|ARRIVED|msg_id=14412014626722181781,hops=0,sig=verified,forward=true|mesh|1a9b461
OASIS|B|UART|FRAG_RX|origin=aa,idx=1,count=14,outcome=incomplete|mesh|1a9b461
OASIS|B|UART|RXF|n=3,len=296,ctr=3,seq=???|mesh|1a9b461
OASIS|B|UART|ARRIVED|msg_id=7902865436793682859,hops=0,sig=verified,forward=true|mesh|1a9b461
OASIS|B|UART|FRAG_RX|origin=aa,idx=2,count=14,outcome=incomplete|mesh|1a9b461
OASIS|B|UART|RXF|n=4,len=296,ctr=4,seq=??I|mesh|1a9b461
OASIS|B|UART|ARRIVED|msg_id=5039751254184596848,hops=0,sig=verified,forward=true|mesh|1a9b461
OASIS|B|UART|FRAG_RX|origin=aa,idx=3,count=14,outcome=incomplete|mesh|1a9b461
OASIS|B|UART|RXF|n=5,len=296,ctr=5,seq=?s?|mesh|1a9b461
OASIS|B|UART|ARRIVED|msg_id=1087588609308688253,hops=0,sig=verified,forward=true|mesh|1a9b461
OASIS|B|UART|FRAG_RX|origin=aa,idx=4,count=14,outcome=incomplete|mesh|1a9b461
OASIS|B|UART|RXF|n=6,len=296,ctr=6,seq=c?Z|mesh|1a9b461
OASIS|B|UART|ARRIVED|msg_id=14108804419468085468,hops=0,sig=verified,forward=true|mesh|1a9b461
OASIS|B|UART|FRAG_RX|origin=aa,idx=5,count=14,outcome=incomplete|mesh|1a9b461
OASIS|B|UART|RXF|n=7,len=296,ctr=7,seq=?,<|mesh|1a9b461
OASIS|B|UART|ARRIVED|msg_id=7200593085072127395,hops=0,sig=verified,forward=true|mesh|1a9b461
OASIS|B|UART|FRAG_RX|origin=aa,idx=6,count=14,outcome=incomplete|mesh|1a9b461
OASIS|B|UART|RXF|n=8,len=296,ctr=8,seq=?Y?|mesh|1a9b461
OASIS|B|UART|ARRIVED|msg_id=143852560591848987,hops=0,sig=verified,forward=true|mesh|1a9b461
OASIS|B|UART|FRAG_RX|origin=aa,idx=7,count=14,outcome=incomplete|mesh|1a9b461
OASIS|B|UART|RXF|n=9,len=296,ctr=9,seq=?l?|mesh|1a9b461
OASIS|B|UART|ARRIVED|msg_id=15377187962067240617,hops=0,sig=verified,forward=true|mesh|1a9b461
OASIS|B|UART|FRAG_RX|origin=aa,idx=8,count=14,outcome=incomplete|mesh|1a9b461
OASIS|B|UART|RXF|n=10,len=296,ctr=10,seq=bp?|mesh|1a9b461
OASIS|B|UART|ARRIVED|msg_id=11890241538485352009,hops=0,sig=verified,forward=true|mesh|1a9b461
OASIS|B|UART|FRAG_RX|origin=aa,idx=9,count=14,outcome=incomplete|mesh|1a9b461
OASIS|B|UART|RXF|n=11,len=296,ctr=11,seq=?J?|mesh|1a9b461
OASIS|B|UART|ARRIVED|msg_id=14325532841090058158,hops=0,sig=verified,forward=true|mesh|1a9b461
OASIS|B|UART|FRAG_RX|origin=aa,idx=10,count=14,outcome=incomplete|mesh|1a9b461
OASIS|B|UART|RXF|n=12,len=296,ctr=12,seq=???|mesh|1a9b461
OASIS|B|UART|ARRIVED|msg_id=5546762585012634182,hops=0,sig=verified,forward=true|mesh|1a9b461
OASIS|B|UART|FRAG_RX|origin=aa,idx=11,count=14,outcome=incomplete|mesh|1a9b461
OASIS|B|UART|RXF|n=13,len=296,ctr=13,seq=?*X|mesh|1a9b461
OASIS|B|UART|ARRIVED|msg_id=12108334277997147332,hops=0,sig=verified,forward=true|mesh|1a9b461
OASIS|B|UART|FRAG_RX|origin=aa,idx=12,count=14,outcome=incomplete|mesh|1a9b461
OASIS|B|UART|RXF|n=14,len=288,ctr=14,seq=?0>|mesh|1a9b461
OASIS|B|UART|ARRIVED|msg_id=15246236985738775290,hops=0,sig=verified,forward=true|mesh|1a9b461
OASIS|B|UART|FRAG_RX|origin=aa,idx=13,count=14,outcome=complete|mesh|1a9b461
OASIS|B|UART|AUTH|kind=1,suite=3,len=2526,decision=Revocation(Applied),verify_us=383265,stack=49244,forward=true|mesh|1a9b461
OASIS|B|UART|REV|source=OAU1,epoch=1,revoked=1|mesh|1a9b461
OASIS|B|UART|FRAG_TX|idx=0,count=14,counter=1,len=296,tampered=false|mesh|1a9b461
OASIS|B|UART|FRAG_TX|idx=1,count=14,counter=2,len=296,tampered=false|mesh|1a9b461
OASIS|B|UART|FRAG_TX|idx=2,count=14,counter=3,len=296,tampered=false|mesh|1a9b461
OASIS|B|UART|FRAG_TX|idx=3,count=14,counter=4,len=296,tampered=false|mesh|1a9b461
OASIS|B|UART|FRAG_TX|idx=4,count=14,counter=5,len=296,tampered=false|mesh|1a9b461
OASIS|B|UART|FRAG_TX|idx=5,count=14,counter=6,len=296,tampered=false|mesh|1a9b461
OASIS|B|UART|FRAG_TX|idx=6,count=14,counter=7,len=296,tampered=false|mesh|1a9b461
OASIS|B|UART|FRAG_TX|idx=7,count=14,counter=8,len=296,tampered=false|mesh|1a9b461
OASIS|B|UART|FRAG_TX|idx=8,count=14,counter=9,len=296,tampered=false|mesh|1a9b461
OASIS|B|UART|FRAG_TX|idx=9,count=14,counter=10,len=296,tampered=false|mesh|1a9b461
OASIS|B|UART|FRAG_TX|idx=10,count=14,counter=11,len=296,tampered=false|mesh|1a9b461
OASIS|B|UART|FRAG_TX|idx=11,count=14,counter=12,len=296,tampered=false|mesh|1a9b461
OASIS|B|UART|FRAG_TX|idx=12,count=14,counter=13,len=296,tampered=false|mesh|1a9b461
OASIS|B|UART|FRAG_TX|idx=13,count=14,counter=14,len=288,tampered=false|mesh|1a9b461
