OASIS|B|UART|RXF|n=15,len=296,ctr=15,seq=??H|mesh|1a9b461
OASIS|B|UART|ARRIVED|msg_id=12212473801541264059,hops=0,sig=verified,forward=true|mesh|1a9b461
OASIS|B|UART|FRAG_RX|origin=aa,idx=0,count=14,outcome=incomplete|mesh|1a9b461
OASIS|B|UART|RXF|n=16,len=296,ctr=16,seq=G?M|mesh|1a9b461
OASIS|B|UART|ARRIVED|msg_id=12556358947206808041,hops=0,sig=verified,forward=true|mesh|1a9b461
OASIS|B|UART|FRAG_RX|origin=aa,idx=1,count=14,outcome=incomplete|mesh|1a9b461
OASIS|B|UART|RXF|n=17,len=296,ctr=17,seq=?=>|mesh|1a9b461
OASIS|B|UART|ARRIVED|msg_id=13116822601994516283,hops=0,sig=verified,forward=true|mesh|1a9b461
OASIS|B|UART|FRAG_RX|origin=aa,idx=2,count=14,outcome=incomplete|mesh|1a9b461
OASIS|B|UART|RXF|n=18,len=296,ctr=18,seq=??P|mesh|1a9b461
OASIS|B|UART|ARRIVED|msg_id=8984615513735662728,hops=0,sig=verified,forward=true|mesh|1a9b461
OASIS|B|UART|FRAG_RX|origin=aa,idx=3,count=14,outcome=incomplete|mesh|1a9b461
OASIS|B|UART|RXF|n=19,len=296,ctr=19,seq=??3|mesh|1a9b461
OASIS|B|UART|ARRIVED|msg_id=17781971921819672152,hops=0,sig=verified,forward=true|mesh|1a9b461
OASIS|B|UART|FRAG_RX|origin=aa,idx=4,count=14,outcome=incomplete|mesh|1a9b461
OASIS|B|UART|RXF|n=20,len=296,ctr=20,seq=?!?|mesh|1a9b461
OASIS|B|UART|ARRIVED|msg_id=18180453846146022952,hops=0,sig=verified,forward=true|mesh|1a9b461
OASIS|B|UART|FRAG_RX|origin=aa,idx=5,count=14,outcome=incomplete|mesh|1a9b461
OASIS|B|UART|RXF|n=21,len=296,ctr=21,seq=??$|mesh|1a9b461
OASIS|B|UART|ARRIVED|msg_id=4679665054055728280,hops=0,sig=verified,forward=true|mesh|1a9b461
OASIS|B|UART|FRAG_RX|origin=aa,idx=6,count=14,outcome=incomplete|mesh|1a9b461
OASIS|B|UART|RXF|n=22,len=296,ctr=22,seq=??W|mesh|1a9b461
OASIS|B|UART|ARRIVED|msg_id=12912052492091266090,hops=0,sig=verified,forward=true|mesh|1a9b461
OASIS|B|UART|FRAG_RX|origin=aa,idx=7,count=14,outcome=incomplete|mesh|1a9b461
OASIS|B|UART|RXF|n=23,len=296,ctr=23,seq=??N|mesh|1a9b461
OASIS|B|UART|ARRIVED|msg_id=16967753078865110043,hops=0,sig=verified,forward=true|mesh|1a9b461
OASIS|B|UART|FRAG_RX|origin=aa,idx=8,count=14,outcome=incomplete|mesh|1a9b461
OASIS|B|UART|RXF|n=24,len=296,ctr=24,seq=@??|mesh|1a9b461
OASIS|B|UART|ARRIVED|msg_id=18411656675279547978,hops=0,sig=verified,forward=true|mesh|1a9b461
OASIS|B|UART|FRAG_RX|origin=aa,idx=9,count=14,outcome=incomplete|mesh|1a9b461
OASIS|B|UART|RXF|n=25,len=296,ctr=25,seq=???|mesh|1a9b461
OASIS|B|UART|ARRIVED|msg_id=16396676536370726482,hops=0,sig=verified,forward=true|mesh|1a9b461
OASIS|B|UART|FRAG_RX|origin=aa,idx=10,count=14,outcome=incomplete|mesh|1a9b461
OASIS|B|UART|RXF|n=26,len=296,ctr=26,seq=??J|mesh|1a9b461
OASIS|B|UART|ARRIVED|msg_id=3761634799846936499,hops=0,sig=verified,forward=true|mesh|1a9b461
OASIS|B|UART|FRAG_RX|origin=aa,idx=11,count=14,outcome=incomplete|mesh|1a9b461
OASIS|B|UART|RXF|n=27,len=296,ctr=27,seq=??c|mesh|1a9b461
OASIS|B|UART|ARRIVED|msg_id=155622408244218985,hops=0,sig=verified,forward=true|mesh|1a9b461
OASIS|B|UART|FRAG_RX|origin=aa,idx=12,count=14,outcome=incomplete|mesh|1a9b461
OASIS|B|UART|RXF|n=28,len=296,ctr=28,seq=?/;|mesh|1a9b461
OASIS|B|UART|ARRIVED|msg_id=3262128911371792651,hops=0,sig=verified,forward=true|mesh|1a9b461
OASIS|B|UART|FRAG_RX|origin=aa,idx=13,count=14,outcome=rejected_hash_mismatch|mesh|1a9b461
