OASIS|B|UART|RXF|n=29,len=296,ctr=29,seq=??H|mesh|1a9b461
OASIS|B|UART|ARRIVED|msg_id=6943487926718311324,hops=0,sig=verified,forward=true|mesh|1a9b461
OASIS|B|UART|FRAG_RX|origin=aa,idx=0,count=14,outcome=incomplete|mesh|1a9b461
OASIS|B|UART|RXF|n=30,len=296,ctr=30,seq=G?M|mesh|1a9b461
OASIS|B|UART|ARRIVED|msg_id=5107263019849788219,hops=0,sig=verified,forward=true|mesh|1a9b461
OASIS|B|UART|FRAG_RX|origin=aa,idx=1,count=14,outcome=incomplete|mesh|1a9b461
OASIS|B|UART|RXF|n=31,len=296,ctr=31,seq=?=>|mesh|1a9b461
OASIS|B|UART|ARRIVED|msg_id=6740563566773882414,hops=0,sig=verified,forward=true|mesh|1a9b461
OASIS|B|UART|FRAG_RX|origin=aa,idx=2,count=14,outcome=incomplete|mesh|1a9b461
OASIS|B|UART|RXF|n=32,len=296,ctr=32,seq=??P|mesh|1a9b461
OASIS|B|UART|ARRIVED|msg_id=8119602738738956077,hops=0,sig=verified,forward=true|mesh|1a9b461
OASIS|B|UART|FRAG_RX|origin=aa,idx=3,count=14,outcome=incomplete|mesh|1a9b461
OASIS|B|UART|RXF|n=33,len=296,ctr=33,seq=??3|mesh|1a9b461
OASIS|B|UART|ARRIVED|msg_id=4722865068041452206,hops=0,sig=verified,forward=true|mesh|1a9b461
OASIS|B|UART|FRAG_RX|origin=aa,idx=4,count=14,outcome=incomplete|mesh|1a9b461
OASIS|B|UART|RXF|n=34,len=296,ctr=34,seq=?!?|mesh|1a9b461
OASIS|B|UART|ARRIVED|msg_id=2422648243974275906,hops=0,sig=verified,forward=true|mesh|1a9b461
OASIS|B|UART|FRAG_RX|origin=aa,idx=5,count=14,outcome=incomplete|mesh|1a9b461
OASIS|B|UART|RXF|n=35,len=296,ctr=35,seq=??$|mesh|1a9b461
OASIS|B|UART|ARRIVED|msg_id=3334526598488765993,hops=0,sig=verified,forward=true|mesh|1a9b461
OASIS|B|UART|FRAG_RX|origin=aa,idx=6,count=14,outcome=incomplete|mesh|1a9b461
OASIS|B|UART|RXF|n=36,len=296,ctr=36,seq=??W|mesh|1a9b461
OASIS|B|UART|ARRIVED|msg_id=9502601316873241558,hops=0,sig=verified,forward=true|mesh|1a9b461
OASIS|B|UART|FRAG_RX|origin=aa,idx=7,count=14,outcome=incomplete|mesh|1a9b461
OASIS|B|UART|RXF|n=37,len=296,ctr=37,seq=??N|mesh|1a9b461
OASIS|B|UART|ARRIVED|msg_id=11879873388079493258,hops=0,sig=verified,forward=true|mesh|1a9b461
OASIS|B|UART|FRAG_RX|origin=aa,idx=8,count=14,outcome=incomplete|mesh|1a9b461
OASIS|B|UART|RXF|n=38,len=296,ctr=38,seq=@??|mesh|1a9b461
OASIS|B|UART|ARRIVED|msg_id=6954204839821557180,hops=0,sig=verified,forward=true|mesh|1a9b461
OASIS|B|UART|FRAG_RX|origin=aa,idx=9,count=14,outcome=incomplete|mesh|1a9b461
OASIS|B|UART|RXF|n=39,len=296,ctr=39,seq=???|mesh|1a9b461
OASIS|B|UART|ARRIVED|msg_id=702737273122074388,hops=0,sig=verified,forward=true|mesh|1a9b461
OASIS|B|UART|FRAG_RX|origin=aa,idx=10,count=14,outcome=incomplete|mesh|1a9b461
OASIS|B|UART|RXF|n=40,len=296,ctr=40,seq=??J|mesh|1a9b461
OASIS|B|UART|ARRIVED|msg_id=811158846984025268,hops=0,sig=verified,forward=true|mesh|1a9b461
OASIS|B|UART|FRAG_RX|origin=aa,idx=11,count=14,outcome=incomplete|mesh|1a9b461
OASIS|B|UART|RXF|n=41,len=296,ctr=41,seq=??c|mesh|1a9b461
OASIS|B|UART|ARRIVED|msg_id=16337650994969562793,hops=0,sig=verified,forward=true|mesh|1a9b461
OASIS|B|UART|FRAG_RX|origin=aa,idx=12,count=14,outcome=incomplete|mesh|1a9b461
OASIS|B|UART|RXF|n=42,len=296,ctr=42,seq=?/;|mesh|1a9b461
OASIS|B|UART|ARRIVED|msg_id=8842227338901818670,hops=0,sig=verified,forward=true|mesh|1a9b461
OASIS|B|UART|FRAG_RX|origin=aa,idx=13,count=14,outcome=complete|mesh|1a9b461
OASIS|B|UART|AUTH|kind=1,suite=3,len=2534,decision=Rejected(BadSignature),verify_us=203348,stack=49244,forward=false|mesh|1a9b461
