OASIS|B|UART|RXF|n=44,len=294,ctr=44,seq=???|mesh|1a9b461
OASIS|B|UART|ARRIVED|msg_id=14144305799199751259,hops=0,sig=verified,forward=true|mesh|1a9b461
OASIS|B|UART|FRAG_RX|origin=aa,idx=0,count=14,outcome=incomplete|mesh|1a9b461
OASIS|B|UART|RXF|n=45,len=294,ctr=45,seq=B?@|mesh|1a9b461
OASIS|B|UART|ARRIVED|msg_id=18108150177880670492,hops=0,sig=verified,forward=true|mesh|1a9b461
OASIS|B|UART|FRAG_RX|origin=aa,idx=1,count=14,outcome=incomplete|mesh|1a9b461
OASIS|B|UART|RXF|n=46,len=294,ctr=46,seq=??!|mesh|1a9b461
OASIS|B|UART|ARRIVED|msg_id=2201953706330999356,hops=0,sig=verified,forward=true|mesh|1a9b461
OASIS|B|UART|FRAG_RX|origin=aa,idx=2,count=14,outcome=incomplete|mesh|1a9b461
OASIS|B|UART|RXF|n=47,len=294,ctr=47,seq=??I|mesh|1a9b461
OASIS|B|UART|ARRIVED|msg_id=17068053885306703225,hops=0,sig=verified,forward=true|mesh|1a9b461
OASIS|B|UART|FRAG_RX|origin=aa,idx=3,count=14,outcome=incomplete|mesh|1a9b461
OASIS|B|UART|RXF|n=48,len=294,ctr=48,seq=8|?|mesh|1a9b461
OASIS|B|UART|ARRIVED|msg_id=1199123308789459823,hops=0,sig=verified,forward=true|mesh|1a9b461
OASIS|B|UART|FRAG_RX|origin=aa,idx=4,count=14,outcome=incomplete|mesh|1a9b461
OASIS|B|UART|RXF|n=49,len=294,ctr=49,seq=???|mesh|1a9b461
OASIS|B|UART|ARRIVED|msg_id=9498518673937700405,hops=0,sig=verified,forward=true|mesh|1a9b461
OASIS|B|UART|FRAG_RX|origin=aa,idx=5,count=14,outcome=incomplete|mesh|1a9b461
OASIS|B|UART|RXF|n=50,len=294,ctr=50,seq=???|mesh|1a9b461
OASIS|B|UART|ARRIVED|msg_id=17212787412511771836,hops=0,sig=verified,forward=true|mesh|1a9b461
OASIS|B|UART|FRAG_RX|origin=aa,idx=6,count=14,outcome=incomplete|mesh|1a9b461
OASIS|B|UART|RXF|n=51,len=294,ctr=51,seq=Z??|mesh|1a9b461
OASIS|B|UART|ARRIVED|msg_id=8875082387812847171,hops=0,sig=verified,forward=true|mesh|1a9b461
OASIS|B|UART|FRAG_RX|origin=aa,idx=7,count=14,outcome=incomplete|mesh|1a9b461
OASIS|B|UART|RXF|n=52,len=294,ctr=52,seq=?=R|mesh|1a9b461
OASIS|B|UART|ARRIVED|msg_id=18233883358300200993,hops=0,sig=verified,forward=true|mesh|1a9b461
OASIS|B|UART|FRAG_RX|origin=aa,idx=8,count=14,outcome=incomplete|mesh|1a9b461
OASIS|B|UART|RXF|n=53,len=294,ctr=53,seq=???|mesh|1a9b461
OASIS|B|UART|ARRIVED|msg_id=17845107757680721569,hops=0,sig=verified,forward=true|mesh|1a9b461
OASIS|B|UART|FRAG_RX|origin=aa,idx=9,count=14,outcome=incomplete|mesh|1a9b461
OASIS|B|UART|RXF|n=54,len=294,ctr=54,seq=??T|mesh|1a9b461
OASIS|B|UART|ARRIVED|msg_id=17025221226227132817,hops=0,sig=verified,forward=true|mesh|1a9b461
OASIS|B|UART|FRAG_RX|origin=aa,idx=10,count=14,outcome=incomplete|mesh|1a9b461
OASIS|B|UART|RXF|n=55,len=294,ctr=55,seq=S??|mesh|1a9b461
OASIS|B|UART|ARRIVED|msg_id=6117345770967734242,hops=0,sig=verified,forward=true|mesh|1a9b461
OASIS|B|UART|FRAG_RX|origin=aa,idx=11,count=14,outcome=incomplete|mesh|1a9b461
OASIS|B|UART|RXF|n=56,len=294,ctr=56,seq=???|mesh|1a9b461
OASIS|B|UART|ARRIVED|msg_id=9442390614647176811,hops=0,sig=verified,forward=true|mesh|1a9b461
OASIS|B|UART|FRAG_RX|origin=aa,idx=12,count=14,outcome=incomplete|mesh|1a9b461
OASIS|B|UART|RXF|n=57,len=290,ctr=57,seq=?#8|mesh|1a9b461
OASIS|B|UART|ARRIVED|msg_id=284644713392272474,hops=0,sig=verified,forward=true|mesh|1a9b461
OASIS|B|UART|FRAG_RX|origin=aa,idx=13,count=14,outcome=complete|mesh|1a9b461
OASIS|B|UART|AUTH|kind=5,suite=3,len=2502,decision=Policy { changed: true, persisted: true },verify_us=381537,stack=49244,forward=true|mesh|1a9b461
OASIS|B|UART|FRAG_TX|idx=0,count=14,counter=15,len=294,tampered=false|mesh|1a9b461
OASIS|B|UART|FRAG_TX|idx=1,count=14,counter=16,len=294,tampered=false|mesh|1a9b461
OASIS|B|UART|FRAG_TX|idx=2,count=14,counter=17,len=294,tampered=false|mesh|1a9b461
OASIS|B|UART|FRAG_TX|idx=3,count=14,counter=18,len=294,tampered=false|mesh|1a9b461
OASIS|B|UART|FRAG_TX|idx=4,count=14,counter=19,len=294,tampered=false|mesh|1a9b461
OASIS|B|UART|FRAG_TX|idx=5,count=14,counter=20,len=294,tampered=false|mesh|1a9b461
OASIS|B|UART|FRAG_TX|idx=6,count=14,counter=21,len=294,tampered=false|mesh|1a9b461
OASIS|B|UART|FRAG_TX|idx=7,count=14,counter=22,len=294,tampered=false|mesh|1a9b461
OASIS|B|UART|FRAG_TX|idx=8,count=14,counter=23,len=294,tampered=false|mesh|1a9b461
OASIS|B|UART|FRAG_TX|idx=9,count=14,counter=24,len=294,tampered=false|mesh|1a9b461
OASIS|B|UART|FRAG_TX|idx=10,count=14,counter=25,len=294,tampered=false|mesh|1a9b461
OASIS|B|UART|FRAG_TX|idx=11,count=14,counter=26,len=294,tampered=false|mesh|1a9b461
OASIS|B|UART|FRAG_TX|idx=12,count=14,counter=27,len=294,tampered=false|mesh|1a9b461
OASIS|B|UART|FRAG_TX|idx=13,count=14,counter=28,len=290,tampered=false|mesh|1a9b461
