OASIS|C|UART|RXF|n=16,len=294,ctr=15,seq=???|mesh|1a9b461
OASIS|C|UART|ARRIVED|msg_id=3043248642307474271,hops=0,sig=verified,forward=true|mesh|1a9b461
OASIS|C|UART|FRAG_RX|origin=bb,idx=0,count=14,outcome=incomplete|mesh|1a9b461
OASIS|C|UART|RXF|n=17,len=294,ctr=16,seq=B?@|mesh|1a9b461
OASIS|C|UART|ARRIVED|msg_id=11942759263874679872,hops=0,sig=verified,forward=true|mesh|1a9b461
OASIS|C|UART|FRAG_RX|origin=bb,idx=1,count=14,outcome=incomplete|mesh|1a9b461
OASIS|C|UART|RXF|n=18,len=294,ctr=17,seq=??!|mesh|1a9b461
OASIS|C|UART|ARRIVED|msg_id=63977680504631356,hops=0,sig=verified,forward=true|mesh|1a9b461
OASIS|C|UART|FRAG_RX|origin=bb,idx=2,count=14,outcome=incomplete|mesh|1a9b461
OASIS|C|UART|RXF|n=19,len=294,ctr=18,seq=??I|mesh|1a9b461
OASIS|C|UART|ARRIVED|msg_id=13174991231795972376,hops=0,sig=verified,forward=true|mesh|1a9b461
OASIS|C|UART|FRAG_RX|origin=bb,idx=3,count=14,outcome=incomplete|mesh|1a9b461
OASIS|C|UART|RXF|n=20,len=294,ctr=19,seq=8|?|mesh|1a9b461
OASIS|C|UART|ARRIVED|msg_id=5946041175576002873,hops=0,sig=verified,forward=true|mesh|1a9b461
OASIS|C|UART|FRAG_RX|origin=bb,idx=4,count=14,outcome=incomplete|mesh|1a9b461
OASIS|C|UART|RXF|n=21,len=294,ctr=20,seq=???|mesh|1a9b461
OASIS|C|UART|ARRIVED|msg_id=6516126337073011991,hops=0,sig=verified,forward=true|mesh|1a9b461
OASIS|C|UART|FRAG_RX|origin=bb,idx=5,count=14,outcome=incomplete|mesh|1a9b461
OASIS|C|UART|RXF|n=22,len=294,ctr=21,seq=???|mesh|1a9b461
OASIS|C|UART|ARRIVED|msg_id=9699584759302306489,hops=0,sig=verified,forward=true|mesh|1a9b461
OASIS|C|UART|FRAG_RX|origin=bb,idx=6,count=14,outcome=incomplete|mesh|1a9b461
OASIS|C|UART|RXF|n=23,len=294,ctr=22,seq=Z??|mesh|1a9b461
OASIS|C|UART|ARRIVED|msg_id=73525020022970438,hops=0,sig=verified,forward=true|mesh|1a9b461
OASIS|C|UART|FRAG_RX|origin=bb,idx=7,count=14,outcome=incomplete|mesh|1a9b461
OASIS|C|UART|RXF|n=24,len=294,ctr=23,seq=?=R|mesh|1a9b461
OASIS|C|UART|ARRIVED|msg_id=17480838535544088845,hops=0,sig=verified,forward=true|mesh|1a9b461
OASIS|C|UART|FRAG_RX|origin=bb,idx=8,count=14,outcome=incomplete|mesh|1a9b461
OASIS|C|UART|RXF|n=25,len=294,ctr=24,seq=???|mesh|1a9b461
OASIS|C|UART|ARRIVED|msg_id=11891121174866102912,hops=0,sig=verified,forward=true|mesh|1a9b461
OASIS|C|UART|FRAG_RX|origin=bb,idx=9,count=14,outcome=incomplete|mesh|1a9b461
OASIS|C|UART|RXF|n=26,len=294,ctr=25,seq=??T|mesh|1a9b461
OASIS|C|UART|ARRIVED|msg_id=9596793903365449781,hops=0,sig=verified,forward=true|mesh|1a9b461
OASIS|C|UART|FRAG_RX|origin=bb,idx=10,count=14,outcome=incomplete|mesh|1a9b461
OASIS|C|UART|RXF|n=27,len=294,ctr=26,seq=S??|mesh|1a9b461
OASIS|C|UART|ARRIVED|msg_id=11203484011671803821,hops=0,sig=verified,forward=true|mesh|1a9b461
OASIS|C|UART|FRAG_RX|origin=bb,idx=11,count=14,outcome=incomplete|mesh|1a9b461
OASIS|C|UART|RXF|n=28,len=294,ctr=27,seq=???|mesh|1a9b461
OASIS|C|UART|ARRIVED|msg_id=10224503541752784184,hops=0,sig=verified,forward=true|mesh|1a9b461
OASIS|C|UART|FRAG_RX|origin=bb,idx=12,count=14,outcome=incomplete|mesh|1a9b461
OASIS|C|UART|RXF|n=29,len=290,ctr=28,seq=?#8|mesh|1a9b461
OASIS|C|UART|ARRIVED|msg_id=14978051968353265498,hops=0,sig=verified,forward=true|mesh|1a9b461
OASIS|C|UART|FRAG_RX|origin=bb,idx=13,count=14,outcome=complete|mesh|1a9b461
OASIS|C|UART|AUTH|kind=5,suite=3,len=2502,decision=Policy { changed: true, persisted: true },verify_us=379907,stack=49244,forward=true|mesh|1a9b461
OASIS|C|UART|FRAG_TX|idx=0,count=14,counter=15,len=294,tampered=false|mesh|1a9b461
OASIS|C|UART|FRAG_TX|idx=1,count=14,counter=16,len=294,tampered=false|mesh|1a9b461
OASIS|C|UART|FRAG_TX|idx=2,count=14,counter=17,len=294,tampered=false|mesh|1a9b461
OASIS|C|UART|FRAG_TX|idx=3,count=14,counter=18,len=294,tampered=false|mesh|1a9b461
OASIS|C|UART|FRAG_TX|idx=4,count=14,counter=19,len=294,tampered=false|mesh|1a9b461
OASIS|C|UART|FRAG_TX|idx=5,count=14,counter=20,len=294,tampered=false|mesh|1a9b461
OASIS|C|UART|FRAG_TX|idx=6,count=14,counter=21,len=294,tampered=false|mesh|1a9b461
OASIS|C|UART|FRAG_TX|idx=7,count=14,counter=22,len=294,tampered=false|mesh|1a9b461
OASIS|C|UART|FRAG_TX|idx=8,count=14,counter=23,len=294,tampered=false|mesh|1a9b461
OASIS|C|UART|FRAG_TX|idx=9,count=14,counter=24,len=294,tampered=false|mesh|1a9b461
OASIS|C|UART|FRAG_TX|idx=10,count=14,counter=25,len=294,tampered=false|mesh|1a9b461
OASIS|C|UART|FRAG_TX|idx=11,count=14,counter=26,len=294,tampered=false|mesh|1a9b461
OASIS|C|UART|FRAG_TX|idx=12,count=14,counter=27,len=294,tampered=false|mesh|1a9b461
OASIS|C|UART|FRAG_TX|idx=13,count=14,counter=28,len=290,tampered=false|mesh|1a9b461
