OASIS|B|UART|RXF|n=60,len=297,ctr=60,seq==??|mesh|1a9b461
OASIS|B|UART|ARRIVED|msg_id=5707741115746046610,hops=0,sig=verified,forward=true|mesh|1a9b461
OASIS|B|UART|FRAG_RX|origin=aa,idx=0,count=14,outcome=incomplete|mesh|1a9b461
OASIS|B|UART|RXF|n=61,len=297,ctr=61,seq=?f?|mesh|1a9b461
OASIS|B|UART|ARRIVED|msg_id=3387046691827567597,hops=0,sig=verified,forward=true|mesh|1a9b461
OASIS|B|UART|FRAG_RX|origin=aa,idx=1,count=14,outcome=incomplete|mesh|1a9b461
OASIS|B|UART|RXF|n=62,len=297,ctr=62,seq=?A?|mesh|1a9b461
OASIS|B|UART|ARRIVED|msg_id=3797174884428137295,hops=0,sig=verified,forward=true|mesh|1a9b461
OASIS|B|UART|FRAG_RX|origin=aa,idx=2,count=14,outcome=incomplete|mesh|1a9b461
OASIS|B|UART|RXF|n=63,len=297,ctr=63,seq=p??|mesh|1a9b461
OASIS|B|UART|ARRIVED|msg_id=8074827198898657829,hops=0,sig=verified,forward=true|mesh|1a9b461
OASIS|B|UART|FRAG_RX|origin=aa,idx=3,count=14,outcome=incomplete|mesh|1a9b461
OASIS|B|UART|RXF|n=64,len=297,ctr=64,seq=yc?|mesh|1a9b461
OASIS|B|UART|ARRIVED|msg_id=12752245037614111189,hops=0,sig=verified,forward=true|mesh|1a9b461
OASIS|B|UART|FRAG_RX|origin=aa,idx=4,count=14,outcome=incomplete|mesh|1a9b461
OASIS|B|UART|RXF|n=65,len=297,ctr=65,seq=???|mesh|1a9b461
OASIS|B|UART|ARRIVED|msg_id=10578588182210820028,hops=0,sig=verified,forward=true|mesh|1a9b461
OASIS|B|UART|FRAG_RX|origin=aa,idx=5,count=14,outcome=incomplete|mesh|1a9b461
OASIS|B|UART|RXF|n=66,len=297,ctr=66,seq=m?1|mesh|1a9b461
OASIS|B|UART|ARRIVED|msg_id=14592445469820514671,hops=0,sig=verified,forward=true|mesh|1a9b461
OASIS|B|UART|FRAG_RX|origin=aa,idx=6,count=14,outcome=incomplete|mesh|1a9b461
OASIS|B|UART|RXF|n=67,len=297,ctr=67,seq=3?Q|mesh|1a9b461
OASIS|B|UART|ARRIVED|msg_id=10641108403885455078,hops=0,sig=verified,forward=true|mesh|1a9b461
OASIS|B|UART|FRAG_RX|origin=aa,idx=7,count=14,outcome=incomplete|mesh|1a9b461
OASIS|B|UART|RXF|n=68,len=297,ctr=68,seq=???|mesh|1a9b461
OASIS|B|UART|ARRIVED|msg_id=4162532944271156815,hops=0,sig=verified,forward=true|mesh|1a9b461
OASIS|B|UART|FRAG_RX|origin=aa,idx=8,count=14,outcome=incomplete|mesh|1a9b461
OASIS|B|UART|RXF|n=69,len=297,ctr=69,seq=??J|mesh|1a9b461
OASIS|B|UART|ARRIVED|msg_id=2635546963869571634,hops=0,sig=verified,forward=true|mesh|1a9b461
OASIS|B|UART|FRAG_RX|origin=aa,idx=9,count=14,outcome=incomplete|mesh|1a9b461
OASIS|B|UART|RXF|n=70,len=297,ctr=70,seq=??s|mesh|1a9b461
OASIS|B|UART|ARRIVED|msg_id=6948936610879811006,hops=0,sig=verified,forward=true|mesh|1a9b461
OASIS|B|UART|FRAG_RX|origin=aa,idx=10,count=14,outcome=incomplete|mesh|1a9b461
OASIS|B|UART|RXF|n=71,len=297,ctr=71,seq=?Q?|mesh|1a9b461
OASIS|B|UART|ARRIVED|msg_id=12671194930867283607,hops=0,sig=verified,forward=true|mesh|1a9b461
OASIS|B|UART|FRAG_RX|origin=aa,idx=11,count=14,outcome=incomplete|mesh|1a9b461
OASIS|B|UART|RXF|n=72,len=297,ctr=72,seq=M?f|mesh|1a9b461
OASIS|B|UART|ARRIVED|msg_id=16175657048173309431,hops=0,sig=verified,forward=true|mesh|1a9b461
OASIS|B|UART|FRAG_RX|origin=aa,idx=12,count=14,outcome=incomplete|mesh|1a9b461
OASIS|B|UART|RXF|n=73,len=291,ctr=73,seq=%4D|mesh|1a9b461
OASIS|B|UART|ARRIVED|msg_id=9062709991436021095,hops=0,sig=verified,forward=true|mesh|1a9b461
OASIS|B|UART|FRAG_RX|origin=aa,idx=13,count=14,outcome=complete|mesh|1a9b461
OASIS|B|UART|AUTH|kind=1,suite=3,len=2542,decision=Revocation(Applied),verify_us=382655,stack=49244,forward=true|mesh|1a9b461
OASIS|B|UART|REV|source=OAU1,epoch=3,revoked=3|mesh|1a9b461
OASIS|B|UART|FRAG_TX|idx=0,count=14,counter=29,len=297,tampered=false|mesh|1a9b461
OASIS|B|UART|FRAG_TX|idx=1,count=14,counter=30,len=297,tampered=false|mesh|1a9b461
OASIS|B|UART|FRAG_TX|idx=2,count=14,counter=31,len=297,tampered=false|mesh|1a9b461
OASIS|B|UART|FRAG_TX|idx=3,count=14,counter=32,len=297,tampered=false|mesh|1a9b461
OASIS|B|UART|FRAG_TX|idx=4,count=14,counter=33,len=297,tampered=false|mesh|1a9b461
OASIS|B|UART|FRAG_TX|idx=5,count=14,counter=34,len=297,tampered=false|mesh|1a9b461
OASIS|B|UART|FRAG_TX|idx=6,count=14,counter=35,len=297,tampered=false|mesh|1a9b461
OASIS|B|UART|FRAG_TX|idx=7,count=14,counter=36,len=297,tampered=false|mesh|1a9b461
OASIS|B|UART|FRAG_TX|idx=8,count=14,counter=37,len=297,tampered=false|mesh|1a9b461
OASIS|B|UART|FRAG_TX|idx=9,count=14,counter=38,len=297,tampered=false|mesh|1a9b461
OASIS|B|UART|FRAG_TX|idx=10,count=14,counter=39,len=297,tampered=false|mesh|1a9b461
OASIS|B|UART|FRAG_TX|idx=11,count=14,counter=40,len=297,tampered=false|mesh|1a9b461
OASIS|B|UART|FRAG_TX|idx=12,count=14,counter=41,len=297,tampered=false|mesh|1a9b461
OASIS|B|UART|FRAG_TX|idx=13,count=14,counter=42,len=291,tampered=false|mesh|1a9b461
