OASIS|C|UART|RXF|n=30,len=297,ctr=29,seq==??|mesh|1a9b461
OASIS|C|UART|ARRIVED|msg_id=511116907030722302,hops=0,sig=verified,forward=true|mesh|1a9b461
OASIS|C|UART|FRAG_RX|origin=bb,idx=0,count=14,outcome=incomplete|mesh|1a9b461
OASIS|C|UART|RXF|n=31,len=297,ctr=30,seq=?f?|mesh|1a9b461
OASIS|C|UART|ARRIVED|msg_id=10131720979847542606,hops=0,sig=verified,forward=true|mesh|1a9b461
OASIS|C|UART|FRAG_RX|origin=bb,idx=1,count=14,outcome=incomplete|mesh|1a9b461
OASIS|C|UART|RXF|n=32,len=297,ctr=31,seq=?A?|mesh|1a9b461
OASIS|C|UART|ARRIVED|msg_id=5155930452217838158,hops=0,sig=verified,forward=true|mesh|1a9b461
OASIS|C|UART|FRAG_RX|origin=bb,idx=2,count=14,outcome=incomplete|mesh|1a9b461
OASIS|C|UART|RXF|n=33,len=297,ctr=32,seq=p??|mesh|1a9b461
OASIS|C|UART|ARRIVED|msg_id=15222322769554565040,hops=0,sig=verified,forward=true|mesh|1a9b461
OASIS|C|UART|FRAG_RX|origin=bb,idx=3,count=14,outcome=incomplete|mesh|1a9b461
OASIS|C|UART|RXF|n=34,len=297,ctr=33,seq=yc?|mesh|1a9b461
OASIS|C|UART|ARRIVED|msg_id=5710067995431497320,hops=0,sig=verified,forward=true|mesh|1a9b461
OASIS|C|UART|FRAG_RX|origin=bb,idx=4,count=14,outcome=incomplete|mesh|1a9b461
OASIS|C|UART|RXF|n=35,len=297,ctr=34,seq=???|mesh|1a9b461
OASIS|C|UART|ARRIVED|msg_id=15254848947667512225,hops=0,sig=verified,forward=true|mesh|1a9b461
OASIS|C|UART|FRAG_RX|origin=bb,idx=5,count=14,outcome=incomplete|mesh|1a9b461
OASIS|C|UART|RXF|n=36,len=297,ctr=35,seq=m?1|mesh|1a9b461
OASIS|C|UART|ARRIVED|msg_id=63116167103020977,hops=0,sig=verified,forward=true|mesh|1a9b461
OASIS|C|UART|FRAG_RX|origin=bb,idx=6,count=14,outcome=incomplete|mesh|1a9b461
OASIS|C|UART|RXF|n=37,len=297,ctr=36,seq=3?Q|mesh|1a9b461
OASIS|C|UART|ARRIVED|msg_id=10708282991122962062,hops=0,sig=verified,forward=true|mesh|1a9b461
OASIS|C|UART|FRAG_RX|origin=bb,idx=7,count=14,outcome=incomplete|mesh|1a9b461
OASIS|C|UART|RXF|n=38,len=297,ctr=37,seq=???|mesh|1a9b461
OASIS|C|UART|ARRIVED|msg_id=2912739750962434347,hops=0,sig=verified,forward=true|mesh|1a9b461
OASIS|C|UART|FRAG_RX|origin=bb,idx=8,count=14,outcome=incomplete|mesh|1a9b461
OASIS|C|UART|RXF|n=39,len=297,ctr=38,seq=??J|mesh|1a9b461
OASIS|C|UART|ARRIVED|msg_id=18380397981195494473,hops=0,sig=verified,forward=true|mesh|1a9b461
OASIS|C|UART|FRAG_RX|origin=bb,idx=9,count=14,outcome=incomplete|mesh|1a9b461
OASIS|C|UART|RXF|n=40,len=297,ctr=39,seq=??s|mesh|1a9b461
OASIS|C|UART|ARRIVED|msg_id=5376671751161248540,hops=0,sig=verified,forward=true|mesh|1a9b461
OASIS|C|UART|FRAG_RX|origin=bb,idx=10,count=14,outcome=incomplete|mesh|1a9b461
OASIS|C|UART|RXF|n=41,len=297,ctr=40,seq=?Q?|mesh|1a9b461
OASIS|C|UART|ARRIVED|msg_id=12816632904832608375,hops=0,sig=verified,forward=true|mesh|1a9b461
OASIS|C|UART|FRAG_RX|origin=bb,idx=11,count=14,outcome=incomplete|mesh|1a9b461
OASIS|C|UART|RXF|n=42,len=297,ctr=41,seq=M?f|mesh|1a9b461
OASIS|C|UART|ARRIVED|msg_id=3446728280292442883,hops=0,sig=verified,forward=true|mesh|1a9b461
OASIS|C|UART|FRAG_RX|origin=bb,idx=12,count=14,outcome=incomplete|mesh|1a9b461
OASIS|C|UART|RXF|n=43,len=291,ctr=42,seq=%4D|mesh|1a9b461
OASIS|C|UART|ARRIVED|msg_id=14942390130107074545,hops=0,sig=verified,forward=true|mesh|1a9b461
OASIS|C|UART|FRAG_RX|origin=bb,idx=13,count=14,outcome=complete|mesh|1a9b461
OASIS|C|UART|AUTH|kind=1,suite=3,len=2542,decision=Revocation(Applied),verify_us=381303,stack=49244,forward=true|mesh|1a9b461
OASIS|C|UART|REV|source=OAU1,epoch=3,revoked=3|mesh|1a9b461
OASIS|C|UART|FRAG_TX|idx=0,count=14,counter=29,len=297,tampered=false|mesh|1a9b461
OASIS|C|UART|FRAG_TX|idx=1,count=14,counter=30,len=297,tampered=false|mesh|1a9b461
OASIS|C|UART|FRAG_TX|idx=2,count=14,counter=31,len=297,tampered=false|mesh|1a9b461
OASIS|C|UART|FRAG_TX|idx=3,count=14,counter=32,len=297,tampered=false|mesh|1a9b461
OASIS|C|UART|FRAG_TX|idx=4,count=14,counter=33,len=297,tampered=false|mesh|1a9b461
OASIS|C|UART|FRAG_TX|idx=5,count=14,counter=34,len=297,tampered=false|mesh|1a9b461
OASIS|C|UART|FRAG_TX|idx=6,count=14,counter=35,len=297,tampered=false|mesh|1a9b461
OASIS|C|UART|FRAG_TX|idx=7,count=14,counter=36,len=297,tampered=false|mesh|1a9b461
OASIS|C|UART|FRAG_TX|idx=8,count=14,counter=37,len=297,tampered=false|mesh|1a9b461
OASIS|C|UART|FRAG_TX|idx=9,count=14,counter=38,len=297,tampered=false|mesh|1a9b461
OASIS|C|UART|FRAG_TX|idx=10,count=14,counter=39,len=297,tampered=false|mesh|1a9b461
OASIS|C|UART|FRAG_TX|idx=11,count=14,counter=40,len=297,tampered=false|mesh|1a9b461
OASIS|C|UART|FRAG_TX|idx=12,count=14,counter=41,len=297,tampered=false|mesh|1a9b461
OASIS|C|UART|FRAG_TX|idx=13,count=14,counter=42,len=291,tampered=false|mesh|1a9b461
