OASIS|C|UART|RXF|n=44,len=297,ctr=1280,seq=?J)|mesh|1a9b461
OASIS|C|UART|ARRIVED|msg_id=5430228863370021865,hops=0,sig=verified,forward=true|mesh|1a9b461
OASIS|C|UART|FRAG_RX|origin=bb,idx=0,count=14,outcome=incomplete|mesh|1a9b461
OASIS|C|UART|RXF|n=45,len=297,ctr=1281,seq=???|mesh|1a9b461
OASIS|C|UART|ARRIVED|msg_id=3046184974280489665,hops=0,sig=verified,forward=true|mesh|1a9b461
OASIS|C|UART|FRAG_RX|origin=bb,idx=1,count=14,outcome=incomplete|mesh|1a9b461
OASIS|C|UART|RXF|n=46,len=297,ctr=1282,seq=,Oq|mesh|1a9b461
OASIS|C|UART|ARRIVED|msg_id=14954830376027218392,hops=0,sig=verified,forward=true|mesh|1a9b461
OASIS|C|UART|FRAG_RX|origin=bb,idx=2,count=14,outcome=incomplete|mesh|1a9b461
OASIS|C|UART|RXF|n=47,len=297,ctr=1283,seq=?#?|mesh|1a9b461
OASIS|C|UART|ARRIVED|msg_id=4816943294175543366,hops=0,sig=verified,forward=true|mesh|1a9b461
OASIS|C|UART|FRAG_RX|origin=bb,idx=3,count=14,outcome=incomplete|mesh|1a9b461
OASIS|C|UART|RXF|n=48,len=297,ctr=1284,seq=??s|mesh|1a9b461
OASIS|C|UART|ARRIVED|msg_id=11081656763492240963,hops=0,sig=verified,forward=true|mesh|1a9b461
OASIS|C|UART|FRAG_RX|origin=bb,idx=4,count=14,outcome=incomplete|mesh|1a9b461
OASIS|C|UART|RXF|n=49,len=297,ctr=1285,seq=?!?|mesh|1a9b461
OASIS|C|UART|ARRIVED|msg_id=17070547667407848581,hops=0,sig=verified,forward=true|mesh|1a9b461
OASIS|C|UART|FRAG_RX|origin=bb,idx=5,count=14,outcome=incomplete|mesh|1a9b461
OASIS|C|UART|RXF|n=50,len=297,ctr=1286,seq=???|mesh|1a9b461
OASIS|C|UART|ARRIVED|msg_id=8181954007270366051,hops=0,sig=verified,forward=true|mesh|1a9b461
OASIS|C|UART|FRAG_RX|origin=bb,idx=6,count=14,outcome=incomplete|mesh|1a9b461
OASIS|C|UART|RXF|n=51,len=297,ctr=1287,seq=L??|mesh|1a9b461
OASIS|C|UART|ARRIVED|msg_id=17439397934070104365,hops=0,sig=verified,forward=true|mesh|1a9b461
OASIS|C|UART|FRAG_RX|origin=bb,idx=7,count=14,outcome=incomplete|mesh|1a9b461
OASIS|C|UART|RXF|n=52,len=297,ctr=1288,seq=?n?|mesh|1a9b461
OASIS|C|UART|ARRIVED|msg_id=110405607668102950,hops=0,sig=verified,forward=true|mesh|1a9b461
OASIS|C|UART|FRAG_RX|origin=bb,idx=8,count=14,outcome=incomplete|mesh|1a9b461
OASIS|C|UART|RXF|n=53,len=297,ctr=1289,seq=?J?|mesh|1a9b461
OASIS|C|UART|ARRIVED|msg_id=5646910010533317889,hops=0,sig=verified,forward=true|mesh|1a9b461
OASIS|C|UART|FRAG_RX|origin=bb,idx=9,count=14,outcome=incomplete|mesh|1a9b461
OASIS|C|UART|RXF|n=54,len=297,ctr=1290,seq=\??|mesh|1a9b461
OASIS|C|UART|ARRIVED|msg_id=894470557773936575,hops=0,sig=verified,forward=true|mesh|1a9b461
OASIS|C|UART|FRAG_RX|origin=bb,idx=10,count=14,outcome=incomplete|mesh|1a9b461
OASIS|C|UART|RXF|n=55,len=297,ctr=1291,seq=??8|mesh|1a9b461
OASIS|C|UART|ARRIVED|msg_id=17980843214778229562,hops=0,sig=verified,forward=true|mesh|1a9b461
OASIS|C|UART|FRAG_RX|origin=bb,idx=11,count=14,outcome=incomplete|mesh|1a9b461
OASIS|C|UART|RXF|n=56,len=297,ctr=1292,seq=?G?|mesh|1a9b461
OASIS|C|UART|ARRIVED|msg_id=12754353027963949550,hops=0,sig=verified,forward=true|mesh|1a9b461
OASIS|C|UART|FRAG_RX|origin=bb,idx=12,count=14,outcome=incomplete|mesh|1a9b461
OASIS|C|UART|RXF|n=57,len=291,ctr=1293,seq=?08|mesh|1a9b461
OASIS|C|UART|ARRIVED|msg_id=17247997500478002058,hops=0,sig=verified,forward=true|mesh|1a9b461
OASIS|C|UART|FRAG_RX|origin=bb,idx=13,count=14,outcome=complete|mesh|1a9b461
OASIS|C|UART|AUTH|kind=1,suite=3,len=2542,decision=Revocation(Applied),verify_us=379221,stack=49244,forward=true|mesh|1a9b461
OASIS|C|UART|REV|source=OAU1,epoch=4,revoked=3|mesh|1a9b461
OASIS|C|UART|FRAG_TX|idx=0,count=14,counter=43,len=297,tampered=false|mesh|1a9b461
OASIS|C|UART|FRAG_TX|idx=1,count=14,counter=44,len=297,tampered=false|mesh|1a9b461
OASIS|C|UART|FRAG_TX|idx=2,count=14,counter=45,len=297,tampered=false|mesh|1a9b461
OASIS|C|UART|FRAG_TX|idx=3,count=14,counter=46,len=297,tampered=false|mesh|1a9b461
OASIS|C|UART|FRAG_TX|idx=4,count=14,counter=47,len=297,tampered=false|mesh|1a9b461
OASIS|C|UART|FRAG_TX|idx=5,count=14,counter=48,len=297,tampered=false|mesh|1a9b461
OASIS|C|UART|FRAG_TX|idx=6,count=14,counter=49,len=297,tampered=false|mesh|1a9b461
OASIS|C|UART|FRAG_TX|idx=7,count=14,counter=50,len=297,tampered=false|mesh|1a9b461
OASIS|C|UART|FRAG_TX|idx=8,count=14,counter=51,len=297,tampered=false|mesh|1a9b461
OASIS|C|UART|FRAG_TX|idx=9,count=14,counter=52,len=297,tampered=false|mesh|1a9b461
OASIS|C|UART|FRAG_TX|idx=10,count=14,counter=53,len=297,tampered=false|mesh|1a9b461
OASIS|C|UART|FRAG_TX|idx=11,count=14,counter=54,len=297,tampered=false|mesh|1a9b461
OASIS|C|UART|FRAG_TX|idx=12,count=14,counter=55,len=297,tampered=false|mesh|1a9b461
OASIS|C|UART|FRAG_TX|idx=13,count=14,counter=56,len=291,tampered=false|mesh|1a9b461
