OASIS|B|UART|RXF|n=2,len=297,ctr=75,seq=?J)|mesh|1a9b461
OASIS|B|UART|ARRIVED|msg_id=4451538311673083092,hops=0,sig=verified,forward=true|mesh|1a9b461
OASIS|B|UART|FRAG_RX|origin=aa,idx=0,count=14,outcome=incomplete|mesh|1a9b461
OASIS|B|UART|RXF|n=3,len=297,ctr=76,seq=???|mesh|1a9b461
OASIS|B|UART|ARRIVED|msg_id=18109325402807107106,hops=0,sig=verified,forward=true|mesh|1a9b461
OASIS|B|UART|FRAG_RX|origin=aa,idx=1,count=14,outcome=incomplete|mesh|1a9b461
OASIS|B|UART|RXF|n=4,len=297,ctr=77,seq=,Oq|mesh|1a9b461
OASIS|B|UART|ARRIVED|msg_id=8312361840723159914,hops=0,sig=verified,forward=true|mesh|1a9b461
OASIS|B|UART|FRAG_RX|origin=aa,idx=2,count=14,outcome=incomplete|mesh|1a9b461
OASIS|B|UART|RXF|n=5,len=297,ctr=78,seq=?#?|mesh|1a9b461
OASIS|B|UART|ARRIVED|msg_id=17041231040440608041,hops=0,sig=verified,forward=true|mesh|1a9b461
OASIS|B|UART|FRAG_RX|origin=aa,idx=3,count=14,outcome=incomplete|mesh|1a9b461
OASIS|B|UART|RXF|n=6,len=297,ctr=79,seq=??s|mesh|1a9b461
OASIS|B|UART|ARRIVED|msg_id=3819873383908796300,hops=0,sig=verified,forward=true|mesh|1a9b461
OASIS|B|UART|FRAG_RX|origin=aa,idx=4,count=14,outcome=incomplete|mesh|1a9b461
OASIS|B|UART|RXF|n=7,len=297,ctr=80,seq=?!?|mesh|1a9b461
OASIS|B|UART|ARRIVED|msg_id=17988722063756819771,hops=0,sig=verified,forward=true|mesh|1a9b461
OASIS|B|UART|FRAG_RX|origin=aa,idx=5,count=14,outcome=incomplete|mesh|1a9b461
OASIS|B|UART|RXF|n=8,len=297,ctr=81,seq=???|mesh|1a9b461
OASIS|B|UART|ARRIVED|msg_id=17281894760072947384,hops=0,sig=verified,forward=true|mesh|1a9b461
OASIS|B|UART|FRAG_RX|origin=aa,idx=6,count=14,outcome=incomplete|mesh|1a9b461
OASIS|B|UART|RXF|n=9,len=297,ctr=82,seq=L??|mesh|1a9b461
OASIS|B|UART|ARRIVED|msg_id=12717979236864444773,hops=0,sig=verified,forward=true|mesh|1a9b461
OASIS|B|UART|FRAG_RX|origin=aa,idx=7,count=14,outcome=incomplete|mesh|1a9b461
OASIS|B|UART|RXF|n=10,len=297,ctr=83,seq=?n?|mesh|1a9b461
OASIS|B|UART|ARRIVED|msg_id=9037242153563885088,hops=0,sig=verified,forward=true|mesh|1a9b461
OASIS|B|UART|FRAG_RX|origin=aa,idx=8,count=14,outcome=incomplete|mesh|1a9b461
OASIS|B|UART|RXF|n=11,len=297,ctr=84,seq=?J?|mesh|1a9b461
OASIS|B|UART|ARRIVED|msg_id=3562863269761214867,hops=0,sig=verified,forward=true|mesh|1a9b461
OASIS|B|UART|FRAG_RX|origin=aa,idx=9,count=14,outcome=incomplete|mesh|1a9b461
OASIS|B|UART|RXF|n=12,len=297,ctr=85,seq=\??|mesh|1a9b461
OASIS|B|UART|ARRIVED|msg_id=2614519552019425587,hops=0,sig=verified,forward=true|mesh|1a9b461
OASIS|B|UART|FRAG_RX|origin=aa,idx=10,count=14,outcome=incomplete|mesh|1a9b461
OASIS|B|UART|RXF|n=13,len=297,ctr=86,seq=??8|mesh|1a9b461
OASIS|B|UART|ARRIVED|msg_id=7182297768871064967,hops=0,sig=verified,forward=true|mesh|1a9b461
OASIS|B|UART|FRAG_RX|origin=aa,idx=11,count=14,outcome=incomplete|mesh|1a9b461
OASIS|B|UART|RXF|n=14,len=297,ctr=87,seq=?G?|mesh|1a9b461
OASIS|B|UART|ARRIVED|msg_id=10277280874912353885,hops=0,sig=verified,forward=true|mesh|1a9b461
OASIS|B|UART|FRAG_RX|origin=aa,idx=12,count=14,outcome=incomplete|mesh|1a9b461
OASIS|B|UART|RXF|n=15,len=291,ctr=88,seq=?08|mesh|1a9b461
OASIS|B|UART|ARRIVED|msg_id=4008251889920711484,hops=0,sig=verified,forward=true|mesh|1a9b461
OASIS|B|UART|FRAG_RX|origin=aa,idx=13,count=14,outcome=complete|mesh|1a9b461
OASIS|B|UART|AUTH|kind=1,suite=3,len=2542,decision=Revocation(Applied),verify_us=380913,stack=49244,forward=true|mesh|1a9b461
OASIS|B|UART|REV|source=OAU1,epoch=4,revoked=3|mesh|1a9b461
OASIS|B|UART|FRAG_TX|idx=0,count=14,counter=1280,len=297,tampered=false|mesh|1a9b461
OASIS|B|UART|FRAG_TX|idx=1,count=14,counter=1281,len=297,tampered=false|mesh|1a9b461
OASIS|B|UART|FRAG_TX|idx=2,count=14,counter=1282,len=297,tampered=false|mesh|1a9b461
OASIS|B|UART|FRAG_TX|idx=3,count=14,counter=1283,len=297,tampered=false|mesh|1a9b461
OASIS|B|UART|FRAG_TX|idx=4,count=14,counter=1284,len=297,tampered=false|mesh|1a9b461
OASIS|B|UART|FRAG_TX|idx=5,count=14,counter=1285,len=297,tampered=false|mesh|1a9b461
OASIS|B|UART|FRAG_TX|idx=6,count=14,counter=1286,len=297,tampered=false|mesh|1a9b461
OASIS|B|UART|FRAG_TX|idx=7,count=14,counter=1287,len=297,tampered=false|mesh|1a9b461
OASIS|B|UART|FRAG_TX|idx=8,count=14,counter=1288,len=297,tampered=false|mesh|1a9b461
OASIS|B|UART|FRAG_TX|idx=9,count=14,counter=1289,len=297,tampered=false|mesh|1a9b461
OASIS|B|UART|FRAG_TX|idx=10,count=14,counter=1290,len=297,tampered=false|mesh|1a9b461
OASIS|B|UART|FRAG_TX|idx=11,count=14,counter=1291,len=297,tampered=false|mesh|1a9b461
OASIS|B|UART|FRAG_TX|idx=12,count=14,counter=1292,len=297,tampered=false|mesh|1a9b461
OASIS|B|UART|FRAG_TX|idx=13,count=14,counter=1293,len=291,tampered=false|mesh|1a9b461
