[2026-10-07T00:18:10Z] host: 6.18.40.1-microsoft-standard-WSL2, 3381 MB RAM, cargo-kani 0.67.0
[2026-10-07T00:18:32Z] tree: a39d5fe
[2026-10-07T00:18:32Z] cargo kani --lib --harness proof_mb_no_frame_without_act --harness proof_mb_frame_matches_rules --harness proof_mb_parsers_total
Kani Rust Verifier 0.67.0 (cargo plugin)
   Compiling crc-catalog v2.5.0
   Compiling crc v3.4.0
   Compiling oasis-rt v0.3.0 (/root/oasis-kani/oasis-rt)
warning: unused import: `crate::vec::*`
 --> oasis-rt/src/morpho.rs:6:5
  |
6 | use crate::vec::*;
  |     ^^^^^^^^^^^^^
  |
  = note: `#[warn(unused_imports)]` (part of `#[warn(unused)]`) on by default

warning: unnecessary parentheses around assigned value
   --> oasis-rt/src/mesh/kani_proofs.rs:684:31
    |
684 |     let error_milli_swapped = ({
    |                               ^
...
687 |     });
    |      ^
    |
    = note: `#[warn(unused_parens)]` (part of `#[warn(unused)]`) on by default
help: remove these parentheses
    |
684 ~     let error_milli_swapped = {
685 |         let d = if v >= c { v - c } else { c - v };
686 |         (d as u64 * 100_000) / larger as u64
687 ~     } ;
    |

warning: unused import: `crate::vec::*`
  --> oasis-rt/src/spore.rs:13:5
   |
13 | use crate::vec::*;
   |     ^^^^^^^^^^^^^

warning: unused variable: `persistence`
   --> oasis-rt/src/efference.rs:109:13
    |
109 |         let persistence = if severity != Severity::Nominal {
    |             ^^^^^^^^^^^ help: if this is intentional, prefix it with an underscore: `_persistence`
    |
    = note: `#[warn(unused_variables)]` (part of `#[warn(unused)]`) on by default

warning: unused variable: `agent_count`
   --> oasis-rt/src/federation.rs:116:59
    |
116 |     pub fn propagate(&mut self, synapses: &mut [Synapse], agent_count: usize, entropies: &[f64]) -> u32 {
    |                                                           ^^^^^^^^^^^ help: if this is intentional, prefix it with an underscore: `_agent_count`

warning: unused variable: `before`
   --> oasis-rt/src/federation.rs:567:13
    |
567 |         let before = self.digest_count();
    |             ^^^^^^ help: if this is intentional, prefix it with an underscore: `_before`

warning: unused variable: `handlers`
   --> oasis-rt/src/spinal.rs:152:17
    |
152 |             let handlers = block.lines().find(|l| l.starts_with("H: Handlers=")).unwrap_or("");
    |                 ^^^^^^^^ help: if this is intentional, prefix it with an underscore: `_handlers`

warning: function `any_msg_id` is never used
  --> oasis-rt/src/fragment/kani_proofs.rs:44:4
   |
44 | fn any_msg_id(_msg: &[u8]) -> [u8; 8] {
   |    ^^^^^^^^^^
   |
   = note: `#[warn(dead_code)]` (part of `#[warn(unused)]`) on by default

warning: variable `cA` should have a snake case name
   --> oasis-rt/src/world_model.rs:283:13
    |
283 |         let cA: f64 = kani::any();
    |             ^^ help: convert the identifier to snake case: `c_a`
    |
    = note: `#[warn(non_snake_case)]` (part of `#[warn(nonstandard_style)]`) on by default

warning: variable `pA` should have a snake case name
   --> oasis-rt/src/world_model.rs:284:13
    |
284 |         let pA: f64 = kani::any();
    |             ^^ help: convert the identifier to snake case: `p_a`

warning: variable `cB` should have a snake case name
   --> oasis-rt/src/world_model.rs:285:13
    |
285 |         let cB: f64 = kani::any();
    |             ^^ help: convert the identifier to snake case: `c_b`

warning: variable `pB` should have a snake case name
   --> oasis-rt/src/world_model.rs:286:13
    |
286 |         let pB: f64 = kani::any();
    |             ^^ help: convert the identifier to snake case: `p_b`

warning: variable `gA` should have a snake case name
   --> oasis-rt/src/world_model.rs:291:13
    |
291 |         let gA = repulsive_grad_1d(x, cA, pA);
    |             ^^ help: convert the identifier to snake case: `g_a`

warning: variable `gB` should have a snake case name
   --> oasis-rt/src/world_model.rs:292:13
    |
292 |         let gB = repulsive_grad_1d(x, cB, pB);
    |             ^^ help: convert the identifier to snake case: `g_b`

warning: Found the following unsupported constructs:
             - caller_location (1)
             - foreign function (1)
         
         Verification will fail if one or more of these constructs is reachable.
         See https://model-checking.github.io/kani/rust-feature-support.html for more details.

    Finished `dev` profile [unoptimized + debuginfo] target(s) in 15.58s
Checking harness modbus_gateway::kani_proofs::proof_mb_parsers_total...

VERIFICATION RESULT:
 ** 0 of 1061 failed (163 unreachable)

VERIFICATION:- SUCCESSFUL
Verification Time: 77.15799s

Checking harness modbus_gateway::kani_proofs::proof_mb_frame_matches_rules...

VERIFICATION RESULT:
 ** 0 of 1341 failed (163 unreachable)

VERIFICATION:- SUCCESSFUL
Verification Time: 213.33379s

Checking harness modbus_gateway::kani_proofs::proof_mb_no_frame_without_act...

VERIFICATION RESULT:
 ** 0 of 1298 failed (163 unreachable)

VERIFICATION:- SUCCESSFUL
Verification Time: 95.12831s

Manual Harness Summary:
Complete - 3 successfully verified harnesses, 0 failures, 3 total.
[2026-10-07T00:25:20Z] cargo kani exit code 0
