OASIS|A|UART|V0B_SWEEP|Phase (Pre-CRC v0B bitflip,50)|mesh|3a67e6e
OASIS|A|UART|SWEEP_TX|seq=001,counter=101,idx=85,bit=3,field=sig|mesh|3a67e6e
OASIS|A|UART|SWEEP_TX|seq=002,counter=102,idx=109,bit=4,field=payload|mesh|3a67e6e
OASIS|A|UART|SWEEP_TX|seq=003,counter=103,idx=4,bit=7,field=magic|mesh|3a67e6e
OASIS|A|UART|SWEEP_TX|seq=004,counter=104,idx=15,bit=2,field=origin|mesh|3a67e6e
OASIS|A|UART|SWEEP_TX|seq=005,counter=105,idx=17,bit=4,field=origin|mesh|3a67e6e
OASIS|A|UART|SWEEP_TX|seq=006,counter=106,idx=96,bit=7,field=sig|mesh|3a67e6e
OASIS|A|UART|SWEEP_TX|seq=007,counter=107,idx=106,bit=0,field=payload|mesh|3a67e6e
OASIS|A|UART|SWEEP_TX|seq=008,counter=108,idx=52,bit=6,field=sig|mesh|3a67e6e
OASIS|A|UART|SWEEP_TX|seq=009,counter=109,idx=56,bit=4,field=sig|mesh|3a67e6e
OASIS|A|UART|SWEEP_TX|seq=010,counter=110,idx=61,bit=2,field=sig|mesh|3a67e6e
OASIS|A|UART|SWEEP_TX|seq=011,counter=111,idx=100,bit=3,field=payload|mesh|3a67e6e
OASIS|A|UART|SWEEP_TX|seq=012,counter=112,idx=7,bit=5,field=network|mesh|3a67e6e
OASIS|A|UART|SWEEP_TX|seq=013,counter=113,idx=76,bit=6,field=sig|mesh|3a67e6e
OASIS|A|UART|SWEEP_TX|seq=014,counter=114,idx=91,bit=3,field=sig|mesh|3a67e6e
OASIS|A|UART|SWEEP_TX|seq=015,counter=115,idx=89,bit=1,field=sig|mesh|3a67e6e
OASIS|A|UART|SWEEP_TX|seq=016,counter=116,idx=39,bit=6,field=sig|mesh|3a67e6e
OASIS|A|UART|SWEEP_TX|seq=017,counter=117,idx=74,bit=6,field=sig|mesh|3a67e6e
OASIS|A|UART|SWEEP_TX|seq=018,counter=118,idx=54,bit=6,field=sig|mesh|3a67e6e
OASIS|A|UART|SWEEP_TX|seq=019,counter=119,idx=2,bit=7,field=magic|mesh|3a67e6e
OASIS|A|UART|SWEEP_TX|seq=020,counter=120,idx=105,bit=5,field=payload|mesh|3a67e6e
OASIS|A|UART|SWEEP_TX|seq=021,counter=121,idx=107,bit=3,field=payload|mesh|3a67e6e
OASIS|A|UART|SWEEP_TX|seq=022,counter=122,idx=100,bit=5,field=payload|mesh|3a67e6e
OASIS|A|UART|SWEEP_TX|seq=023,counter=123,idx=8,bit=2,field=network|mesh|3a67e6e
OASIS|A|UART|SWEEP_TX|seq=024,counter=124,idx=43,bit=3,field=sig|mesh|3a67e6e
OASIS|A|UART|SWEEP_TX|seq=025,counter=125,idx=49,bit=2,field=sig|mesh|3a67e6e
OASIS|A|UART|SWEEP_TX|seq=026,counter=126,idx=77,bit=7,field=sig|mesh|3a67e6e
OASIS|A|UART|SWEEP_TX|seq=027,counter=127,idx=81,bit=7,field=sig|mesh|3a67e6e
OASIS|A|UART|SWEEP_TX|seq=028,counter=128,idx=101,bit=1,field=payload|mesh|3a67e6e
OASIS|A|UART|SWEEP_TX|seq=029,counter=129,idx=69,bit=2,field=sig|mesh|3a67e6e
OASIS|A|UART|SWEEP_TX|seq=030,counter=130,idx=62,bit=3,field=sig|mesh|3a67e6e
OASIS|A|UART|SWEEP_TX|seq=031,counter=131,idx=66,bit=1,field=sig|mesh|3a67e6e
OASIS|A|UART|SWEEP_TX|seq=032,counter=132,idx=16,bit=3,field=origin|mesh|3a67e6e
OASIS|A|UART|SWEEP_TX|seq=033,counter=133,idx=8,bit=4,field=network|mesh|3a67e6e
OASIS|A|UART|SWEEP_TX|seq=034,counter=134,idx=106,bit=7,field=payload|mesh|3a67e6e
OASIS|A|UART|SWEEP_TX|seq=035,counter=135,idx=26,bit=4,field=counter|mesh|3a67e6e
OASIS|A|UART|SWEEP_TX|seq=036,counter=136,idx=31,bit=2,field=hops|mesh|3a67e6e
OASIS|A|UART|SWEEP_TX|seq=037,counter=137,idx=90,bit=7,field=sig|mesh|3a67e6e
OASIS|A|UART|SWEEP_TX|seq=038,counter=138,idx=84,bit=6,field=sig|mesh|3a67e6e
OASIS|A|UART|SWEEP_TX|seq=039,counter=139,idx=97,bit=6,field=sig|mesh|3a67e6e
OASIS|A|UART|SWEEP_TX|seq=040,counter=140,idx=90,bit=5,field=sig|mesh|3a67e6e
OASIS|A|UART|SWEEP_TX|seq=041,counter=141,idx=98,bit=2,field=sig|mesh|3a67e6e
OASIS|A|UART|SWEEP_TX|seq=042,counter=142,idx=59,bit=4,field=sig|mesh|3a67e6e
OASIS|A|UART|SWEEP_TX|seq=043,counter=143,idx=109,bit=7,field=payload|mesh|3a67e6e
OASIS|A|UART|SWEEP_TX|seq=044,counter=144,idx=95,bit=7,field=sig|mesh|3a67e6e
OASIS|A|UART|SWEEP_TX|seq=045,counter=145,idx=30,bit=0,field=ttl|mesh|3a67e6e
OASIS|A|UART|SWEEP_TX|seq=046,counter=146,idx=42,bit=2,field=sig|mesh|3a67e6e
OASIS|A|UART|SWEEP_TX|seq=047,counter=147,idx=19,bit=6,field=origin|mesh|3a67e6e
OASIS|A|UART|SWEEP_TX|seq=048,counter=148,idx=19,bit=1,field=origin|mesh|3a67e6e
OASIS|A|UART|SWEEP_TX|seq=049,counter=149,idx=54,bit=1,field=sig|mesh|3a67e6e
OASIS|A|UART|SWEEP_TX|seq=050,counter=150,idx=62,bit=4,field=sig|mesh|3a67e6e
OASIS|A|UART|V0B_SWEEP_DONE|tx=50|mesh|3a67e6e
