OASIS|A|UART|V0B_SWEEP|Phase (Pre-CRC v0B bitflip,50)|mesh|3a67e6e
OASIS|A|UART|SWEEP_TX|seq=001,counter=51,idx=0,bit=4,field=magic|mesh|3a67e6e
OASIS|A|UART|SWEEP_TX|seq=002,counter=52,idx=81,bit=3,field=sig|mesh|3a67e6e
OASIS|A|UART|SWEEP_TX|seq=003,counter=53,idx=85,bit=4,field=sig|mesh|3a67e6e
OASIS|A|UART|SWEEP_TX|seq=004,counter=54,idx=70,bit=5,field=sig|mesh|3a67e6e
OASIS|A|UART|SWEEP_TX|seq=005,counter=55,idx=48,bit=1,field=sig|mesh|3a67e6e
OASIS|A|UART|SWEEP_TX|seq=006,counter=56,idx=73,bit=7,field=sig|mesh|3a67e6e
OASIS|A|UART|SWEEP_TX|seq=007,counter=57,idx=110,bit=1,field=payload|mesh|3a67e6e
OASIS|A|UART|SWEEP_TX|seq=008,counter=58,idx=20,bit=7,field=origin|mesh|3a67e6e
OASIS|A|UART|SWEEP_TX|seq=009,counter=59,idx=98,bit=0,field=sig|mesh|3a67e6e
OASIS|A|UART|SWEEP_TX|seq=010,counter=60,idx=94,bit=4,field=sig|mesh|3a67e6e
OASIS|A|UART|SWEEP_TX|seq=011,counter=61,idx=92,bit=5,field=sig|mesh|3a67e6e
OASIS|A|UART|SWEEP_TX|seq=012,counter=62,idx=16,bit=7,field=origin|mesh|3a67e6e
OASIS|A|UART|SWEEP_TX|seq=013,counter=63,idx=56,bit=4,field=sig|mesh|3a67e6e
OASIS|A|UART|SWEEP_TX|seq=014,counter=64,idx=50,bit=0,field=sig|mesh|3a67e6e
OASIS|A|UART|SWEEP_TX|seq=015,counter=65,idx=94,bit=7,field=sig|mesh|3a67e6e
OASIS|A|UART|SWEEP_TX|seq=016,counter=66,idx=42,bit=2,field=sig|mesh|3a67e6e
OASIS|A|UART|SWEEP_TX|seq=017,counter=67,idx=11,bit=6,field=network|mesh|3a67e6e
OASIS|A|UART|SWEEP_TX|seq=018,counter=68,idx=62,bit=2,field=sig|mesh|3a67e6e
OASIS|A|UART|SWEEP_TX|seq=019,counter=69,idx=113,bit=6,field=payload|mesh|3a67e6e
OASIS|A|UART|SWEEP_TX|seq=020,counter=70,idx=43,bit=3,field=sig|mesh|3a67e6e
OASIS|A|UART|SWEEP_TX|seq=021,counter=71,idx=22,bit=4,field=counter|mesh|3a67e6e
OASIS|A|UART|SWEEP_TX|seq=022,counter=72,idx=94,bit=5,field=sig|mesh|3a67e6e
OASIS|A|UART|SWEEP_TX|seq=023,counter=73,idx=103,bit=2,field=payload|mesh|3a67e6e
OASIS|A|UART|SWEEP_TX|seq=024,counter=74,idx=67,bit=7,field=sig|mesh|3a67e6e
OASIS|A|UART|SWEEP_TX|seq=025,counter=75,idx=67,bit=6,field=sig|mesh|3a67e6e
OASIS|A|UART|SWEEP_TX|seq=026,counter=76,idx=38,bit=3,field=sig|mesh|3a67e6e
OASIS|A|UART|SWEEP_TX|seq=027,counter=77,idx=91,bit=4,field=sig|mesh|3a67e6e
OASIS|A|UART|SWEEP_TX|seq=028,counter=78,idx=45,bit=4,field=sig|mesh|3a67e6e
OASIS|A|UART|SWEEP_TX|seq=029,counter=79,idx=2,bit=4,field=magic|mesh|3a67e6e
OASIS|A|UART|SWEEP_TX|seq=030,counter=80,idx=9,bit=3,field=network|mesh|3a67e6e
OASIS|A|UART|SWEEP_TX|seq=031,counter=81,idx=84,bit=1,field=sig|mesh|3a67e6e
OASIS|A|UART|SWEEP_TX|seq=032,counter=82,idx=34,bit=6,field=plen|mesh|3a67e6e
OASIS|A|UART|SWEEP_TX|seq=033,counter=83,idx=90,bit=2,field=sig|mesh|3a67e6e
OASIS|A|UART|SWEEP_TX|seq=034,counter=84,idx=81,bit=3,field=sig|mesh|3a67e6e
OASIS|A|UART|SWEEP_TX|seq=035,counter=85,idx=41,bit=0,field=sig|mesh|3a67e6e
OASIS|A|UART|SWEEP_TX|seq=036,counter=86,idx=76,bit=3,field=sig|mesh|3a67e6e
OASIS|A|UART|SWEEP_TX|seq=037,counter=87,idx=29,bit=4,field=counter|mesh|3a67e6e
OASIS|A|UART|SWEEP_TX|seq=038,counter=88,idx=102,bit=4,field=payload|mesh|3a67e6e
OASIS|A|UART|SWEEP_TX|seq=039,counter=89,idx=74,bit=4,field=sig|mesh|3a67e6e
OASIS|A|UART|SWEEP_TX|seq=040,counter=90,idx=21,bit=7,field=origin|mesh|3a67e6e
OASIS|A|UART|SWEEP_TX|seq=041,counter=91,idx=85,bit=4,field=sig|mesh|3a67e6e
OASIS|A|UART|SWEEP_TX|seq=042,counter=92,idx=88,bit=7,field=sig|mesh|3a67e6e
OASIS|A|UART|SWEEP_TX|seq=043,counter=93,idx=73,bit=1,field=sig|mesh|3a67e6e
OASIS|A|UART|SWEEP_TX|seq=044,counter=94,idx=46,bit=4,field=sig|mesh|3a67e6e
OASIS|A|UART|SWEEP_TX|seq=045,counter=95,idx=11,bit=2,field=network|mesh|3a67e6e
OASIS|A|UART|SWEEP_TX|seq=046,counter=96,idx=67,bit=7,field=sig|mesh|3a67e6e
OASIS|A|UART|SWEEP_TX|seq=047,counter=97,idx=112,bit=7,field=payload|mesh|3a67e6e
OASIS|A|UART|SWEEP_TX|seq=048,counter=98,idx=43,bit=5,field=sig|mesh|3a67e6e
OASIS|A|UART|SWEEP_TX|seq=049,counter=99,idx=13,bit=0,field=network|mesh|3a67e6e
OASIS|A|UART|SWEEP_TX|seq=050,counter=100,idx=16,bit=2,field=origin|mesh|3a67e6e
OASIS|A|UART|V0B_SWEEP_DONE|tx=50|mesh|3a67e6e
