OASIS|A|UART|V0B_SWEEP|Phase (Pre-CRC v0B bitflip,50)|mesh|3a67e6e
OASIS|A|UART|SWEEP_TX|seq=001,counter=1,idx=60,bit=4,field=sig|mesh|3a67e6e
OASIS|A|UART|SWEEP_TX|seq=002,counter=2,idx=69,bit=4,field=sig|mesh|3a67e6e
OASIS|A|UART|SWEEP_TX|seq=003,counter=3,idx=106,bit=2,field=payload|mesh|3a67e6e
OASIS|A|UART|SWEEP_TX|seq=004,counter=4,idx=59,bit=5,field=sig|mesh|3a67e6e
OASIS|A|UART|SWEEP_TX|seq=005,counter=5,idx=51,bit=1,field=sig|mesh|3a67e6e
OASIS|A|UART|SWEEP_TX|seq=006,counter=6,idx=58,bit=6,field=sig|mesh|3a67e6e
OASIS|A|UART|SWEEP_TX|seq=007,counter=7,idx=16,bit=0,field=origin|mesh|3a67e6e
OASIS|A|UART|SWEEP_TX|seq=008,counter=8,idx=24,bit=5,field=counter|mesh|3a67e6e
OASIS|A|UART|SWEEP_TX|seq=009,counter=9,idx=26,bit=0,field=counter|mesh|3a67e6e
OASIS|A|UART|SWEEP_TX|seq=010,counter=10,idx=86,bit=1,field=sig|mesh|3a67e6e
OASIS|A|UART|SWEEP_TX|seq=011,counter=11,idx=26,bit=5,field=counter|mesh|3a67e6e
OASIS|A|UART|SWEEP_TX|seq=012,counter=12,idx=31,bit=7,field=hops|mesh|3a67e6e
OASIS|A|UART|SWEEP_TX|seq=013,counter=13,idx=2,bit=0,field=magic|mesh|3a67e6e
OASIS|A|UART|SWEEP_TX|seq=014,counter=14,idx=85,bit=6,field=sig|mesh|3a67e6e
OASIS|A|UART|SWEEP_TX|seq=015,counter=15,idx=0,bit=3,field=magic|mesh|3a67e6e
OASIS|A|UART|SWEEP_TX|seq=016,counter=16,idx=37,bit=0,field=sig|mesh|3a67e6e
OASIS|A|UART|SWEEP_TX|seq=017,counter=17,idx=3,bit=7,field=magic|mesh|3a67e6e
OASIS|A|UART|SWEEP_TX|seq=018,counter=18,idx=100,bit=4,field=payload|mesh|3a67e6e
OASIS|A|UART|SWEEP_TX|seq=019,counter=19,idx=30,bit=4,field=ttl|mesh|3a67e6e
OASIS|A|UART|SWEEP_TX|seq=020,counter=20,idx=105,bit=0,field=payload|mesh|3a67e6e
OASIS|A|UART|SWEEP_TX|seq=021,counter=21,idx=69,bit=2,field=sig|mesh|3a67e6e
OASIS|A|UART|SWEEP_TX|seq=022,counter=22,idx=65,bit=6,field=sig|mesh|3a67e6e
OASIS|A|UART|SWEEP_TX|seq=023,counter=23,idx=94,bit=1,field=sig|mesh|3a67e6e
OASIS|A|UART|SWEEP_TX|seq=024,counter=24,idx=62,bit=4,field=sig|mesh|3a67e6e
OASIS|A|UART|SWEEP_TX|seq=025,counter=25,idx=5,bit=0,field=magic|mesh|3a67e6e
OASIS|A|UART|SWEEP_TX|seq=026,counter=26,idx=35,bit=2,field=sig|mesh|3a67e6e
OASIS|A|UART|SWEEP_TX|seq=027,counter=27,idx=84,bit=1,field=sig|mesh|3a67e6e
OASIS|A|UART|SWEEP_TX|seq=028,counter=28,idx=9,bit=2,field=network|mesh|3a67e6e
OASIS|A|UART|SWEEP_TX|seq=029,counter=29,idx=9,bit=1,field=network|mesh|3a67e6e
OASIS|A|UART|SWEEP_TX|seq=030,counter=30,idx=110,bit=2,field=payload|mesh|3a67e6e
OASIS|A|UART|SWEEP_TX|seq=031,counter=31,idx=109,bit=2,field=payload|mesh|3a67e6e
OASIS|A|UART|SWEEP_TX|seq=032,counter=32,idx=64,bit=6,field=sig|mesh|3a67e6e
OASIS|A|UART|SWEEP_TX|seq=033,counter=33,idx=4,bit=2,field=magic|mesh|3a67e6e
OASIS|A|UART|SWEEP_TX|seq=034,counter=34,idx=20,bit=2,field=origin|mesh|3a67e6e
OASIS|A|UART|SWEEP_TX|seq=035,counter=35,idx=25,bit=7,field=counter|mesh|3a67e6e
OASIS|A|UART|SWEEP_TX|seq=036,counter=36,idx=54,bit=5,field=sig|mesh|3a67e6e
OASIS|A|UART|SWEEP_TX|seq=037,counter=37,idx=18,bit=7,field=origin|mesh|3a67e6e
OASIS|A|UART|SWEEP_TX|seq=038,counter=38,idx=73,bit=6,field=sig|mesh|3a67e6e
OASIS|A|UART|SWEEP_TX|seq=039,counter=39,idx=24,bit=1,field=counter|mesh|3a67e6e
OASIS|A|UART|SWEEP_TX|seq=040,counter=40,idx=49,bit=3,field=sig|mesh|3a67e6e
OASIS|A|UART|SWEEP_TX|seq=041,counter=41,idx=77,bit=0,field=sig|mesh|3a67e6e
OASIS|A|UART|SWEEP_TX|seq=042,counter=42,idx=33,bit=3,field=plen|mesh|3a67e6e
OASIS|A|UART|SWEEP_TX|seq=043,counter=43,idx=53,bit=5,field=sig|mesh|3a67e6e
OASIS|A|UART|SWEEP_TX|seq=044,counter=44,idx=45,bit=7,field=sig|mesh|3a67e6e
OASIS|A|UART|SWEEP_TX|seq=045,counter=45,idx=15,bit=7,field=origin|mesh|3a67e6e
OASIS|A|UART|SWEEP_TX|seq=046,counter=46,idx=112,bit=7,field=payload|mesh|3a67e6e
OASIS|A|UART|SWEEP_TX|seq=047,counter=47,idx=35,bit=2,field=sig|mesh|3a67e6e
OASIS|A|UART|SWEEP_TX|seq=048,counter=48,idx=109,bit=3,field=payload|mesh|3a67e6e
OASIS|A|UART|SWEEP_TX|seq=049,counter=49,idx=83,bit=1,field=sig|mesh|3a67e6e
OASIS|A|UART|SWEEP_TX|seq=050,counter=50,idx=30,bit=7,field=ttl|mesh|3a67e6e
OASIS|A|UART|V0B_SWEEP_DONE|tx=50|mesh|3a67e6e
