Kani Rust Verifier 0.68.0 (cargo plugin)
CBMC 6.11.0
   Compiling typenum v1.20.1
   Compiling proc-macro2 v1.0.106
   Compiling unicode-ident v1.0.24
   Compiling quote v1.0.45
   Compiling version_check v0.9.5
   Compiling libc v0.2.186
   Compiling generic-array v0.14.7
   Compiling hax-lib v0.3.7
warning: use of an unstable feature
 --> <crate attribute>:1:12
  |
1 | #![feature(register_tool)]
  |            ^^^^^^^^^^^^^
  |
  = note: requested on the command line with `--force-warn unstable-features`

   Compiling syn v2.0.117
   Compiling hybrid-array v0.4.12
warning: use of an unstable feature
 --> <crate attribute>:1:12
  |
1 | #![feature(register_tool)]
  |            ^^^^^^^^^^^^^
  |
  = note: requested on the command line with `--force-warn unstable-features`

   Compiling crypto-common v0.1.7
warning: use of an unstable feature
 --> <crate attribute>:1:12
  |
1 | #![feature(register_tool)]
  |            ^^^^^^^^^^^^^
  |
  = note: requested on the command line with `--force-warn unstable-features`

warning: use of an unstable feature
 --> <crate attribute>:1:12
  |
1 | #![feature(register_tool)]
  |            ^^^^^^^^^^^^^
  |
  = note: requested on the command line with `--force-warn unstable-features`

   Compiling cfg-if v1.0.4
   Compiling cmov v0.5.4
warning: use of an unstable feature
 --> <crate attribute>:1:12
  |
1 | #![feature(register_tool)]
  |            ^^^^^^^^^^^^^
  |
  = note: requested on the command line with `--force-warn unstable-features`

   Compiling crypto-common v0.2.2
warning: use of an unstable feature
 --> <crate attribute>:1:12
  |
1 | #![feature(register_tool)]
  |            ^^^^^^^^^^^^^
  |
  = note: requested on the command line with `--force-warn unstable-features`

   Compiling ctutils v0.4.3
warning: use of an unstable feature
 --> <crate attribute>:1:12
  |
1 | #![feature(register_tool)]
  |            ^^^^^^^^^^^^^
  |
  = note: requested on the command line with `--force-warn unstable-features`

   Compiling block-buffer v0.12.0
warning: use of an unstable feature
 --> <crate attribute>:1:12
  |
1 | #![feature(register_tool)]
  |            ^^^^^^^^^^^^^
  |
  = note: requested on the command line with `--force-warn unstable-features`

   Compiling libcrux-intrinsics v0.0.8
warning: use of an unstable feature
 --> <crate attribute>:1:12
  |
1 | #![feature(register_tool)]
  |            ^^^^^^^^^^^^^
  |
  = note: requested on the command line with `--force-warn unstable-features`

   Compiling serde_core v1.0.228
warning: use of an unstable feature
 --> <crate attribute>:1:12
  |
1 | #![feature(register_tool)]
  |            ^^^^^^^^^^^^^
  |
  = note: requested on the command line with `--force-warn unstable-features`

   Compiling rand_core v0.10.1
warning: use of an unstable feature
 --> <crate attribute>:1:12
  |
1 | #![feature(register_tool)]
  |            ^^^^^^^^^^^^^
  |
  = note: requested on the command line with `--force-warn unstable-features`

   Compiling rand v0.10.3
   Compiling digest v0.11.3
warning: use of an unstable feature
 --> <crate attribute>:1:12
  |
1 | #![feature(register_tool)]
  |            ^^^^^^^^^^^^^
  |
  = note: requested on the command line with `--force-warn unstable-features`

   Compiling inout v0.1.4
warning: use of an unstable feature
 --> <crate attribute>:1:12
  |
1 | #![feature(register_tool)]
  |            ^^^^^^^^^^^^^
  |
  = note: requested on the command line with `--force-warn unstable-features`

   Compiling libcrux-sha3 v0.0.10
   Compiling cpufeatures v0.2.17
warning: use of an unstable feature
 --> <crate attribute>:1:12
  |
1 | #![feature(register_tool)]
  |            ^^^^^^^^^^^^^
  |
  = note: requested on the command line with `--force-warn unstable-features`

   Compiling subtle v2.6.1
warning: use of an unstable feature
 --> <crate attribute>:1:12
  |
1 | #![feature(register_tool)]
  |            ^^^^^^^^^^^^^
  |
  = note: requested on the command line with `--force-warn unstable-features`

warning: use of an unstable feature
 --> <crate attribute>:1:12
  |
1 | #![feature(register_tool)]
  |            ^^^^^^^^^^^^^
  |
  = note: requested on the command line with `--force-warn unstable-features`

   Compiling zeroize v1.8.2
   Compiling zmij v1.0.21
warning: use of an unstable feature
 --> <crate attribute>:1:12
  |
1 | #![feature(register_tool)]
  |            ^^^^^^^^^^^^^
  |
  = note: requested on the command line with `--force-warn unstable-features`

   Compiling getrandom v0.4.2
   Compiling cipher v0.4.4
warning: use of an unstable feature
 --> <crate attribute>:1:12
  |
1 | #![feature(register_tool)]
  |            ^^^^^^^^^^^^^
  |
  = note: requested on the command line with `--force-warn unstable-features`

   Compiling universal-hash v0.5.1
   Compiling libcrux-platform v0.0.3
warning: use of an unstable feature
 --> <crate attribute>:1:12
  |
1 | #![feature(register_tool)]
  |            ^^^^^^^^^^^^^
  |
  = note: requested on the command line with `--force-warn unstable-features`

warning: use of an unstable feature
 --> <crate attribute>:1:12
  |
1 | #![feature(register_tool)]
  |            ^^^^^^^^^^^^^
  |
  = note: requested on the command line with `--force-warn unstable-features`

   Compiling serde v1.0.228
   Compiling libm v0.2.16
   Compiling libcrux-ml-dsa v0.0.10
   Compiling serde_json v1.0.150
   Compiling opaque-debug v0.3.1
warning: use of an unstable feature
 --> <crate attribute>:1:12
  |
1 | #![feature(register_tool)]
  |            ^^^^^^^^^^^^^
  |
  = note: requested on the command line with `--force-warn unstable-features`

   Compiling poly1305 v0.8.0
warning: use of an unstable feature
 --> <crate attribute>:1:12
  |
1 | #![feature(register_tool)]
  |            ^^^^^^^^^^^^^
  |
  = note: requested on the command line with `--force-warn unstable-features`

warning: use of an unstable feature
 --> <crate attribute>:1:12
  |
1 | #![feature(register_tool)]
  |            ^^^^^^^^^^^^^
  |
  = note: requested on the command line with `--force-warn unstable-features`

   Compiling chacha20 v0.9.1
warning: use of an unstable feature
 --> <crate attribute>:1:12
  |
1 | #![feature(register_tool)]
  |            ^^^^^^^^^^^^^
  |
  = note: requested on the command line with `--force-warn unstable-features`

   Compiling hmac v0.13.0
warning: use of an unstable feature
 --> <crate attribute>:1:12
  |
1 | #![feature(register_tool)]
  |            ^^^^^^^^^^^^^
  |
  = note: requested on the command line with `--force-warn unstable-features`

warning: use of an unstable feature
 --> <crate attribute>:1:12
  |
1 | #![feature(register_tool)]
  |            ^^^^^^^^^^^^^
  |
  = note: requested on the command line with `--force-warn unstable-features`

   Compiling aead v0.5.2
   Compiling cpufeatures v0.3.0
warning: use of an unstable feature
 --> <crate attribute>:1:12
  |
1 | #![feature(register_tool)]
  |            ^^^^^^^^^^^^^
  |
  = note: requested on the command line with `--force-warn unstable-features`

   Compiling crc-catalog v2.5.0
warning: use of an unstable feature
 --> <crate attribute>:1:12
  |
1 | #![feature(register_tool)]
  |            ^^^^^^^^^^^^^
  |
  = note: requested on the command line with `--force-warn unstable-features`

warning: use of an unstable feature
 --> <crate attribute>:1:12
  |
1 | #![feature(register_tool)]
  |            ^^^^^^^^^^^^^
  |
  = note: requested on the command line with `--force-warn unstable-features`

   Compiling memchr v2.8.1
   Compiling itoa v1.0.18
warning: use of an unstable feature
 --> <crate attribute>:1:12
  |
1 | #![feature(register_tool)]
  |            ^^^^^^^^^^^^^
  |
  = note: requested on the command line with `--force-warn unstable-features`

   Compiling crc v3.4.0
warning: use of an unstable feature
 --> <crate attribute>:1:12
  |
1 | #![feature(register_tool)]
  |            ^^^^^^^^^^^^^
  |
  = note: requested on the command line with `--force-warn unstable-features`

   Compiling chacha20poly1305 v0.10.1
warning: use of an unstable feature
 --> <crate attribute>:1:12
  |
1 | #![feature(register_tool)]
  |            ^^^^^^^^^^^^^
  |
  = note: requested on the command line with `--force-warn unstable-features`

   Compiling sha2 v0.11.0
warning: use of an unstable feature
 --> <crate attribute>:1:12
  |
1 | #![feature(register_tool)]
  |            ^^^^^^^^^^^^^
  |
  = note: requested on the command line with `--force-warn unstable-features`

   Compiling hkdf v0.13.0
warning: use of an unstable feature
 --> <crate attribute>:1:12
  |
1 | #![feature(register_tool)]
  |            ^^^^^^^^^^^^^
  |
  = note: requested on the command line with `--force-warn unstable-features`

   Compiling ed25519-compact v2.3.0
warning: use of an unstable feature
 --> <crate attribute>:1:12
  |
1 | #![feature(register_tool)]
  |            ^^^^^^^^^^^^^
  |
  = note: requested on the command line with `--force-warn unstable-features`

warning: use of an unstable feature
 --> <crate attribute>:1:12
  |
1 | #![feature(register_tool)]
  |            ^^^^^^^^^^^^^
  |
  = note: requested on the command line with `--force-warn unstable-features`

   Compiling getrandom v0.2.17
warning: use of an unstable feature
 --> <crate attribute>:1:12
  |
1 | #![feature(register_tool)]
  |            ^^^^^^^^^^^^^
  |
  = note: requested on the command line with `--force-warn unstable-features`

warning: use of an unstable feature
 --> <crate attribute>:1:12
  |
1 | #![feature(register_tool)]
  |            ^^^^^^^^^^^^^
  |
  = note: requested on the command line with `--force-warn unstable-features`

   Compiling hax-lib-macros v0.3.7
   Compiling libcrux-macros v0.0.3
warning: use of an unstable feature
 --> <crate attribute>:1:12
  |
1 | #![feature(register_tool)]
  |            ^^^^^^^^^^^^^
  |
  = note: requested on the command line with `--force-warn unstable-features`

   Compiling serde_derive v1.0.228
warning: use of an unstable feature
 --> <crate attribute>:1:12
  |
1 | #![feature(register_tool)]
  |            ^^^^^^^^^^^^^
  |
  = note: requested on the command line with `--force-warn unstable-features`

warning: use of an unstable feature
 --> <crate attribute>:1:12
  |
1 | #![feature(register_tool)]
  |            ^^^^^^^^^^^^^
  |
  = note: requested on the command line with `--force-warn unstable-features`

   Compiling libcrux-secrets v0.0.6
warning: use of an unstable feature
 --> <crate attribute>:1:12
  |
1 | #![feature(register_tool)]
  |            ^^^^^^^^^^^^^
  |
  = note: requested on the command line with `--force-warn unstable-features`

warning: use of an unstable feature
 --> <crate attribute>:1:12
  |
1 | #![feature(register_tool)]
  |            ^^^^^^^^^^^^^
  |
  = note: requested on the command line with `--force-warn unstable-features`

   Compiling libcrux-traits v0.0.8
warning: use of an unstable feature
 --> <crate attribute>:1:12
  |
1 | #![feature(register_tool)]
  |            ^^^^^^^^^^^^^
  |
  = note: requested on the command line with `--force-warn unstable-features`

warning: use of an unstable feature
 --> <crate attribute>:1:12
  |
1 | #![feature(register_tool)]
  |            ^^^^^^^^^^^^^
  |
  = note: requested on the command line with `--force-warn unstable-features`

warning: use of an unstable feature
 --> <crate attribute>:1:12
  |
1 | #![feature(register_tool)]
  |            ^^^^^^^^^^^^^
  |
  = note: requested on the command line with `--force-warn unstable-features`

warning: use of an unstable feature
 --> <crate attribute>:1:12
  |
1 | #![feature(register_tool)]
  |            ^^^^^^^^^^^^^
  |
  = note: requested on the command line with `--force-warn unstable-features`

   Compiling oasis-rt v0.3.0 (/home/pc/oasis-kani-neg/oasis-rt)
warning: unused import: `crate::vec::*`
 --> oasis-rt/src/morpho.rs:6:5
  |
6 | use crate::vec::*;
  |     ^^^^^^^^^^^^^
  |
  = note: `#[warn(unused_imports)]` (part of `#[warn(unused)]`) on by default

warning: trailing semicolon in macro used in expression position
   --> oasis-rt/src/actuation/kani_proofs.rs:178:34
    |
178 |         Some(OrderClass::Act) => assert!(c == 0),
    |                                  ^^^^^^^^^^^^^^^
    |
    = warning: this was previously accepted by the compiler but is being phased out; it will become a hard error in a future release!
    = note: for more information, see issue #79813 <https://github.com/rust-lang/rust/issues/79813>
    = note: `#[warn(semicolon_in_expressions_from_non_local_macros)]` (part of `#[warn(future_incompatible)]`) on by default
    = note: this warning originates in the macro `assert` (in Nightly builds, run with -Z macro-backtrace for more info)

warning: trailing semicolon in macro used in expression position
   --> oasis-rt/src/actuation/kani_proofs.rs:179:35
    |
179 |         Some(OrderClass::Stop) => assert!(c == 1),
    |                                   ^^^^^^^^^^^^^^^
    |
    = warning: this was previously accepted by the compiler but is being phased out; it will become a hard error in a future release!
    = note: for more information, see issue #79813 <https://github.com/rust-lang/rust/issues/79813>
    = note: this warning originates in the macro `assert` (in Nightly builds, run with -Z macro-backtrace for more info)

warning: trailing semicolon in macro used in expression position
   --> oasis-rt/src/actuation/kani_proofs.rs:180:17
    |
180 |         None => assert!(c > 1),
    |                 ^^^^^^^^^^^^^^
    |
    = warning: this was previously accepted by the compiler but is being phased out; it will become a hard error in a future release!
    = note: for more information, see issue #79813 <https://github.com/rust-lang/rust/issues/79813>
    = note: this warning originates in the macro `assert` (in Nightly builds, run with -Z macro-backtrace for more info)

warning: trailing semicolon in macro used in expression position
  --> oasis-rt/src/enrollment/kani_proofs.rs:62:17
   |
62 |         None => assert!(a.enroll_seq <= held.seq && d == EnrollDecision::Reject(EnrollReject::StaleSeq)),
   |                 ^^^^^^^^^^^^^^^^^^^^^^^^^^^^^^^^^^^^^^^^^^^^^^^^^^^^^^^^^^^^^^^^^^^^^^^^^^^^^^^^^^^^^^^^
   |
   = warning: this was previously accepted by the compiler but is being phased out; it will become a hard error in a future release!
   = note: for more information, see issue #79813 <https://github.com/rust-lang/rust/issues/79813>
   = note: this warning originates in the macro `assert` (in Nightly builds, run with -Z macro-backtrace for more info)

warning: trailing semicolon in macro used in expression position
   --> oasis-rt/src/journal/kani_proofs.rs:121:38
    |
121 |         Some(LoggedDecision::Act) => assert!(b == DEC_ACT),
    |                                      ^^^^^^^^^^^^^^^^^^^^^
    |
    = warning: this was previously accepted by the compiler but is being phased out; it will become a hard error in a future release!
    = note: for more information, see issue #79813 <https://github.com/rust-lang/rust/issues/79813>
    = note: this warning originates in the macro `assert` (in Nightly builds, run with -Z macro-backtrace for more info)

warning: trailing semicolon in macro used in expression position
   --> oasis-rt/src/journal/kani_proofs.rs:122:39
    |
122 |         Some(LoggedDecision::Stop) => assert!(b == DEC_STOP),
    |                                       ^^^^^^^^^^^^^^^^^^^^^^
    |
    = warning: this was previously accepted by the compiler but is being phased out; it will become a hard error in a future release!
    = note: for more information, see issue #79813 <https://github.com/rust-lang/rust/issues/79813>
    = note: this warning originates in the macro `assert` (in Nightly builds, run with -Z macro-backtrace for more info)

warning: unnecessary parentheses around assigned value
   --> oasis-rt/src/mesh/kani_proofs.rs:684:31
    |
684 |     let error_milli_swapped = ({
    |                               ^
...
687 |     });
    |      ^
    |
    = note: `#[warn(unused_parens)]` (part of `#[warn(unused)]`) on by default
help: remove these parentheses
    |
684 ~     let error_milli_swapped = {
685 |         let d = if v >= c { v - c } else { c - v };
686 |         (d as u64 * 100_000) / larger as u64
687 ~     };
    |

warning: trailing semicolon in macro used in expression position
  --> oasis-rt/src/mesh_revocation/kani_proofs.rs:50:14
   |
50 |         _ => assert!(new.is_none()),
   |              ^^^^^^^^^^^^^^^^^^^^^^
   |
   = warning: this was previously accepted by the compiler but is being phased out; it will become a hard error in a future release!
   = note: for more information, see issue #79813 <https://github.com/rust-lang/rust/issues/79813>
   = note: this warning originates in the macro `assert` (in Nightly builds, run with -Z macro-backtrace for more info)

warning: unused import: `crate::vec::*`
  --> oasis-rt/src/spore.rs:13:5
   |
13 | use crate::vec::*;
   |     ^^^^^^^^^^^^^

warning: unused variable: `persistence`
   --> oasis-rt/src/efference.rs:109:13
    |
109 |         let persistence = if severity != Severity::Nominal {
    |             ^^^^^^^^^^^ help: if this is intentional, prefix it with an underscore: `_persistence`
    |
    = note: `#[warn(unused_variables)]` (part of `#[warn(unused)]`) on by default

warning: unused variable: `agent_count`
   --> oasis-rt/src/federation.rs:116:59
    |
116 |     pub fn propagate(&mut self, synapses: &mut [Synapse], agent_count: usize, entropies: &[f64]) -> u32 {
    |                                                           ^^^^^^^^^^^ help: if this is intentional, prefix it with an underscore: `_agent_count`

warning: unused variable: `before`
   --> oasis-rt/src/federation.rs:567:13
    |
567 |         let before = self.digest_count();
    |             ^^^^^^ help: if this is intentional, prefix it with an underscore: `_before`

warning: unused variable: `handlers`
   --> oasis-rt/src/spinal.rs:152:17
    |
152 |             let handlers = block.lines().find(|l| l.starts_with("H: Handlers=")).unwrap_or("");
    |                 ^^^^^^^^ help: if this is intentional, prefix it with an underscore: `_handlers`

warning: unused variable: `quorum_ok`
   --> oasis-rt/src/quorum.rs:194:58
    |
194 | pub fn quorum_decision(ctx: &GateContext, i: &GateInput, quorum_ok: bool) -> Decision {
    |                                                          ^^^^^^^^^ help: if this is intentional, prefix it with an underscore: `_quorum_ok`

warning: function `any_msg_id` is never used
  --> oasis-rt/src/fragment/kani_proofs.rs:44:4
   |
44 | fn any_msg_id(_msg: &[u8]) -> [u8; 8] {
   |    ^^^^^^^^^^
   |
   = note: `#[warn(dead_code)]` (part of `#[warn(unused)]`) on by default

warning: function `genesis_stub` is never used
  --> oasis-rt/src/journal/kani_proofs.rs:33:4
   |
33 | fn genesis_stub(boot_id: u64) -> [u8; 32] {
   |    ^^^^^^^^^^^^

warning: function `chain_stub` is never used
  --> oasis-rt/src/journal/kani_proofs.rs:40:4
   |
40 | fn chain_stub(prev: &[u8; 32], entry: &[u8; ENTRY_LEN]) -> [u8; 32] {
   |    ^^^^^^^^^^

warning: use of an unstable feature
 --> <crate attribute>:1:12
  |
1 | #![feature(register_tool)]
  |            ^^^^^^^^^^^^^
  |
  = note: requested on the command line with `--force-warn unstable-features`

warning: variable `cA` should have a snake case name
   --> oasis-rt/src/world_model.rs:283:13
    |
283 |         let cA: f64 = kani::any();
    |             ^^ help: convert the identifier to snake case: `c_a`
    |
    = note: `#[warn(non_snake_case)]` (part of `#[warn(nonstandard_style)]`) on by default

warning: variable `pA` should have a snake case name
   --> oasis-rt/src/world_model.rs:284:13
    |
284 |         let pA: f64 = kani::any();
    |             ^^ help: convert the identifier to snake case: `p_a`

warning: variable `cB` should have a snake case name
   --> oasis-rt/src/world_model.rs:285:13
    |
285 |         let cB: f64 = kani::any();
    |             ^^ help: convert the identifier to snake case: `c_b`

warning: variable `pB` should have a snake case name
   --> oasis-rt/src/world_model.rs:286:13
    |
286 |         let pB: f64 = kani::any();
    |             ^^ help: convert the identifier to snake case: `p_b`

warning: variable `gA` should have a snake case name
   --> oasis-rt/src/world_model.rs:291:13
    |
291 |         let gA = repulsive_grad_1d(x, cA, pA);
    |             ^^ help: convert the identifier to snake case: `g_a`

warning: variable `gB` should have a snake case name
   --> oasis-rt/src/world_model.rs:292:13
    |
292 |         let gB = repulsive_grad_1d(x, cB, pB);
    |             ^^ help: convert the identifier to snake case: `g_b`

    Finished `dev` profile [unoptimized + debuginfo] target(s) in 24.18s
warning: the following packages contain code that will be rejected by a future version of Rust: oasis-rt v0.3.0 (/home/pc/oasis-kani-neg/oasis-rt)
note: to see what the problems were, use the option `--future-incompat-report`, or run `cargo report future-incompatibilities --id 1`
Checking harness quorum::kani_proofs::proof_quorum_required_to_act...

VERIFICATION RESULT:
 ** 1 of 161 failed
Failed Checks: "acted without a quorum"
 File: "oasis-rt/src/quorum/kani_proofs.rs", line 40, in quorum::kani_proofs::proof_quorum_required_to_act

VERIFICATION:- FAILED
Verification Time: 0.25043353s

Manual Harness Summary:
Verification failed for - quorum::kani_proofs::proof_quorum_required_to_act
Complete - 0 successfully verified harnesses, 1 failures, 1 total.
