# T6 port transitions (port_watch.sh, 100 ms sampling). Upload started 23:04:03Z (GAP=0.1).
# Two absences: both power-on resets (SCRATCH3=0 in both bootloader breadcrumb records below; a soft/watchdog reset would keep 100).
2026-10-06T23:04:03.262Z /dev/ttyS10 present
2026-10-06T23:04:13.427Z /dev/ttyS10 absent
2026-10-06T23:04:24.751Z /dev/ttyS10 present
2026-10-06T23:04:47.216Z /dev/ttyS10 absent
2026-10-06T23:05:05.462Z /dev/ttyS10 present
# breadcrumbs 0x1F0100..0x1F01FF (two boots after T5's revert record: C1 s3=0 s2=0, B4=state Revert, code word 0xffdaf00b = v2, A1..A6)
OASIS|C|UART|FLASH|off=1f0100,bytes=e4e2e0e0e1e8e1e0e0e1e0e0ebefe0edeaefefb9a1a2a3a4a5a6c1e0e0e0e0e0e0e0e0e0e0c2e0e0e0e0e0e0e0e0b1b4d1e0e0e2e0e0e0e0e0e4e0e8e0e0e1e0|mesh|200d96b
OASIS|C|UART|FLASH|off=1f0140,bytes=e0d2e0e0e2e0e0e4e2e0e0e1e8e1e0e0e1e0e0ebefe0edeaefefb9a1a2a3a4a5a6c1e0e0e0e0e0e0e0e0e0e0c2e0e0e0e0e0e0e0e0b1b4d1e0e0e2e0e0e0e0e0|mesh|200d96b
OASIS|C|UART|FLASH|off=1f0180,bytes=e4e0e8e0e0e1e0e0d2e0e0e2e0e0e4e2e0e0e1e8e1e0e0e1e0e0ebefe0edeaefefb9a1a2a3a4a5a6ffffffffffffffffffffffffffffffffffffffffffffffff|mesh|200d96b
OASIS|C|UART|FLASH|off=007000,bytes=c0ffffffffffffffffffffffffffffffffffffffffffffffffffffffffffffffffffffffffffffffffffffffffffffffffffffffffffffffffffffffffffffff|mesh|200d96b
# DFU first 64 bytes of each 4 KiB page vs C_v3.bin: pages 0..5 = v3, pages 6..15 = C_v3hang.bin (the image the T5 revert swapped out)
DFU off=088000,bytes=0020042001810010a9810010a5e6041000000000000000000000000000000000000000000000000000000000a98100100000000000000000a9810010a9810010
DFU off=089000,bytes=006800f04bfb80bd80b500af006800f057fb80bddcb504af00680278072a01d8032200e0083ad2b27a441279520097440116060b03c9cb6810490c2213e003c9
DFU off=08a000,bytes=1d9114a81c901ca8009007220f981749174b07f04ff80d980a99fff7a9f80c9c0e9baae70f481d9014a81c901ca8009010490c22104b0f9807f03cf810a8fff7
DFU off=08b000,bytes=6944002228461d923cf04cfb29224698294608f019ff002800d1c6e1ab4e6e44b79800683080a54c6c44a078b070a19de878b490a878b3902878b2906878af90
DFU off=08c000,bytes=c269006a511858411a465a41d493db43002a1a4600d10a4600d10346b7486844fdf708fe0028a594d698b49021d1c699c869096acc9a03c2cf99c8680969d39a
DFU off=08d000,bytes=5555e53f00a2ef2efc05e73d000020654715f73f00408fc00000e0ffffffef41582d0000982d000051800110ace7041065500110d82d0000582e000058190000
DFU off=08e000,bytes=a5910178a3914178a291c1798391817981910179809140797f901922592387982946fbf78bfb402901d002f0cefc03469e486844402219463cf082fa9c486844
DFU off=08f000,bytes=efef0410d9f4041028400540df9b571301f5041031f50410ecf4041006f504101bf5041064f504108817000053f50410115e5f00e94f0110182e0000d82d0000
DFU off=090000,bytes=c1006058611849683df074ffc0070021b19a521cb1924d410028d7d198486844ad9aaf9b36f06ef8a398002800d1eee1944d6d442846b799b39a31f09efccc9c
DFU off=091000,bytes=55619461d161106231486844f8f76cfe012804d108469f9939f02cf8f4e786f31088eff3108672b6fd2040032449d19a55619461d161106225486844f8f754fe
DFU off=092000,bytes=d2b2062a01d2373980bd002080bdd4d480b500af0b4602461b480521042b32d313784f2b2fd15378412b1dd0452b0bd0462b11d0522b26d19378562b23d1d278
DFU off=093000,bytes=f0b503afafb01d460d910646032b0f92104600d800207d4a04210b46f6f7eefab968002839d00e9629ac03200a9020717a486080ff20023020801ca80c90001d
DFU off=094000,bytes=001f0668b4420fd21d4600910e60002d07d02d1d081f08390e68b4420146f5d300e00198046000991b1f091d121de2e701988068fcbdd4d480b500af01480521
DFU off=095000,bytes=2146f3f79bf805904443301b049082b292082e484243530c28465d002c494c5d06aa1218111f0c70d11e294c6419054664780c70642159430498401a80b24000
DFU off=096000,bytes=d4060510f0b503aff74eb544f74969442091f74969442291f64969441c91ffa9b0311e91219000202890c143f86825905d00680d2490f04e2a930ad033401046
DFU off=097000,bytes=0446284633f0ecfa0b99002901d1203004460e9919e0c04620050000ffff0f00ffff1f00ffffef7fcbfbffff28050000bcfe0410bdfe0410c4fe0410c1fe0410
