# upload 287264 bytes from B_v3.bin at 2026-10-06T23:20:55Z
OASIS|B|UART|DFU_PROGRESS|written_to=65536|mesh|200d96b
OASIS|B|UART|DFU_PROGRESS|written_to=131072|mesh|200d96b
OASIS|B|UART|DFU_PROGRESS|written_to=196608|mesh|200d96b
OASIS|B|UART|DFU_PROGRESS|written_to=262144|mesh|200d96b
OASIS|B|UART|DFU_PROGRESS|written_to=287264|mesh|200d96b
# upload sent in 21 s
OASIS|B|UART|STAGE|len=0|mesh|200d96b
OASIS|B|UART|STAGE|len=280|mesh|200d96b
OASIS|B|UART|STAGE|len=560|mesh|200d96b
OASIS|B|UART|STAGE|len=840|mesh|200d96b
OASIS|B|UART|STAGE|len=1120|mesh|200d96b
OASIS|B|UART|STAGE|len=1400|mesh|200d96b
OASIS|B|UART|STAGE|len=1680|mesh|200d96b
OASIS|B|UART|STAGE|len=1960|mesh|200d96b
OASIS|B|UART|STAGE|len=2240|mesh|200d96b
OASIS|B|UART|STAGE|len=2520|mesh|200d96b
OASIS|B|UART|STAGE|len=2548|mesh|200d96b
OASIS|B|UART|FW_INSTALL|accepted,version=3,running=1,floor=1,check_us=687992,resetting_for_swap|mesh|200d96b
# port transitions (port_watch.sh, 100 ms sampling)
2026-10-06T23:20:55.083Z /dev/ttyS9 present
2026-10-06T23:21:18.411Z /dev/ttyS9 absent
2026-10-06T23:21:35.232Z /dev/ttyS9 present
# @V after the swap
OASIS|B|UART|LEASE_PERSIST|ceiling=7674,writes_since_boot=2|mesh|200d96b
OASIS|B|UART|FW_STATUS|version=3,floor=3,boot=ConfirmedAfterSwap,bootloader_state=Boot,fp=f6bd34440030a136,guard_failed_before=0|mesh|200d96b
