OASIS|C|UART|RXF|n=1,len=297,ctr=2571,seq=??n|mesh|4713703
OASIS|C|UART|ARRIVED|msg_id=7771017477377178397,hops=0,sig=verified,forward=true|mesh|4713703
OASIS|C|UART|FRAG_RX|origin=f6bd34440030a136,idx=0,count=14,outcome=incomplete|mesh|4713703
OASIS|C|UART|RXF|n=2,len=297,ctr=2572,seq=??f|mesh|4713703
OASIS|C|UART|ARRIVED|msg_id=17668691332460214300,hops=0,sig=verified,forward=true|mesh|4713703
OASIS|C|UART|FRAG_RX|origin=f6bd34440030a136,idx=1,count=14,outcome=incomplete|mesh|4713703
OASIS|C|UART|RXF|n=3,len=297,ctr=2573,seq=w%.|mesh|4713703
OASIS|C|UART|ARRIVED|msg_id=11951564835218849802,hops=0,sig=verified,forward=true|mesh|4713703
OASIS|C|UART|FRAG_RX|origin=f6bd34440030a136,idx=2,count=14,outcome=incomplete|mesh|4713703
OASIS|C|UART|RXF|n=4,len=297,ctr=2574,seq=???|mesh|4713703
OASIS|C|UART|ARRIVED|msg_id=6166430847662830881,hops=0,sig=verified,forward=true|mesh|4713703
OASIS|C|UART|FRAG_RX|origin=f6bd34440030a136,idx=3,count=14,outcome=incomplete|mesh|4713703
OASIS|C|UART|RXF|n=5,len=297,ctr=2575,seq=?s?|mesh|4713703
OASIS|C|UART|ARRIVED|msg_id=7580765876543399736,hops=0,sig=verified,forward=true|mesh|4713703
OASIS|C|UART|FRAG_RX|origin=f6bd34440030a136,idx=4,count=14,outcome=incomplete|mesh|4713703
OASIS|C|UART|RXF|n=6,len=297,ctr=2576,seq=??8|mesh|4713703
OASIS|C|UART|ARRIVED|msg_id=9272486616668744616,hops=0,sig=verified,forward=true|mesh|4713703
OASIS|C|UART|FRAG_RX|origin=f6bd34440030a136,idx=5,count=14,outcome=incomplete|mesh|4713703
OASIS|C|UART|RXF|n=7,len=297,ctr=2577,seq=??1|mesh|4713703
OASIS|C|UART|ARRIVED|msg_id=12268046917690319452,hops=0,sig=verified,forward=true|mesh|4713703
OASIS|C|UART|FRAG_RX|origin=f6bd34440030a136,idx=6,count=14,outcome=incomplete|mesh|4713703
OASIS|C|UART|RXF|n=8,len=297,ctr=2578,seq=??d|mesh|4713703
OASIS|C|UART|ARRIVED|msg_id=3550967511900193196,hops=0,sig=verified,forward=true|mesh|4713703
OASIS|C|UART|FRAG_RX|origin=f6bd34440030a136,idx=7,count=14,outcome=incomplete|mesh|4713703
OASIS|C|UART|RXF|n=9,len=297,ctr=2579,seq=}??|mesh|4713703
OASIS|C|UART|ARRIVED|msg_id=679021740754018512,hops=0,sig=verified,forward=true|mesh|4713703
OASIS|C|UART|FRAG_RX|origin=f6bd34440030a136,idx=8,count=14,outcome=incomplete|mesh|4713703
OASIS|C|UART|RXF|n=10,len=297,ctr=2580,seq=?*?|mesh|4713703
OASIS|C|UART|ARRIVED|msg_id=8987960820477869114,hops=0,sig=verified,forward=true|mesh|4713703
OASIS|C|UART|FRAG_RX|origin=f6bd34440030a136,idx=9,count=14,outcome=incomplete|mesh|4713703
OASIS|C|UART|RXF|n=11,len=297,ctr=2581,seq=?C5|mesh|4713703
OASIS|C|UART|ARRIVED|msg_id=16955633502194225413,hops=0,sig=verified,forward=true|mesh|4713703
OASIS|C|UART|FRAG_RX|origin=f6bd34440030a136,idx=10,count=14,outcome=incomplete|mesh|4713703
OASIS|C|UART|RXF|n=12,len=297,ctr=2582,seq=???|mesh|4713703
OASIS|C|UART|ARRIVED|msg_id=3013668222763348307,hops=0,sig=verified,forward=true|mesh|4713703
OASIS|C|UART|FRAG_RX|origin=f6bd34440030a136,idx=11,count=14,outcome=incomplete|mesh|4713703
OASIS|C|UART|RXF|n=13,len=297,ctr=2583,seq=?do|mesh|4713703
OASIS|C|UART|ARRIVED|msg_id=5319850384215525343,hops=0,sig=verified,forward=true|mesh|4713703
OASIS|C|UART|FRAG_RX|origin=f6bd34440030a136,idx=12,count=14,outcome=incomplete|mesh|4713703
OASIS|C|UART|RXF|n=14,len=291,ctr=2584,seq=?$4|mesh|4713703
OASIS|C|UART|ARRIVED|msg_id=15564888423299007657,hops=0,sig=verified,forward=true|mesh|4713703
OASIS|C|UART|FRAG_RX|origin=f6bd34440030a136,idx=13,count=14,outcome=complete|mesh|4713703
OASIS|C|UART|AUTH|kind=2,suite=3,len=2542,decision=Enroll(Enrolled),verify_us=384651,stack=49244,forward=true|mesh|4713703
OASIS|C|UART|STATE|owner_seq=0,owner_ed=0beef5a9e679e6a3,pending_offer=0,peers=3,rev_signer=None|mesh|4713703
OASIS|C|UART|FRAG_TX|idx=0,count=14,counter=2559,len=297,tampered=false|mesh|4713703
OASIS|C|UART|FRAG_TX|idx=1,count=14,counter=2560,len=297,tampered=false|mesh|4713703
OASIS|C|UART|FRAG_TX|idx=2,count=14,counter=2561,len=297,tampered=false|mesh|4713703
OASIS|C|UART|FRAG_TX|idx=3,count=14,counter=2562,len=297,tampered=false|mesh|4713703
OASIS|C|UART|FRAG_TX|idx=4,count=14,counter=2563,len=297,tampered=false|mesh|4713703
OASIS|C|UART|FRAG_TX|idx=5,count=14,counter=2564,len=297,tampered=false|mesh|4713703
OASIS|C|UART|FRAG_TX|idx=6,count=14,counter=2565,len=297,tampered=false|mesh|4713703
OASIS|C|UART|FRAG_TX|idx=7,count=14,counter=2566,len=297,tampered=false|mesh|4713703
OASIS|C|UART|FRAG_TX|idx=8,count=14,counter=2567,len=297,tampered=false|mesh|4713703
OASIS|C|UART|FRAG_TX|idx=9,count=14,counter=2568,len=297,tampered=false|mesh|4713703
OASIS|C|UART|FRAG_TX|idx=10,count=14,counter=2569,len=297,tampered=false|mesh|4713703
OASIS|C|UART|FRAG_TX|idx=11,count=14,counter=2570,len=297,tampered=false|mesh|4713703
OASIS|C|UART|FRAG_TX|idx=12,count=14,counter=2571,len=297,tampered=false|mesh|4713703
OASIS|C|UART|FRAG_TX|idx=13,count=14,counter=2572,len=291,tampered=false|mesh|4713703
