OASIS|B|UART|RXF|n=1,len=297,ctr=2571,seq=??n|mesh|4713703
OASIS|B|UART|ARRIVED|msg_id=17620399053028962633,hops=0,sig=verified,forward=true|mesh|4713703
OASIS|B|UART|FRAG_RX|origin=822460d254200275,idx=0,count=14,outcome=incomplete|mesh|4713703
OASIS|B|UART|RXF|n=2,len=297,ctr=2572,seq=??f|mesh|4713703
OASIS|B|UART|ARRIVED|msg_id=9411050200235945340,hops=0,sig=verified,forward=true|mesh|4713703
OASIS|B|UART|FRAG_RX|origin=822460d254200275,idx=1,count=14,outcome=incomplete|mesh|4713703
OASIS|B|UART|RXF|n=3,len=297,ctr=2573,seq=w%.|mesh|4713703
OASIS|B|UART|ARRIVED|msg_id=3398887420126116913,hops=0,sig=verified,forward=true|mesh|4713703
OASIS|B|UART|FRAG_RX|origin=822460d254200275,idx=2,count=14,outcome=incomplete|mesh|4713703
OASIS|B|UART|RXF|n=4,len=297,ctr=2574,seq=???|mesh|4713703
OASIS|B|UART|ARRIVED|msg_id=14717201739889971990,hops=0,sig=verified,forward=true|mesh|4713703
OASIS|B|UART|FRAG_RX|origin=822460d254200275,idx=3,count=14,outcome=incomplete|mesh|4713703
OASIS|B|UART|RXF|n=5,len=297,ctr=2575,seq=?s?|mesh|4713703
OASIS|B|UART|ARRIVED|msg_id=11570877781062636516,hops=0,sig=verified,forward=true|mesh|4713703
OASIS|B|UART|FRAG_RX|origin=822460d254200275,idx=4,count=14,outcome=incomplete|mesh|4713703
OASIS|B|UART|RXF|n=6,len=297,ctr=2576,seq=??8|mesh|4713703
OASIS|B|UART|ARRIVED|msg_id=1332005516421342693,hops=0,sig=verified,forward=true|mesh|4713703
OASIS|B|UART|FRAG_RX|origin=822460d254200275,idx=5,count=14,outcome=incomplete|mesh|4713703
OASIS|B|UART|RXF|n=7,len=297,ctr=2577,seq=??1|mesh|4713703
OASIS|B|UART|ARRIVED|msg_id=9944192374635738569,hops=0,sig=verified,forward=true|mesh|4713703
OASIS|B|UART|FRAG_RX|origin=822460d254200275,idx=6,count=14,outcome=incomplete|mesh|4713703
OASIS|B|UART|RXF|n=8,len=297,ctr=2578,seq=??d|mesh|4713703
OASIS|B|UART|ARRIVED|msg_id=15051054798240487960,hops=0,sig=verified,forward=true|mesh|4713703
OASIS|B|UART|FRAG_RX|origin=822460d254200275,idx=7,count=14,outcome=incomplete|mesh|4713703
OASIS|B|UART|RXF|n=9,len=297,ctr=2579,seq=}??|mesh|4713703
OASIS|B|UART|ARRIVED|msg_id=13455541974717660987,hops=0,sig=verified,forward=true|mesh|4713703
OASIS|B|UART|FRAG_RX|origin=822460d254200275,idx=8,count=14,outcome=incomplete|mesh|4713703
OASIS|B|UART|RXF|n=10,len=297,ctr=2580,seq=?*?|mesh|4713703
OASIS|B|UART|ARRIVED|msg_id=14006983381772678895,hops=0,sig=verified,forward=true|mesh|4713703
OASIS|B|UART|FRAG_RX|origin=822460d254200275,idx=9,count=14,outcome=incomplete|mesh|4713703
OASIS|B|UART|RXF|n=11,len=297,ctr=2581,seq=?C5|mesh|4713703
OASIS|B|UART|ARRIVED|msg_id=314305765577951368,hops=0,sig=verified,forward=true|mesh|4713703
OASIS|B|UART|FRAG_RX|origin=822460d254200275,idx=10,count=14,outcome=incomplete|mesh|4713703
OASIS|B|UART|RXF|n=12,len=297,ctr=2582,seq=???|mesh|4713703
OASIS|B|UART|ARRIVED|msg_id=1770608162604320353,hops=0,sig=verified,forward=true|mesh|4713703
OASIS|B|UART|FRAG_RX|origin=822460d254200275,idx=11,count=14,outcome=incomplete|mesh|4713703
OASIS|B|UART|RXF|n=13,len=297,ctr=2583,seq=?do|mesh|4713703
OASIS|B|UART|ARRIVED|msg_id=17074150839121022897,hops=0,sig=verified,forward=true|mesh|4713703
OASIS|B|UART|FRAG_RX|origin=822460d254200275,idx=12,count=14,outcome=incomplete|mesh|4713703
OASIS|B|UART|RXF|n=14,len=291,ctr=2584,seq=?$4|mesh|4713703
OASIS|B|UART|ARRIVED|msg_id=5827033776883211725,hops=0,sig=verified,forward=true|mesh|4713703
OASIS|B|UART|FRAG_RX|origin=822460d254200275,idx=13,count=14,outcome=complete|mesh|4713703
OASIS|B|UART|AUTH|kind=2,suite=3,len=2542,decision=Enroll(Enrolled),verify_us=389053,stack=49244,forward=true|mesh|4713703
OASIS|B|UART|STATE|owner_seq=0,owner_ed=0beef5a9e679e6a3,pending_offer=0,peers=2,rev_signer=None|mesh|4713703
OASIS|B|UART|FRAG_TX|idx=0,count=14,counter=2571,len=297,tampered=false|mesh|4713703
OASIS|B|UART|FRAG_TX|idx=1,count=14,counter=2572,len=297,tampered=false|mesh|4713703
OASIS|B|UART|FRAG_TX|idx=2,count=14,counter=2573,len=297,tampered=false|mesh|4713703
OASIS|B|UART|FRAG_TX|idx=3,count=14,counter=2574,len=297,tampered=false|mesh|4713703
OASIS|B|UART|FRAG_TX|idx=4,count=14,counter=2575,len=297,tampered=false|mesh|4713703
OASIS|B|UART|FRAG_TX|idx=5,count=14,counter=2576,len=297,tampered=false|mesh|4713703
OASIS|B|UART|FRAG_TX|idx=6,count=14,counter=2577,len=297,tampered=false|mesh|4713703
OASIS|B|UART|FRAG_TX|idx=7,count=14,counter=2578,len=297,tampered=false|mesh|4713703
OASIS|B|UART|FRAG_TX|idx=8,count=14,counter=2579,len=297,tampered=false|mesh|4713703
OASIS|B|UART|FRAG_TX|idx=9,count=14,counter=2580,len=297,tampered=false|mesh|4713703
OASIS|B|UART|FRAG_TX|idx=10,count=14,counter=2581,len=297,tampered=false|mesh|4713703
OASIS|B|UART|FRAG_TX|idx=11,count=14,counter=2582,len=297,tampered=false|mesh|4713703
OASIS|B|UART|FRAG_TX|idx=12,count=14,counter=2583,len=297,tampered=false|mesh|4713703
OASIS|B|UART|FRAG_TX|idx=13,count=14,counter=2584,len=291,tampered=false|mesh|4713703
