OASIS|C|UART|RXF|n=18,len=296,ctr=2586,seq=Jo*|mesh|4713703
OASIS|C|UART|ARRIVED|msg_id=12820385777622117564,hops=0,sig=verified,forward=true|mesh|4713703
OASIS|C|UART|FRAG_RX|origin=f6bd34440030a136,idx=0,count=14,outcome=incomplete|mesh|4713703
OASIS|C|UART|RXF|n=19,len=296,ctr=2587,seq=???|mesh|4713703
OASIS|C|UART|ARRIVED|msg_id=17729492049042113189,hops=0,sig=verified,forward=true|mesh|4713703
OASIS|C|UART|FRAG_RX|origin=f6bd34440030a136,idx=1,count=14,outcome=incomplete|mesh|4713703
OASIS|C|UART|RXF|n=20,len=296,ctr=2588,seq=???|mesh|4713703
OASIS|C|UART|ARRIVED|msg_id=15615928080320455332,hops=0,sig=verified,forward=true|mesh|4713703
OASIS|C|UART|FRAG_RX|origin=f6bd34440030a136,idx=2,count=14,outcome=incomplete|mesh|4713703
OASIS|C|UART|RXF|n=21,len=296,ctr=2589,seq=??I|mesh|4713703
OASIS|C|UART|ARRIVED|msg_id=15033326581487159671,hops=0,sig=verified,forward=true|mesh|4713703
OASIS|C|UART|FRAG_RX|origin=f6bd34440030a136,idx=3,count=14,outcome=incomplete|mesh|4713703
OASIS|C|UART|RXF|n=22,len=296,ctr=2590,seq=?s?|mesh|4713703
OASIS|C|UART|ARRIVED|msg_id=18013771762579384,hops=0,sig=verified,forward=true|mesh|4713703
OASIS|C|UART|FRAG_RX|origin=f6bd34440030a136,idx=4,count=14,outcome=incomplete|mesh|4713703
OASIS|C|UART|RXF|n=23,len=296,ctr=2591,seq=c?Z|mesh|4713703
OASIS|C|UART|ARRIVED|msg_id=15042848603430705069,hops=0,sig=verified,forward=true|mesh|4713703
OASIS|C|UART|FRAG_RX|origin=f6bd34440030a136,idx=5,count=14,outcome=incomplete|mesh|4713703
OASIS|C|UART|RXF|n=24,len=296,ctr=2592,seq=?,<|mesh|4713703
OASIS|C|UART|ARRIVED|msg_id=18075280128718932632,hops=0,sig=verified,forward=true|mesh|4713703
OASIS|C|UART|FRAG_RX|origin=f6bd34440030a136,idx=6,count=14,outcome=incomplete|mesh|4713703
OASIS|C|UART|RXF|n=25,len=296,ctr=2593,seq=?Y?|mesh|4713703
OASIS|C|UART|ARRIVED|msg_id=10211106755208591171,hops=0,sig=verified,forward=true|mesh|4713703
OASIS|C|UART|FRAG_RX|origin=f6bd34440030a136,idx=7,count=14,outcome=incomplete|mesh|4713703
OASIS|C|UART|RXF|n=26,len=296,ctr=2594,seq=?l?|mesh|4713703
OASIS|C|UART|ARRIVED|msg_id=7270444602832870763,hops=0,sig=verified,forward=true|mesh|4713703
OASIS|C|UART|FRAG_RX|origin=f6bd34440030a136,idx=8,count=14,outcome=incomplete|mesh|4713703
OASIS|C|UART|RXF|n=27,len=296,ctr=2595,seq=bp?|mesh|4713703
OASIS|C|UART|ARRIVED|msg_id=13443768604706645300,hops=0,sig=verified,forward=true|mesh|4713703
OASIS|C|UART|FRAG_RX|origin=f6bd34440030a136,idx=9,count=14,outcome=incomplete|mesh|4713703
OASIS|C|UART|RXF|n=28,len=296,ctr=2596,seq=?J?|mesh|4713703
OASIS|C|UART|ARRIVED|msg_id=12400962806873820617,hops=0,sig=verified,forward=true|mesh|4713703
OASIS|C|UART|FRAG_RX|origin=f6bd34440030a136,idx=10,count=14,outcome=incomplete|mesh|4713703
OASIS|C|UART|RXF|n=29,len=296,ctr=2597,seq=???|mesh|4713703
OASIS|C|UART|ARRIVED|msg_id=11870501344149696637,hops=0,sig=verified,forward=true|mesh|4713703
OASIS|C|UART|FRAG_RX|origin=f6bd34440030a136,idx=11,count=14,outcome=incomplete|mesh|4713703
OASIS|C|UART|RXF|n=30,len=296,ctr=2598,seq=?*X|mesh|4713703
OASIS|C|UART|ARRIVED|msg_id=11839336236139553542,hops=0,sig=verified,forward=true|mesh|4713703
OASIS|C|UART|FRAG_RX|origin=f6bd34440030a136,idx=12,count=14,outcome=incomplete|mesh|4713703
OASIS|C|UART|RXF|n=31,len=288,ctr=2599,seq=?0>|mesh|4713703
OASIS|C|UART|ARRIVED|msg_id=1011771096334000221,hops=0,sig=verified,forward=true|mesh|4713703
OASIS|C|UART|FRAG_RX|origin=f6bd34440030a136,idx=13,count=14,outcome=complete|mesh|4713703
OASIS|C|UART|AUTH|kind=1,suite=3,len=2526,decision=Revocation(Applied),verify_us=383797,stack=49244,forward=true|mesh|4713703
OASIS|C|UART|REV|source=OAU1,epoch=1,revoked=1|mesh|4713703
OASIS|C|UART|FRAG_TX|idx=0,count=14,counter=2573,len=296,tampered=false|mesh|4713703
OASIS|C|UART|FRAG_TX|idx=1,count=14,counter=2574,len=296,tampered=false|mesh|4713703
OASIS|C|UART|FRAG_TX|idx=2,count=14,counter=2575,len=296,tampered=false|mesh|4713703
OASIS|C|UART|FRAG_TX|idx=3,count=14,counter=2576,len=296,tampered=false|mesh|4713703
OASIS|C|UART|FRAG_TX|idx=4,count=14,counter=2577,len=296,tampered=false|mesh|4713703
OASIS|C|UART|FRAG_TX|idx=5,count=14,counter=2578,len=296,tampered=false|mesh|4713703
OASIS|C|UART|FRAG_TX|idx=6,count=14,counter=2579,len=296,tampered=false|mesh|4713703
OASIS|C|UART|FRAG_TX|idx=7,count=14,counter=2580,len=296,tampered=false|mesh|4713703
OASIS|C|UART|FRAG_TX|idx=8,count=14,counter=2581,len=296,tampered=false|mesh|4713703
OASIS|C|UART|FRAG_TX|idx=9,count=14,counter=2582,len=296,tampered=false|mesh|4713703
OASIS|C|UART|FRAG_TX|idx=10,count=14,counter=2583,len=296,tampered=false|mesh|4713703
OASIS|C|UART|FRAG_TX|idx=11,count=14,counter=2584,len=296,tampered=false|mesh|4713703
OASIS|C|UART|FRAG_TX|idx=12,count=14,counter=2585,len=296,tampered=false|mesh|4713703
OASIS|C|UART|FRAG_TX|idx=13,count=14,counter=2586,len=288,tampered=false|mesh|4713703
