OASIS|B|UART|RXF|n=17,len=296,ctr=2587,seq=Jo*|mesh|4713703
OASIS|B|UART|ARRIVED|msg_id=9942486458688808000,hops=0,sig=verified,forward=true|mesh|4713703
OASIS|B|UART|FRAG_RX|origin=822460d254200275,idx=0,count=14,outcome=incomplete|mesh|4713703
OASIS|B|UART|RXF|n=18,len=296,ctr=2588,seq=???|mesh|4713703
OASIS|B|UART|ARRIVED|msg_id=14772676020870444428,hops=0,sig=verified,forward=true|mesh|4713703
OASIS|B|UART|FRAG_RX|origin=822460d254200275,idx=1,count=14,outcome=incomplete|mesh|4713703
OASIS|B|UART|RXF|n=19,len=296,ctr=2589,seq=???|mesh|4713703
OASIS|B|UART|ARRIVED|msg_id=4628258411380711263,hops=0,sig=verified,forward=true|mesh|4713703
OASIS|B|UART|FRAG_RX|origin=822460d254200275,idx=2,count=14,outcome=incomplete|mesh|4713703
OASIS|B|UART|RXF|n=20,len=296,ctr=2590,seq=??I|mesh|4713703
OASIS|B|UART|ARRIVED|msg_id=11909327648654127085,hops=0,sig=verified,forward=true|mesh|4713703
OASIS|B|UART|FRAG_RX|origin=822460d254200275,idx=3,count=14,outcome=incomplete|mesh|4713703
OASIS|B|UART|RXF|n=21,len=296,ctr=2591,seq=?s?|mesh|4713703
OASIS|B|UART|ARRIVED|msg_id=4185160083168679845,hops=0,sig=verified,forward=true|mesh|4713703
OASIS|B|UART|FRAG_RX|origin=822460d254200275,idx=4,count=14,outcome=incomplete|mesh|4713703
OASIS|B|UART|RXF|n=22,len=296,ctr=2592,seq=c?Z|mesh|4713703
OASIS|B|UART|ARRIVED|msg_id=3605249066820283929,hops=0,sig=verified,forward=true|mesh|4713703
OASIS|B|UART|FRAG_RX|origin=822460d254200275,idx=5,count=14,outcome=incomplete|mesh|4713703
OASIS|B|UART|RXF|n=23,len=296,ctr=2593,seq=?,<|mesh|4713703
OASIS|B|UART|ARRIVED|msg_id=17998952093738997190,hops=0,sig=verified,forward=true|mesh|4713703
OASIS|B|UART|FRAG_RX|origin=822460d254200275,idx=6,count=14,outcome=incomplete|mesh|4713703
OASIS|B|UART|RXF|n=24,len=296,ctr=2594,seq=?Y?|mesh|4713703
OASIS|B|UART|ARRIVED|msg_id=11891840286098160435,hops=0,sig=verified,forward=true|mesh|4713703
OASIS|B|UART|FRAG_RX|origin=822460d254200275,idx=7,count=14,outcome=incomplete|mesh|4713703
OASIS|B|UART|RXF|n=25,len=296,ctr=2595,seq=?l?|mesh|4713703
OASIS|B|UART|ARRIVED|msg_id=13113108257300677791,hops=0,sig=verified,forward=true|mesh|4713703
OASIS|B|UART|FRAG_RX|origin=822460d254200275,idx=8,count=14,outcome=incomplete|mesh|4713703
OASIS|B|UART|RXF|n=26,len=296,ctr=2596,seq=bp?|mesh|4713703
OASIS|B|UART|ARRIVED|msg_id=13871246424519796815,hops=0,sig=verified,forward=true|mesh|4713703
OASIS|B|UART|FRAG_RX|origin=822460d254200275,idx=9,count=14,outcome=incomplete|mesh|4713703
OASIS|B|UART|RXF|n=27,len=296,ctr=2597,seq=?J?|mesh|4713703
OASIS|B|UART|ARRIVED|msg_id=184392605028186545,hops=0,sig=verified,forward=true|mesh|4713703
OASIS|B|UART|FRAG_RX|origin=822460d254200275,idx=10,count=14,outcome=incomplete|mesh|4713703
OASIS|B|UART|RXF|n=28,len=296,ctr=2598,seq=???|mesh|4713703
OASIS|B|UART|ARRIVED|msg_id=11907097953548071875,hops=0,sig=verified,forward=true|mesh|4713703
OASIS|B|UART|FRAG_RX|origin=822460d254200275,idx=11,count=14,outcome=incomplete|mesh|4713703
OASIS|B|UART|RXF|n=29,len=296,ctr=2599,seq=?*X|mesh|4713703
OASIS|B|UART|ARRIVED|msg_id=6435425901437130571,hops=0,sig=verified,forward=true|mesh|4713703
OASIS|B|UART|FRAG_RX|origin=822460d254200275,idx=12,count=14,outcome=incomplete|mesh|4713703
OASIS|B|UART|RXF|n=30,len=288,ctr=2600,seq=?0>|mesh|4713703
OASIS|B|UART|ARRIVED|msg_id=4138985896516874179,hops=0,sig=verified,forward=true|mesh|4713703
OASIS|B|UART|FRAG_RX|origin=822460d254200275,idx=13,count=14,outcome=complete|mesh|4713703
OASIS|B|UART|AUTH|kind=1,suite=3,len=2526,decision=Revocation(Applied),verify_us=388323,stack=49244,forward=true|mesh|4713703
OASIS|B|UART|REV|source=OAU1,epoch=1,revoked=1|mesh|4713703
OASIS|B|UART|FRAG_TX|idx=0,count=14,counter=2586,len=296,tampered=false|mesh|4713703
OASIS|B|UART|FRAG_TX|idx=1,count=14,counter=2587,len=296,tampered=false|mesh|4713703
OASIS|B|UART|FRAG_TX|idx=2,count=14,counter=2588,len=296,tampered=false|mesh|4713703
OASIS|B|UART|FRAG_TX|idx=3,count=14,counter=2589,len=296,tampered=false|mesh|4713703
OASIS|B|UART|FRAG_TX|idx=4,count=14,counter=2590,len=296,tampered=false|mesh|4713703
OASIS|B|UART|FRAG_TX|idx=5,count=14,counter=2591,len=296,tampered=false|mesh|4713703
OASIS|B|UART|FRAG_TX|idx=6,count=14,counter=2592,len=296,tampered=false|mesh|4713703
OASIS|B|UART|FRAG_TX|idx=7,count=14,counter=2593,len=296,tampered=false|mesh|4713703
OASIS|B|UART|FRAG_TX|idx=8,count=14,counter=2594,len=296,tampered=false|mesh|4713703
OASIS|B|UART|FRAG_TX|idx=9,count=14,counter=2595,len=296,tampered=false|mesh|4713703
OASIS|B|UART|FRAG_TX|idx=10,count=14,counter=2596,len=296,tampered=false|mesh|4713703
OASIS|B|UART|FRAG_TX|idx=11,count=14,counter=2597,len=296,tampered=false|mesh|4713703
OASIS|B|UART|FRAG_TX|idx=12,count=14,counter=2598,len=296,tampered=false|mesh|4713703
OASIS|B|UART|FRAG_TX|idx=13,count=14,counter=2599,len=288,tampered=false|mesh|4713703
