OASIS|B|UART|RXF|n=31,len=299,ctr=2601,seq=;??|mesh|4713703
OASIS|B|UART|ARRIVED|msg_id=14963502534543881999,hops=0,sig=verified,forward=true|mesh|4713703
OASIS|B|UART|FRAG_RX|origin=822460d254200275,idx=0,count=21,outcome=incomplete|mesh|4713703
OASIS|B|UART|RXF|n=32,len=299,ctr=2602,seq=j??|mesh|4713703
OASIS|B|UART|ARRIVED|msg_id=5756689294008972946,hops=0,sig=verified,forward=true|mesh|4713703
OASIS|B|UART|FRAG_RX|origin=822460d254200275,idx=1,count=21,outcome=incomplete|mesh|4713703
OASIS|B|UART|RXF|n=33,len=299,ctr=2603,seq=\3\|mesh|4713703
OASIS|B|UART|ARRIVED|msg_id=13148911251557566752,hops=0,sig=verified,forward=true|mesh|4713703
OASIS|B|UART|FRAG_RX|origin=822460d254200275,idx=2,count=21,outcome=incomplete|mesh|4713703
OASIS|B|UART|RXF|n=34,len=299,ctr=2604,seq=???|mesh|4713703
OASIS|B|UART|ARRIVED|msg_id=15268018740131822891,hops=0,sig=verified,forward=true|mesh|4713703
OASIS|B|UART|FRAG_RX|origin=822460d254200275,idx=3,count=21,outcome=incomplete|mesh|4713703
OASIS|B|UART|RXF|n=35,len=299,ctr=2605,seq=???|mesh|4713703
OASIS|B|UART|ARRIVED|msg_id=15138189453434049038,hops=0,sig=verified,forward=true|mesh|4713703
OASIS|B|UART|FRAG_RX|origin=822460d254200275,idx=4,count=21,outcome=incomplete|mesh|4713703
OASIS|B|UART|RXF|n=36,len=299,ctr=2606,seq=#??|mesh|4713703
OASIS|B|UART|ARRIVED|msg_id=9230009293064601692,hops=0,sig=verified,forward=true|mesh|4713703
OASIS|B|UART|FRAG_RX|origin=822460d254200275,idx=5,count=21,outcome=incomplete|mesh|4713703
OASIS|B|UART|RXF|n=37,len=299,ctr=2607,seq=???|mesh|4713703
OASIS|B|UART|ARRIVED|msg_id=4828867820215442532,hops=0,sig=verified,forward=true|mesh|4713703
OASIS|B|UART|FRAG_RX|origin=822460d254200275,idx=6,count=21,outcome=incomplete|mesh|4713703
OASIS|B|UART|RXF|n=38,len=299,ctr=2608,seq=??n|mesh|4713703
OASIS|B|UART|ARRIVED|msg_id=9667226292432299520,hops=0,sig=verified,forward=true|mesh|4713703
OASIS|B|UART|FRAG_RX|origin=822460d254200275,idx=7,count=21,outcome=incomplete|mesh|4713703
OASIS|B|UART|RXF|n=39,len=299,ctr=2609,seq=???|mesh|4713703
OASIS|B|UART|ARRIVED|msg_id=5932259577572205159,hops=0,sig=verified,forward=true|mesh|4713703
OASIS|B|UART|FRAG_RX|origin=822460d254200275,idx=8,count=21,outcome=incomplete|mesh|4713703
OASIS|B|UART|RXF|n=40,len=299,ctr=2610,seq=M??|mesh|4713703
OASIS|B|UART|ARRIVED|msg_id=8373729465784410468,hops=0,sig=verified,forward=true|mesh|4713703
OASIS|B|UART|FRAG_RX|origin=822460d254200275,idx=9,count=21,outcome=incomplete|mesh|4713703
OASIS|B|UART|RXF|n=41,len=299,ctr=2611,seq=l?C|mesh|4713703
OASIS|B|UART|ARRIVED|msg_id=8835441964236393636,hops=0,sig=verified,forward=true|mesh|4713703
OASIS|B|UART|FRAG_RX|origin=822460d254200275,idx=10,count=21,outcome=incomplete|mesh|4713703
OASIS|B|UART|RXF|n=42,len=299,ctr=2612,seq=???|mesh|4713703
OASIS|B|UART|ARRIVED|msg_id=3946215298777782225,hops=0,sig=verified,forward=true|mesh|4713703
OASIS|B|UART|FRAG_RX|origin=822460d254200275,idx=11,count=21,outcome=incomplete|mesh|4713703
OASIS|B|UART|RXF|n=43,len=299,ctr=2613,seq=?E?|mesh|4713703
OASIS|B|UART|ARRIVED|msg_id=15969433130343755676,hops=0,sig=verified,forward=true|mesh|4713703
OASIS|B|UART|FRAG_RX|origin=822460d254200275,idx=12,count=21,outcome=incomplete|mesh|4713703
OASIS|B|UART|RXF|n=44,len=299,ctr=2614,seq=???|mesh|4713703
OASIS|B|UART|ARRIVED|msg_id=786028060279313160,hops=0,sig=verified,forward=true|mesh|4713703
OASIS|B|UART|FRAG_RX|origin=822460d254200275,idx=13,count=21,outcome=incomplete|mesh|4713703
OASIS|B|UART|RXF|n=45,len=299,ctr=2615,seq=??}|mesh|4713703
OASIS|B|UART|ARRIVED|msg_id=14308447677769790059,hops=0,sig=verified,forward=true|mesh|4713703
OASIS|B|UART|FRAG_RX|origin=822460d254200275,idx=14,count=21,outcome=incomplete|mesh|4713703
OASIS|B|UART|RXF|n=46,len=299,ctr=2616,seq=?&?|mesh|4713703
OASIS|B|UART|ARRIVED|msg_id=6673841799167108099,hops=0,sig=verified,forward=true|mesh|4713703
OASIS|B|UART|FRAG_RX|origin=822460d254200275,idx=15,count=21,outcome=incomplete|mesh|4713703
OASIS|B|UART|RXF|n=47,len=299,ctr=2617,seq=?r?|mesh|4713703
OASIS|B|UART|ARRIVED|msg_id=3266961308588581853,hops=0,sig=verified,forward=true|mesh|4713703
OASIS|B|UART|FRAG_RX|origin=822460d254200275,idx=16,count=21,outcome=incomplete|mesh|4713703
OASIS|B|UART|RXF|n=48,len=299,ctr=2618,seq=K?j|mesh|4713703
OASIS|B|UART|ARRIVED|msg_id=11016165799622350487,hops=0,sig=verified,forward=true|mesh|4713703
OASIS|B|UART|FRAG_RX|origin=822460d254200275,idx=17,count=21,outcome=incomplete|mesh|4713703
OASIS|B|UART|RXF|n=49,len=299,ctr=2619,seq=??d|mesh|4713703
OASIS|B|UART|ARRIVED|msg_id=15878387721682922661,hops=0,sig=verified,forward=true|mesh|4713703
OASIS|B|UART|FRAG_RX|origin=822460d254200275,idx=18,count=21,outcome=incomplete|mesh|4713703
OASIS|B|UART|RXF|n=50,len=299,ctr=2620,seq=?/?|mesh|4713703
OASIS|B|UART|ARRIVED|msg_id=16858628202760975056,hops=0,sig=verified,forward=true|mesh|4713703
OASIS|B|UART|FRAG_RX|origin=822460d254200275,idx=19,count=21,outcome=incomplete|mesh|4713703
OASIS|B|UART|RXF|n=51,len=284,ctr=2621,seq="2B|mesh|4713703
OASIS|B|UART|ARRIVED|msg_id=3020636772720443171,hops=0,sig=verified,forward=true|mesh|4713703
OASIS|B|UART|FRAG_RX|origin=822460d254200275,idx=20,count=21,outcome=complete|mesh|4713703
OASIS|B|UART|AUTH|kind=4,suite=3,len=3849,decision=Own(OfferPending),verify_us=399587,stack=49244,forward=true|mesh|4713703
OASIS|B|UART|STATE|owner_seq=0,owner_ed=0beef5a9e679e6a3,pending_offer=1,peers=2,rev_signer=Current|mesh|4713703
OASIS|B|UART|FRAG_TX|idx=0,count=21,counter=2600,len=299,tampered=false|mesh|4713703
OASIS|B|UART|FRAG_TX|idx=1,count=21,counter=2601,len=299,tampered=false|mesh|4713703
OASIS|B|UART|FRAG_TX|idx=2,count=21,counter=2602,len=299,tampered=false|mesh|4713703
OASIS|B|UART|FRAG_TX|idx=3,count=21,counter=2603,len=299,tampered=false|mesh|4713703
OASIS|B|UART|FRAG_TX|idx=4,count=21,counter=2604,len=299,tampered=false|mesh|4713703
OASIS|B|UART|FRAG_TX|idx=5,count=21,counter=2605,len=299,tampered=false|mesh|4713703
OASIS|B|UART|FRAG_TX|idx=6,count=21,counter=2606,len=299,tampered=false|mesh|4713703
OASIS|B|UART|FRAG_TX|idx=7,count=21,counter=2607,len=299,tampered=false|mesh|4713703
OASIS|B|UART|FRAG_TX|idx=8,count=21,counter=2608,len=299,tampered=false|mesh|4713703
OASIS|B|UART|FRAG_TX|idx=9,count=21,counter=2609,len=299,tampered=false|mesh|4713703
OASIS|B|UART|FRAG_TX|idx=10,count=21,counter=2610,len=299,tampered=false|mesh|4713703
OASIS|B|UART|FRAG_TX|idx=11,count=21,counter=2611,len=299,tampered=false|mesh|4713703
OASIS|B|UART|FRAG_TX|idx=12,count=21,counter=2612,len=299,tampered=false|mesh|4713703
OASIS|B|UART|FRAG_TX|idx=13,count=21,counter=2613,len=299,tampered=false|mesh|4713703
OASIS|B|UART|FRAG_TX|idx=14,count=21,counter=2614,len=299,tampered=false|mesh|4713703
OASIS|B|UART|FRAG_TX|idx=15,count=21,counter=2615,len=299,tampered=false|mesh|4713703
OASIS|B|UART|FRAG_TX|idx=16,count=21,counter=2616,len=299,tampered=false|mesh|4713703
OASIS|B|UART|FRAG_TX|idx=17,count=21,counter=2617,len=299,tampered=false|mesh|4713703
OASIS|B|UART|FRAG_TX|idx=18,count=21,counter=2618,len=299,tampered=false|mesh|4713703
OASIS|B|UART|FRAG_TX|idx=19,count=21,counter=2619,len=299,tampered=false|mesh|4713703
OASIS|B|UART|FRAG_TX|idx=20,count=21,counter=2620,len=284,tampered=false|mesh|4713703
