OASIS|C|UART|RXF|n=32,len=299,ctr=2600,seq=;??|mesh|4713703
OASIS|C|UART|ARRIVED|msg_id=11429369868715219927,hops=0,sig=verified,forward=true|mesh|4713703
OASIS|C|UART|FRAG_RX|origin=f6bd34440030a136,idx=0,count=21,outcome=incomplete|mesh|4713703
OASIS|C|UART|RXF|n=33,len=299,ctr=2601,seq=j??|mesh|4713703
OASIS|C|UART|ARRIVED|msg_id=18194613735229268433,hops=0,sig=verified,forward=true|mesh|4713703
OASIS|C|UART|FRAG_RX|origin=f6bd34440030a136,idx=1,count=21,outcome=incomplete|mesh|4713703
OASIS|C|UART|RXF|n=34,len=299,ctr=2602,seq=\3\|mesh|4713703
OASIS|C|UART|ARRIVED|msg_id=2021570019780472869,hops=0,sig=verified,forward=true|mesh|4713703
OASIS|C|UART|FRAG_RX|origin=f6bd34440030a136,idx=2,count=21,outcome=incomplete|mesh|4713703
OASIS|C|UART|RXF|n=35,len=299,ctr=2603,seq=???|mesh|4713703
OASIS|C|UART|ARRIVED|msg_id=18208798382372272191,hops=0,sig=verified,forward=true|mesh|4713703
OASIS|C|UART|FRAG_RX|origin=f6bd34440030a136,idx=3,count=21,outcome=incomplete|mesh|4713703
OASIS|C|UART|RXF|n=36,len=299,ctr=2604,seq=???|mesh|4713703
OASIS|C|UART|ARRIVED|msg_id=8640868821287973503,hops=0,sig=verified,forward=true|mesh|4713703
OASIS|C|UART|FRAG_RX|origin=f6bd34440030a136,idx=4,count=21,outcome=incomplete|mesh|4713703
OASIS|C|UART|RXF|n=37,len=299,ctr=2605,seq=#??|mesh|4713703
OASIS|C|UART|ARRIVED|msg_id=9658841615139371421,hops=0,sig=verified,forward=true|mesh|4713703
OASIS|C|UART|FRAG_RX|origin=f6bd34440030a136,idx=5,count=21,outcome=incomplete|mesh|4713703
OASIS|C|UART|RXF|n=38,len=299,ctr=2606,seq=???|mesh|4713703
OASIS|C|UART|ARRIVED|msg_id=15334810189271365851,hops=0,sig=verified,forward=true|mesh|4713703
OASIS|C|UART|FRAG_RX|origin=f6bd34440030a136,idx=6,count=21,outcome=incomplete|mesh|4713703
OASIS|C|UART|RXF|n=39,len=299,ctr=2607,seq=??n|mesh|4713703
OASIS|C|UART|ARRIVED|msg_id=17887856511863933344,hops=0,sig=verified,forward=true|mesh|4713703
OASIS|C|UART|FRAG_RX|origin=f6bd34440030a136,idx=7,count=21,outcome=incomplete|mesh|4713703
OASIS|C|UART|RXF|n=40,len=299,ctr=2608,seq=???|mesh|4713703
OASIS|C|UART|ARRIVED|msg_id=15751647080630131539,hops=0,sig=verified,forward=true|mesh|4713703
OASIS|C|UART|FRAG_RX|origin=f6bd34440030a136,idx=8,count=21,outcome=incomplete|mesh|4713703
OASIS|C|UART|RXF|n=41,len=299,ctr=2609,seq=M??|mesh|4713703
OASIS|C|UART|ARRIVED|msg_id=10644154093452930684,hops=0,sig=verified,forward=true|mesh|4713703
OASIS|C|UART|FRAG_RX|origin=f6bd34440030a136,idx=9,count=21,outcome=incomplete|mesh|4713703
OASIS|C|UART|RXF|n=42,len=299,ctr=2610,seq=l?C|mesh|4713703
OASIS|C|UART|ARRIVED|msg_id=8193865732960153705,hops=0,sig=verified,forward=true|mesh|4713703
OASIS|C|UART|FRAG_RX|origin=f6bd34440030a136,idx=10,count=21,outcome=incomplete|mesh|4713703
OASIS|C|UART|RXF|n=43,len=299,ctr=2611,seq=???|mesh|4713703
OASIS|C|UART|ARRIVED|msg_id=12609190429484241895,hops=0,sig=verified,forward=true|mesh|4713703
OASIS|C|UART|FRAG_RX|origin=f6bd34440030a136,idx=11,count=21,outcome=incomplete|mesh|4713703
OASIS|C|UART|RXF|n=44,len=299,ctr=2612,seq=?E?|mesh|4713703
OASIS|C|UART|ARRIVED|msg_id=16816197238911679739,hops=0,sig=verified,forward=true|mesh|4713703
OASIS|C|UART|FRAG_RX|origin=f6bd34440030a136,idx=12,count=21,outcome=incomplete|mesh|4713703
OASIS|C|UART|RXF|n=45,len=299,ctr=2613,seq=???|mesh|4713703
OASIS|C|UART|ARRIVED|msg_id=2743632928700156480,hops=0,sig=verified,forward=true|mesh|4713703
OASIS|C|UART|FRAG_RX|origin=f6bd34440030a136,idx=13,count=21,outcome=incomplete|mesh|4713703
OASIS|C|UART|RXF|n=46,len=299,ctr=2614,seq=??}|mesh|4713703
OASIS|C|UART|ARRIVED|msg_id=702489449265053698,hops=0,sig=verified,forward=true|mesh|4713703
OASIS|C|UART|FRAG_RX|origin=f6bd34440030a136,idx=14,count=21,outcome=incomplete|mesh|4713703
OASIS|C|UART|RXF|n=47,len=299,ctr=2615,seq=?&?|mesh|4713703
OASIS|C|UART|ARRIVED|msg_id=283650585443035832,hops=0,sig=verified,forward=true|mesh|4713703
OASIS|C|UART|FRAG_RX|origin=f6bd34440030a136,idx=15,count=21,outcome=incomplete|mesh|4713703
OASIS|C|UART|RXF|n=48,len=299,ctr=2616,seq=?r?|mesh|4713703
OASIS|C|UART|ARRIVED|msg_id=10351010264758037099,hops=0,sig=verified,forward=true|mesh|4713703
OASIS|C|UART|FRAG_RX|origin=f6bd34440030a136,idx=16,count=21,outcome=incomplete|mesh|4713703
OASIS|C|UART|RXF|n=49,len=299,ctr=2617,seq=K?j|mesh|4713703
OASIS|C|UART|ARRIVED|msg_id=18227990587414687844,hops=0,sig=verified,forward=true|mesh|4713703
OASIS|C|UART|FRAG_RX|origin=f6bd34440030a136,idx=17,count=21,outcome=incomplete|mesh|4713703
OASIS|C|UART|RXF|n=50,len=299,ctr=2618,seq=??d|mesh|4713703
OASIS|C|UART|ARRIVED|msg_id=9955964952680917536,hops=0,sig=verified,forward=true|mesh|4713703
OASIS|C|UART|FRAG_RX|origin=f6bd34440030a136,idx=18,count=21,outcome=incomplete|mesh|4713703
OASIS|C|UART|RXF|n=51,len=299,ctr=2619,seq=?/?|mesh|4713703
OASIS|C|UART|ARRIVED|msg_id=6680002048244430977,hops=0,sig=verified,forward=true|mesh|4713703
OASIS|C|UART|FRAG_RX|origin=f6bd34440030a136,idx=19,count=21,outcome=incomplete|mesh|4713703
OASIS|C|UART|RXF|n=52,len=284,ctr=2620,seq="2B|mesh|4713703
OASIS|C|UART|ARRIVED|msg_id=2928137230677687126,hops=0,sig=verified,forward=true|mesh|4713703
OASIS|C|UART|FRAG_RX|origin=f6bd34440030a136,idx=20,count=21,outcome=complete|mesh|4713703
OASIS|C|UART|AUTH|kind=4,suite=3,len=3849,decision=Own(OfferPending),verify_us=395984,stack=49244,forward=true|mesh|4713703
OASIS|C|UART|STATE|owner_seq=0,owner_ed=0beef5a9e679e6a3,pending_offer=1,peers=3,rev_signer=Current|mesh|4713703
OASIS|C|UART|FRAG_TX|idx=0,count=21,counter=2587,len=299,tampered=false|mesh|4713703
OASIS|C|UART|FRAG_TX|idx=1,count=21,counter=2588,len=299,tampered=false|mesh|4713703
OASIS|C|UART|FRAG_TX|idx=2,count=21,counter=2589,len=299,tampered=false|mesh|4713703
OASIS|C|UART|FRAG_TX|idx=3,count=21,counter=2590,len=299,tampered=false|mesh|4713703
OASIS|C|UART|FRAG_TX|idx=4,count=21,counter=2591,len=299,tampered=false|mesh|4713703
OASIS|C|UART|FRAG_TX|idx=5,count=21,counter=2592,len=299,tampered=false|mesh|4713703
OASIS|C|UART|FRAG_TX|idx=6,count=21,counter=2593,len=299,tampered=false|mesh|4713703
OASIS|C|UART|FRAG_TX|idx=7,count=21,counter=2594,len=299,tampered=false|mesh|4713703
OASIS|C|UART|FRAG_TX|idx=8,count=21,counter=2595,len=299,tampered=false|mesh|4713703
OASIS|C|UART|FRAG_TX|idx=9,count=21,counter=2596,len=299,tampered=false|mesh|4713703
OASIS|C|UART|FRAG_TX|idx=10,count=21,counter=2597,len=299,tampered=false|mesh|4713703
OASIS|C|UART|FRAG_TX|idx=11,count=21,counter=2598,len=299,tampered=false|mesh|4713703
OASIS|C|UART|FRAG_TX|idx=12,count=21,counter=2599,len=299,tampered=false|mesh|4713703
OASIS|C|UART|FRAG_TX|idx=13,count=21,counter=2600,len=299,tampered=false|mesh|4713703
OASIS|C|UART|FRAG_TX|idx=14,count=21,counter=2601,len=299,tampered=false|mesh|4713703
OASIS|C|UART|FRAG_TX|idx=15,count=21,counter=2602,len=299,tampered=false|mesh|4713703
OASIS|C|UART|FRAG_TX|idx=16,count=21,counter=2603,len=299,tampered=false|mesh|4713703
OASIS|C|UART|FRAG_TX|idx=17,count=21,counter=2604,len=299,tampered=false|mesh|4713703
OASIS|C|UART|FRAG_TX|idx=18,count=21,counter=2605,len=299,tampered=false|mesh|4713703
OASIS|C|UART|FRAG_TX|idx=19,count=21,counter=2606,len=299,tampered=false|mesh|4713703
OASIS|C|UART|FRAG_TX|idx=20,count=21,counter=2607,len=284,tampered=false|mesh|4713703
