OASIS|C|UART|RXF|n=53,len=297,ctr=2621,seq=???|mesh|4713703
OASIS|C|UART|ARRIVED|msg_id=10712394575665851818,hops=0,sig=verified,forward=true|mesh|4713703
OASIS|C|UART|FRAG_RX|origin=f6bd34440030a136,idx=0,count=14,outcome=incomplete|mesh|4713703
OASIS|C|UART|RXF|n=54,len=297,ctr=2622,seq=(??|mesh|4713703
OASIS|C|UART|ARRIVED|msg_id=7067162969058716316,hops=0,sig=verified,forward=true|mesh|4713703
OASIS|C|UART|FRAG_RX|origin=f6bd34440030a136,idx=1,count=14,outcome=incomplete|mesh|4713703
OASIS|C|UART|RXF|n=55,len=297,ctr=2623,seq=??||mesh|4713703
OASIS|C|UART|ARRIVED|msg_id=10570221369009970428,hops=0,sig=verified,forward=true|mesh|4713703
OASIS|C|UART|FRAG_RX|origin=f6bd34440030a136,idx=2,count=14,outcome=incomplete|mesh|4713703
OASIS|C|UART|RXF|n=56,len=297,ctr=2624,seq=??X|mesh|4713703
OASIS|C|UART|ARRIVED|msg_id=13867102630992541184,hops=0,sig=verified,forward=true|mesh|4713703
OASIS|C|UART|FRAG_RX|origin=f6bd34440030a136,idx=3,count=14,outcome=incomplete|mesh|4713703
OASIS|C|UART|RXF|n=57,len=297,ctr=2625,seq=YS?|mesh|4713703
OASIS|C|UART|ARRIVED|msg_id=864410255881402521,hops=0,sig=verified,forward=true|mesh|4713703
OASIS|C|UART|FRAG_RX|origin=f6bd34440030a136,idx=4,count=14,outcome=incomplete|mesh|4713703
OASIS|C|UART|RXF|n=58,len=297,ctr=2626,seq=???|mesh|4713703
OASIS|C|UART|ARRIVED|msg_id=18260735672065224937,hops=0,sig=verified,forward=true|mesh|4713703
OASIS|C|UART|FRAG_RX|origin=f6bd34440030a136,idx=5,count=14,outcome=incomplete|mesh|4713703
OASIS|C|UART|RXF|n=59,len=297,ctr=2627,seq=???|mesh|4713703
OASIS|C|UART|ARRIVED|msg_id=12071113903499825789,hops=0,sig=verified,forward=true|mesh|4713703
OASIS|C|UART|FRAG_RX|origin=f6bd34440030a136,idx=6,count=14,outcome=incomplete|mesh|4713703
OASIS|C|UART|RXF|n=60,len=297,ctr=2628,seq=?L?|mesh|4713703
OASIS|C|UART|ARRIVED|msg_id=15745031499388161504,hops=0,sig=verified,forward=true|mesh|4713703
OASIS|C|UART|FRAG_RX|origin=f6bd34440030a136,idx=7,count=14,outcome=incomplete|mesh|4713703
OASIS|C|UART|RXF|n=61,len=297,ctr=2629,seq=J??|mesh|4713703
OASIS|C|UART|ARRIVED|msg_id=12945120242317870390,hops=0,sig=verified,forward=true|mesh|4713703
OASIS|C|UART|FRAG_RX|origin=f6bd34440030a136,idx=8,count=14,outcome=incomplete|mesh|4713703
OASIS|C|UART|RXF|n=62,len=297,ctr=2630,seq=??\|mesh|4713703
OASIS|C|UART|ARRIVED|msg_id=12424032414003516709,hops=0,sig=verified,forward=true|mesh|4713703
OASIS|C|UART|FRAG_RX|origin=f6bd34440030a136,idx=9,count=14,outcome=incomplete|mesh|4713703
OASIS|C|UART|RXF|n=63,len=297,ctr=2631,seq=???|mesh|4713703
OASIS|C|UART|ARRIVED|msg_id=2279575443846389004,hops=0,sig=verified,forward=true|mesh|4713703
OASIS|C|UART|FRAG_RX|origin=f6bd34440030a136,idx=10,count=14,outcome=incomplete|mesh|4713703
OASIS|C|UART|RXF|n=64,len=297,ctr=2632,seq=1??|mesh|4713703
OASIS|C|UART|ARRIVED|msg_id=13005695179785790051,hops=0,sig=verified,forward=true|mesh|4713703
OASIS|C|UART|FRAG_RX|origin=f6bd34440030a136,idx=11,count=14,outcome=incomplete|mesh|4713703
OASIS|C|UART|RXF|n=65,len=297,ctr=2633,seq=??E|mesh|4713703
OASIS|C|UART|ARRIVED|msg_id=12651089233042661224,hops=0,sig=verified,forward=true|mesh|4713703
OASIS|C|UART|FRAG_RX|origin=f6bd34440030a136,idx=12,count=14,outcome=incomplete|mesh|4713703
OASIS|C|UART|RXF|n=66,len=286,ctr=2634,seq=?+8|mesh|4713703
OASIS|C|UART|ARRIVED|msg_id=15234562776687784226,hops=0,sig=verified,forward=true|mesh|4713703
OASIS|C|UART|FRAG_RX|origin=f6bd34440030a136,idx=13,count=14,outcome=complete|mesh|4713703
OASIS|C|UART|AUTH|kind=4,suite=3,len=2537,decision=Own(Transferred),verify_us=381747,stack=49244,forward=true|mesh|4713703
OASIS|C|UART|STATE|owner_seq=1,owner_ed=5b8649c0cfcdbe78,pending_offer=0,peers=3,rev_signer=Previous|mesh|4713703
OASIS|C|UART|FRAG_TX|idx=0,count=14,counter=2608,len=297,tampered=false|mesh|4713703
OASIS|C|UART|FRAG_TX|idx=1,count=14,counter=2609,len=297,tampered=false|mesh|4713703
OASIS|C|UART|FRAG_TX|idx=2,count=14,counter=2610,len=297,tampered=false|mesh|4713703
OASIS|C|UART|FRAG_TX|idx=3,count=14,counter=2611,len=297,tampered=false|mesh|4713703
OASIS|C|UART|FRAG_TX|idx=4,count=14,counter=2612,len=297,tampered=false|mesh|4713703
OASIS|C|UART|FRAG_TX|idx=5,count=14,counter=2613,len=297,tampered=false|mesh|4713703
OASIS|C|UART|FRAG_TX|idx=6,count=14,counter=2614,len=297,tampered=false|mesh|4713703
OASIS|C|UART|FRAG_TX|idx=7,count=14,counter=2615,len=297,tampered=false|mesh|4713703
OASIS|C|UART|FRAG_TX|idx=8,count=14,counter=2616,len=297,tampered=false|mesh|4713703
OASIS|C|UART|FRAG_TX|idx=9,count=14,counter=2617,len=297,tampered=false|mesh|4713703
OASIS|C|UART|FRAG_TX|idx=10,count=14,counter=2618,len=297,tampered=false|mesh|4713703
OASIS|C|UART|FRAG_TX|idx=11,count=14,counter=2619,len=297,tampered=false|mesh|4713703
OASIS|C|UART|FRAG_TX|idx=12,count=14,counter=2620,len=297,tampered=false|mesh|4713703
OASIS|C|UART|FRAG_TX|idx=13,count=14,counter=2621,len=286,tampered=false|mesh|4713703
