OASIS|B|UART|RXF|n=52,len=297,ctr=2622,seq=???|mesh|4713703
OASIS|B|UART|ARRIVED|msg_id=7323895544835368407,hops=0,sig=verified,forward=true|mesh|4713703
OASIS|B|UART|FRAG_RX|origin=822460d254200275,idx=0,count=14,outcome=incomplete|mesh|4713703
OASIS|B|UART|RXF|n=53,len=297,ctr=2623,seq=(??|mesh|4713703
OASIS|B|UART|ARRIVED|msg_id=11016662339435270130,hops=0,sig=verified,forward=true|mesh|4713703
OASIS|B|UART|FRAG_RX|origin=822460d254200275,idx=1,count=14,outcome=incomplete|mesh|4713703
OASIS|B|UART|RXF|n=54,len=297,ctr=2624,seq=??||mesh|4713703
OASIS|B|UART|ARRIVED|msg_id=8722997651400332974,hops=0,sig=verified,forward=true|mesh|4713703
OASIS|B|UART|FRAG_RX|origin=822460d254200275,idx=2,count=14,outcome=incomplete|mesh|4713703
OASIS|B|UART|RXF|n=55,len=297,ctr=2625,seq=??X|mesh|4713703
OASIS|B|UART|ARRIVED|msg_id=17841902024307381485,hops=0,sig=verified,forward=true|mesh|4713703
OASIS|B|UART|FRAG_RX|origin=822460d254200275,idx=3,count=14,outcome=incomplete|mesh|4713703
OASIS|B|UART|RXF|n=56,len=297,ctr=2626,seq=YS?|mesh|4713703
OASIS|B|UART|ARRIVED|msg_id=11008131551032712164,hops=0,sig=verified,forward=true|mesh|4713703
OASIS|B|UART|FRAG_RX|origin=822460d254200275,idx=4,count=14,outcome=incomplete|mesh|4713703
OASIS|B|UART|RXF|n=57,len=297,ctr=2627,seq=???|mesh|4713703
OASIS|B|UART|ARRIVED|msg_id=3306695165554357390,hops=0,sig=verified,forward=true|mesh|4713703
OASIS|B|UART|FRAG_RX|origin=822460d254200275,idx=5,count=14,outcome=incomplete|mesh|4713703
OASIS|B|UART|RXF|n=58,len=297,ctr=2628,seq=???|mesh|4713703
OASIS|B|UART|ARRIVED|msg_id=17519536921850365012,hops=0,sig=verified,forward=true|mesh|4713703
OASIS|B|UART|FRAG_RX|origin=822460d254200275,idx=6,count=14,outcome=incomplete|mesh|4713703
OASIS|B|UART|RXF|n=59,len=297,ctr=2629,seq=?L?|mesh|4713703
OASIS|B|UART|ARRIVED|msg_id=3287768277198128692,hops=0,sig=verified,forward=true|mesh|4713703
OASIS|B|UART|FRAG_RX|origin=822460d254200275,idx=7,count=14,outcome=incomplete|mesh|4713703
OASIS|B|UART|RXF|n=60,len=297,ctr=2630,seq=J??|mesh|4713703
OASIS|B|UART|ARRIVED|msg_id=12655134529298990949,hops=0,sig=verified,forward=true|mesh|4713703
OASIS|B|UART|FRAG_RX|origin=822460d254200275,idx=8,count=14,outcome=incomplete|mesh|4713703
OASIS|B|UART|RXF|n=61,len=297,ctr=2631,seq=??\|mesh|4713703
OASIS|B|UART|ARRIVED|msg_id=4177914804466122793,hops=0,sig=verified,forward=true|mesh|4713703
OASIS|B|UART|FRAG_RX|origin=822460d254200275,idx=9,count=14,outcome=incomplete|mesh|4713703
OASIS|B|UART|RXF|n=62,len=297,ctr=2632,seq=???|mesh|4713703
OASIS|B|UART|ARRIVED|msg_id=6031417791190041582,hops=0,sig=verified,forward=true|mesh|4713703
OASIS|B|UART|FRAG_RX|origin=822460d254200275,idx=10,count=14,outcome=incomplete|mesh|4713703
OASIS|B|UART|RXF|n=63,len=297,ctr=2633,seq=1??|mesh|4713703
OASIS|B|UART|ARRIVED|msg_id=7170168977625244778,hops=0,sig=verified,forward=true|mesh|4713703
OASIS|B|UART|FRAG_RX|origin=822460d254200275,idx=11,count=14,outcome=incomplete|mesh|4713703
OASIS|B|UART|RXF|n=64,len=297,ctr=2634,seq=??E|mesh|4713703
OASIS|B|UART|ARRIVED|msg_id=3745773259996550575,hops=0,sig=verified,forward=true|mesh|4713703
OASIS|B|UART|FRAG_RX|origin=822460d254200275,idx=12,count=14,outcome=incomplete|mesh|4713703
OASIS|B|UART|RXF|n=65,len=286,ctr=2635,seq=?+8|mesh|4713703
OASIS|B|UART|ARRIVED|msg_id=10628083106840629517,hops=0,sig=verified,forward=true|mesh|4713703
OASIS|B|UART|FRAG_RX|origin=822460d254200275,idx=13,count=14,outcome=complete|mesh|4713703
OASIS|B|UART|AUTH|kind=4,suite=3,len=2537,decision=Own(Transferred),verify_us=386927,stack=49244,forward=true|mesh|4713703
OASIS|B|UART|STATE|owner_seq=1,owner_ed=5b8649c0cfcdbe78,pending_offer=0,peers=2,rev_signer=Previous|mesh|4713703
OASIS|B|UART|FRAG_TX|idx=0,count=14,counter=2621,len=297,tampered=false|mesh|4713703
OASIS|B|UART|FRAG_TX|idx=1,count=14,counter=2622,len=297,tampered=false|mesh|4713703
OASIS|B|UART|FRAG_TX|idx=2,count=14,counter=2623,len=297,tampered=false|mesh|4713703
OASIS|B|UART|FRAG_TX|idx=3,count=14,counter=2624,len=297,tampered=false|mesh|4713703
OASIS|B|UART|FRAG_TX|idx=4,count=14,counter=2625,len=297,tampered=false|mesh|4713703
OASIS|B|UART|FRAG_TX|idx=5,count=14,counter=2626,len=297,tampered=false|mesh|4713703
OASIS|B|UART|FRAG_TX|idx=6,count=14,counter=2627,len=297,tampered=false|mesh|4713703
OASIS|B|UART|FRAG_TX|idx=7,count=14,counter=2628,len=297,tampered=false|mesh|4713703
OASIS|B|UART|FRAG_TX|idx=8,count=14,counter=2629,len=297,tampered=false|mesh|4713703
OASIS|B|UART|FRAG_TX|idx=9,count=14,counter=2630,len=297,tampered=false|mesh|4713703
OASIS|B|UART|FRAG_TX|idx=10,count=14,counter=2631,len=297,tampered=false|mesh|4713703
OASIS|B|UART|FRAG_TX|idx=11,count=14,counter=2632,len=297,tampered=false|mesh|4713703
OASIS|B|UART|FRAG_TX|idx=12,count=14,counter=2633,len=297,tampered=false|mesh|4713703
OASIS|B|UART|FRAG_TX|idx=13,count=14,counter=2634,len=286,tampered=false|mesh|4713703
