OASIS|B|UART|RXF|n=66,len=297,ctr=2636,seq=?Z4|mesh|4713703
OASIS|B|UART|ARRIVED|msg_id=5585137885386585142,hops=0,sig=verified,forward=true|mesh|4713703
OASIS|B|UART|FRAG_RX|origin=822460d254200275,idx=0,count=14,outcome=incomplete|mesh|4713703
OASIS|B|UART|RXF|n=67,len=297,ctr=2637,seq=???|mesh|4713703
OASIS|B|UART|ARRIVED|msg_id=14159813662160442903,hops=0,sig=verified,forward=true|mesh|4713703
OASIS|B|UART|FRAG_RX|origin=822460d254200275,idx=1,count=14,outcome=incomplete|mesh|4713703
OASIS|B|UART|RXF|n=68,len=297,ctr=2638,seq=???|mesh|4713703
OASIS|B|UART|ARRIVED|msg_id=5030313571829422583,hops=0,sig=verified,forward=true|mesh|4713703
OASIS|B|UART|FRAG_RX|origin=822460d254200275,idx=2,count=14,outcome=incomplete|mesh|4713703
OASIS|B|UART|RXF|n=69,len=297,ctr=2639,seq=f?a|mesh|4713703
OASIS|B|UART|ARRIVED|msg_id=17320910201706230818,hops=0,sig=verified,forward=true|mesh|4713703
OASIS|B|UART|FRAG_RX|origin=822460d254200275,idx=3,count=14,outcome=incomplete|mesh|4713703
OASIS|B|UART|RXF|n=70,len=297,ctr=2640,seq=?U?|mesh|4713703
OASIS|B|UART|ARRIVED|msg_id=3558077996975887674,hops=0,sig=verified,forward=true|mesh|4713703
OASIS|B|UART|FRAG_RX|origin=822460d254200275,idx=4,count=14,outcome=incomplete|mesh|4713703
OASIS|B|UART|RXF|n=71,len=297,ctr=2641,seq=??x|mesh|4713703
OASIS|B|UART|ARRIVED|msg_id=717593304121475365,hops=0,sig=verified,forward=true|mesh|4713703
OASIS|B|UART|FRAG_RX|origin=822460d254200275,idx=5,count=14,outcome=incomplete|mesh|4713703
OASIS|B|UART|RXF|n=72,len=297,ctr=2642,seq=c??|mesh|4713703
OASIS|B|UART|ARRIVED|msg_id=14548330395061725752,hops=0,sig=verified,forward=true|mesh|4713703
OASIS|B|UART|FRAG_RX|origin=822460d254200275,idx=6,count=14,outcome=incomplete|mesh|4713703
OASIS|B|UART|RXF|n=73,len=297,ctr=2643,seq=?b?|mesh|4713703
OASIS|B|UART|ARRIVED|msg_id=8333300411044834426,hops=0,sig=verified,forward=true|mesh|4713703
OASIS|B|UART|FRAG_RX|origin=822460d254200275,idx=7,count=14,outcome=incomplete|mesh|4713703
OASIS|B|UART|RXF|n=74,len=297,ctr=2644,seq=??;|mesh|4713703
OASIS|B|UART|ARRIVED|msg_id=4968146518297836003,hops=0,sig=verified,forward=true|mesh|4713703
OASIS|B|UART|FRAG_RX|origin=822460d254200275,idx=8,count=14,outcome=incomplete|mesh|4713703
OASIS|B|UART|RXF|n=75,len=297,ctr=2645,seq=??+|mesh|4713703
OASIS|B|UART|ARRIVED|msg_id=3150242065215910585,hops=0,sig=verified,forward=true|mesh|4713703
OASIS|B|UART|FRAG_RX|origin=822460d254200275,idx=9,count=14,outcome=incomplete|mesh|4713703
OASIS|B|UART|RXF|n=76,len=297,ctr=2646,seq=?2?|mesh|4713703
OASIS|B|UART|ARRIVED|msg_id=1803788177615989134,hops=0,sig=verified,forward=true|mesh|4713703
OASIS|B|UART|FRAG_RX|origin=822460d254200275,idx=10,count=14,outcome=incomplete|mesh|4713703
OASIS|B|UART|RXF|n=77,len=297,ctr=2647,seq=?du|mesh|4713703
OASIS|B|UART|ARRIVED|msg_id=13561024556727350722,hops=0,sig=verified,forward=true|mesh|4713703
OASIS|B|UART|FRAG_RX|origin=822460d254200275,idx=11,count=14,outcome=incomplete|mesh|4713703
OASIS|B|UART|RXF|n=78,len=297,ctr=2648,seq=&>?|mesh|4713703
OASIS|B|UART|ARRIVED|msg_id=14695090534666859774,hops=0,sig=verified,forward=true|mesh|4713703
OASIS|B|UART|FRAG_RX|origin=822460d254200275,idx=12,count=14,outcome=incomplete|mesh|4713703
OASIS|B|UART|RXF|n=79,len=291,ctr=2649,seq=$2E|mesh|4713703
OASIS|B|UART|ARRIVED|msg_id=2834636911937358528,hops=0,sig=verified,forward=true|mesh|4713703
OASIS|B|UART|FRAG_RX|origin=822460d254200275,idx=13,count=14,outcome=complete|mesh|4713703
OASIS|B|UART|AUTH|kind=2,suite=3,len=2542,decision=Enroll(Enrolled),verify_us=388113,stack=49244,forward=true|mesh|4713703
OASIS|B|UART|STATE|owner_seq=1,owner_ed=5b8649c0cfcdbe78,pending_offer=0,peers=3,rev_signer=Previous|mesh|4713703
OASIS|B|UART|FRAG_TX|idx=0,count=14,counter=2635,len=297,tampered=false|mesh|4713703
OASIS|B|UART|FRAG_TX|idx=1,count=14,counter=2636,len=297,tampered=false|mesh|4713703
OASIS|B|UART|FRAG_TX|idx=2,count=14,counter=2637,len=297,tampered=false|mesh|4713703
OASIS|B|UART|FRAG_TX|idx=3,count=14,counter=2638,len=297,tampered=false|mesh|4713703
OASIS|B|UART|FRAG_TX|idx=4,count=14,counter=2639,len=297,tampered=false|mesh|4713703
OASIS|B|UART|FRAG_TX|idx=5,count=14,counter=2640,len=297,tampered=false|mesh|4713703
OASIS|B|UART|FRAG_TX|idx=6,count=14,counter=2641,len=297,tampered=false|mesh|4713703
OASIS|B|UART|FRAG_TX|idx=7,count=14,counter=2642,len=297,tampered=false|mesh|4713703
OASIS|B|UART|FRAG_TX|idx=8,count=14,counter=2643,len=297,tampered=false|mesh|4713703
OASIS|B|UART|FRAG_TX|idx=9,count=14,counter=2644,len=297,tampered=false|mesh|4713703
OASIS|B|UART|FRAG_TX|idx=10,count=14,counter=2645,len=297,tampered=false|mesh|4713703
OASIS|B|UART|FRAG_TX|idx=11,count=14,counter=2646,len=297,tampered=false|mesh|4713703
OASIS|B|UART|FRAG_TX|idx=12,count=14,counter=2647,len=297,tampered=false|mesh|4713703
OASIS|B|UART|FRAG_TX|idx=13,count=14,counter=2648,len=291,tampered=false|mesh|4713703
