OASIS|C|UART|RXF|n=67,len=297,ctr=2635,seq=?Z4|mesh|4713703
OASIS|C|UART|ARRIVED|msg_id=3858170559783052026,hops=0,sig=verified,forward=true|mesh|4713703
OASIS|C|UART|FRAG_RX|origin=f6bd34440030a136,idx=0,count=14,outcome=incomplete|mesh|4713703
OASIS|C|UART|RXF|n=68,len=297,ctr=2636,seq=???|mesh|4713703
OASIS|C|UART|ARRIVED|msg_id=14587123682642459667,hops=0,sig=verified,forward=true|mesh|4713703
OASIS|C|UART|FRAG_RX|origin=f6bd34440030a136,idx=1,count=14,outcome=incomplete|mesh|4713703
OASIS|C|UART|RXF|n=69,len=297,ctr=2637,seq=???|mesh|4713703
OASIS|C|UART|ARRIVED|msg_id=15732264675460911921,hops=0,sig=verified,forward=true|mesh|4713703
OASIS|C|UART|FRAG_RX|origin=f6bd34440030a136,idx=2,count=14,outcome=incomplete|mesh|4713703
OASIS|C|UART|RXF|n=70,len=297,ctr=2638,seq=f?a|mesh|4713703
OASIS|C|UART|ARRIVED|msg_id=14302936023757601955,hops=0,sig=verified,forward=true|mesh|4713703
OASIS|C|UART|FRAG_RX|origin=f6bd34440030a136,idx=3,count=14,outcome=incomplete|mesh|4713703
OASIS|C|UART|RXF|n=71,len=297,ctr=2639,seq=?U?|mesh|4713703
OASIS|C|UART|ARRIVED|msg_id=12936655839432114211,hops=0,sig=verified,forward=true|mesh|4713703
OASIS|C|UART|FRAG_RX|origin=f6bd34440030a136,idx=4,count=14,outcome=incomplete|mesh|4713703
OASIS|C|UART|RXF|n=72,len=297,ctr=2640,seq=??x|mesh|4713703
OASIS|C|UART|ARRIVED|msg_id=4062247085526748808,hops=0,sig=verified,forward=true|mesh|4713703
OASIS|C|UART|FRAG_RX|origin=f6bd34440030a136,idx=5,count=14,outcome=incomplete|mesh|4713703
OASIS|C|UART|RXF|n=73,len=297,ctr=2641,seq=c??|mesh|4713703
OASIS|C|UART|ARRIVED|msg_id=176429418811564957,hops=0,sig=verified,forward=true|mesh|4713703
OASIS|C|UART|FRAG_RX|origin=f6bd34440030a136,idx=6,count=14,outcome=incomplete|mesh|4713703
OASIS|C|UART|RXF|n=74,len=297,ctr=2642,seq=?b?|mesh|4713703
OASIS|C|UART|ARRIVED|msg_id=1247708047213556410,hops=0,sig=verified,forward=true|mesh|4713703
OASIS|C|UART|FRAG_RX|origin=f6bd34440030a136,idx=7,count=14,outcome=incomplete|mesh|4713703
OASIS|C|UART|RXF|n=75,len=297,ctr=2643,seq=??;|mesh|4713703
OASIS|C|UART|ARRIVED|msg_id=2128399043619956712,hops=0,sig=verified,forward=true|mesh|4713703
OASIS|C|UART|FRAG_RX|origin=f6bd34440030a136,idx=8,count=14,outcome=incomplete|mesh|4713703
OASIS|C|UART|RXF|n=76,len=297,ctr=2644,seq=??+|mesh|4713703
OASIS|C|UART|ARRIVED|msg_id=4845664456022128868,hops=0,sig=verified,forward=true|mesh|4713703
OASIS|C|UART|FRAG_RX|origin=f6bd34440030a136,idx=9,count=14,outcome=incomplete|mesh|4713703
OASIS|C|UART|RXF|n=77,len=297,ctr=2645,seq=?2?|mesh|4713703
OASIS|C|UART|ARRIVED|msg_id=7685100863264486402,hops=0,sig=verified,forward=true|mesh|4713703
OASIS|C|UART|FRAG_RX|origin=f6bd34440030a136,idx=10,count=14,outcome=incomplete|mesh|4713703
OASIS|C|UART|RXF|n=78,len=297,ctr=2646,seq=?du|mesh|4713703
OASIS|C|UART|ARRIVED|msg_id=4446292774568009687,hops=0,sig=verified,forward=true|mesh|4713703
OASIS|C|UART|FRAG_RX|origin=f6bd34440030a136,idx=11,count=14,outcome=incomplete|mesh|4713703
OASIS|C|UART|RXF|n=79,len=297,ctr=2647,seq=&>?|mesh|4713703
OASIS|C|UART|ARRIVED|msg_id=9575556226623315873,hops=0,sig=verified,forward=true|mesh|4713703
OASIS|C|UART|FRAG_RX|origin=f6bd34440030a136,idx=12,count=14,outcome=incomplete|mesh|4713703
OASIS|C|UART|RXF|n=80,len=291,ctr=2648,seq=$2E|mesh|4713703
OASIS|C|UART|ARRIVED|msg_id=9439064469598311621,hops=0,sig=verified,forward=true|mesh|4713703
OASIS|C|UART|FRAG_RX|origin=f6bd34440030a136,idx=13,count=14,outcome=complete|mesh|4713703
OASIS|C|UART|AUTH|kind=2,suite=3,len=2542,decision=Enroll(Updated),verify_us=383284,stack=49244,forward=true|mesh|4713703
OASIS|C|UART|STATE|owner_seq=1,owner_ed=5b8649c0cfcdbe78,pending_offer=0,peers=3,rev_signer=Previous|mesh|4713703
OASIS|C|UART|FRAG_TX|idx=0,count=14,counter=2622,len=297,tampered=false|mesh|4713703
OASIS|C|UART|FRAG_TX|idx=1,count=14,counter=2623,len=297,tampered=false|mesh|4713703
OASIS|C|UART|FRAG_TX|idx=2,count=14,counter=2624,len=297,tampered=false|mesh|4713703
OASIS|C|UART|FRAG_TX|idx=3,count=14,counter=2625,len=297,tampered=false|mesh|4713703
OASIS|C|UART|FRAG_TX|idx=4,count=14,counter=2626,len=297,tampered=false|mesh|4713703
OASIS|C|UART|FRAG_TX|idx=5,count=14,counter=2627,len=297,tampered=false|mesh|4713703
OASIS|C|UART|FRAG_TX|idx=6,count=14,counter=2628,len=297,tampered=false|mesh|4713703
OASIS|C|UART|FRAG_TX|idx=7,count=14,counter=2629,len=297,tampered=false|mesh|4713703
OASIS|C|UART|FRAG_TX|idx=8,count=14,counter=2630,len=297,tampered=false|mesh|4713703
OASIS|C|UART|FRAG_TX|idx=9,count=14,counter=2631,len=297,tampered=false|mesh|4713703
OASIS|C|UART|FRAG_TX|idx=10,count=14,counter=2632,len=297,tampered=false|mesh|4713703
OASIS|C|UART|FRAG_TX|idx=11,count=14,counter=2633,len=297,tampered=false|mesh|4713703
OASIS|C|UART|FRAG_TX|idx=12,count=14,counter=2634,len=297,tampered=false|mesh|4713703
OASIS|C|UART|FRAG_TX|idx=13,count=14,counter=2635,len=291,tampered=false|mesh|4713703
