OASIS|C|UART|RXF|n=81,len=296,ctr=2649,seq=?p?|mesh|4713703
OASIS|C|UART|ARRIVED|msg_id=506439622474984540,hops=0,sig=verified,forward=true|mesh|4713703
OASIS|C|UART|FRAG_RX|origin=f6bd34440030a136,idx=0,count=14,outcome=incomplete|mesh|4713703
OASIS|C|UART|RXF|n=82,len=296,ctr=2650,seq=??l|mesh|4713703
OASIS|C|UART|ARRIVED|msg_id=16328847814903419328,hops=0,sig=verified,forward=true|mesh|4713703
OASIS|C|UART|FRAG_RX|origin=f6bd34440030a136,idx=1,count=14,outcome=incomplete|mesh|4713703
OASIS|C|UART|RXF|n=83,len=296,ctr=2651,seq=?e?|mesh|4713703
OASIS|C|UART|ARRIVED|msg_id=10334167804645458236,hops=0,sig=verified,forward=true|mesh|4713703
OASIS|C|UART|FRAG_RX|origin=f6bd34440030a136,idx=2,count=14,outcome=incomplete|mesh|4713703
OASIS|C|UART|RXF|n=84,len=296,ctr=2652,seq=???|mesh|4713703
OASIS|C|UART|ARRIVED|msg_id=12199778997736467184,hops=0,sig=verified,forward=true|mesh|4713703
OASIS|C|UART|FRAG_RX|origin=f6bd34440030a136,idx=3,count=14,outcome=incomplete|mesh|4713703
OASIS|C|UART|RXF|n=85,len=296,ctr=2653,seq=?q?|mesh|4713703
OASIS|C|UART|ARRIVED|msg_id=6156405367886596768,hops=0,sig=verified,forward=true|mesh|4713703
OASIS|C|UART|FRAG_RX|origin=f6bd34440030a136,idx=4,count=14,outcome=incomplete|mesh|4713703
OASIS|C|UART|RXF|n=86,len=296,ctr=2654,seq=??T|mesh|4713703
OASIS|C|UART|ARRIVED|msg_id=5167207890449735280,hops=0,sig=verified,forward=true|mesh|4713703
OASIS|C|UART|FRAG_RX|origin=f6bd34440030a136,idx=5,count=14,outcome=incomplete|mesh|4713703
OASIS|C|UART|RXF|n=87,len=296,ctr=2655,seq=L/?|mesh|4713703
OASIS|C|UART|ARRIVED|msg_id=15850595267956652414,hops=0,sig=verified,forward=true|mesh|4713703
OASIS|C|UART|FRAG_RX|origin=f6bd34440030a136,idx=6,count=14,outcome=incomplete|mesh|4713703
OASIS|C|UART|RXF|n=88,len=296,ctr=2656,seq=?m?|mesh|4713703
OASIS|C|UART|ARRIVED|msg_id=785361721452054375,hops=0,sig=verified,forward=true|mesh|4713703
OASIS|C|UART|FRAG_RX|origin=f6bd34440030a136,idx=7,count=14,outcome=incomplete|mesh|4713703
OASIS|C|UART|RXF|n=89,len=296,ctr=2657,seq=???|mesh|4713703
OASIS|C|UART|ARRIVED|msg_id=15184379936876400653,hops=0,sig=verified,forward=true|mesh|4713703
OASIS|C|UART|FRAG_RX|origin=f6bd34440030a136,idx=8,count=14,outcome=incomplete|mesh|4713703
OASIS|C|UART|RXF|n=90,len=296,ctr=2658,seq=aUI|mesh|4713703
OASIS|C|UART|ARRIVED|msg_id=13513403191422589962,hops=0,sig=verified,forward=true|mesh|4713703
OASIS|C|UART|FRAG_RX|origin=f6bd34440030a136,idx=9,count=14,outcome=incomplete|mesh|4713703
OASIS|C|UART|RXF|n=91,len=296,ctr=2659,seq=QL2|mesh|4713703
OASIS|C|UART|ARRIVED|msg_id=17431916183528659148,hops=0,sig=verified,forward=true|mesh|4713703
OASIS|C|UART|FRAG_RX|origin=f6bd34440030a136,idx=10,count=14,outcome=incomplete|mesh|4713703
OASIS|C|UART|RXF|n=92,len=296,ctr=2660,seq=?2?|mesh|4713703
OASIS|C|UART|ARRIVED|msg_id=7740964664709225921,hops=0,sig=verified,forward=true|mesh|4713703
OASIS|C|UART|FRAG_RX|origin=f6bd34440030a136,idx=11,count=14,outcome=incomplete|mesh|4713703
OASIS|C|UART|RXF|n=93,len=296,ctr=2661,seq=???|mesh|4713703
OASIS|C|UART|ARRIVED|msg_id=17451084844211860734,hops=0,sig=verified,forward=true|mesh|4713703
OASIS|C|UART|FRAG_RX|origin=f6bd34440030a136,idx=12,count=14,outcome=incomplete|mesh|4713703
OASIS|C|UART|RXF|n=94,len=288,ctr=2662,seq=?%0|mesh|4713703
OASIS|C|UART|ARRIVED|msg_id=9889048362065295432,hops=0,sig=verified,forward=true|mesh|4713703
OASIS|C|UART|FRAG_RX|origin=f6bd34440030a136,idx=13,count=14,outcome=complete|mesh|4713703
OASIS|C|UART|AUTH|kind=1,suite=3,len=2526,decision=Revocation(Applied),verify_us=382698,stack=49244,forward=true|mesh|4713703
OASIS|C|UART|REV|source=OAU1,epoch=2,revoked=1|mesh|4713703
OASIS|C|UART|FRAG_TX|idx=0,count=14,counter=2636,len=296,tampered=false|mesh|4713703
OASIS|C|UART|FRAG_TX|idx=1,count=14,counter=2637,len=296,tampered=false|mesh|4713703
OASIS|C|UART|FRAG_TX|idx=2,count=14,counter=2638,len=296,tampered=false|mesh|4713703
OASIS|C|UART|FRAG_TX|idx=3,count=14,counter=2639,len=296,tampered=false|mesh|4713703
OASIS|C|UART|FRAG_TX|idx=4,count=14,counter=2640,len=296,tampered=false|mesh|4713703
OASIS|C|UART|FRAG_TX|idx=5,count=14,counter=2641,len=296,tampered=false|mesh|4713703
OASIS|C|UART|FRAG_TX|idx=6,count=14,counter=2642,len=296,tampered=false|mesh|4713703
OASIS|C|UART|FRAG_TX|idx=7,count=14,counter=2643,len=296,tampered=false|mesh|4713703
OASIS|C|UART|FRAG_TX|idx=8,count=14,counter=2644,len=296,tampered=false|mesh|4713703
OASIS|C|UART|FRAG_TX|idx=9,count=14,counter=2645,len=296,tampered=false|mesh|4713703
OASIS|C|UART|FRAG_TX|idx=10,count=14,counter=2646,len=296,tampered=false|mesh|4713703
OASIS|C|UART|FRAG_TX|idx=11,count=14,counter=2647,len=296,tampered=false|mesh|4713703
OASIS|C|UART|FRAG_TX|idx=12,count=14,counter=2648,len=296,tampered=false|mesh|4713703
OASIS|C|UART|FRAG_TX|idx=13,count=14,counter=2649,len=288,tampered=false|mesh|4713703
