OASIS|B|UART|RXF|n=80,len=296,ctr=2650,seq=?p?|mesh|4713703
OASIS|B|UART|ARRIVED|msg_id=17021099249188916223,hops=0,sig=verified,forward=true|mesh|4713703
OASIS|B|UART|FRAG_RX|origin=822460d254200275,idx=0,count=14,outcome=incomplete|mesh|4713703
OASIS|B|UART|RXF|n=81,len=296,ctr=2651,seq=??l|mesh|4713703
OASIS|B|UART|ARRIVED|msg_id=16233974182315919912,hops=0,sig=verified,forward=true|mesh|4713703
OASIS|B|UART|FRAG_RX|origin=822460d254200275,idx=1,count=14,outcome=incomplete|mesh|4713703
OASIS|B|UART|RXF|n=82,len=296,ctr=2652,seq=?e?|mesh|4713703
OASIS|B|UART|ARRIVED|msg_id=17479614249890646370,hops=0,sig=verified,forward=true|mesh|4713703
OASIS|B|UART|FRAG_RX|origin=822460d254200275,idx=2,count=14,outcome=incomplete|mesh|4713703
OASIS|B|UART|RXF|n=83,len=296,ctr=2653,seq=???|mesh|4713703
OASIS|B|UART|ARRIVED|msg_id=242966898491648657,hops=0,sig=verified,forward=true|mesh|4713703
OASIS|B|UART|FRAG_RX|origin=822460d254200275,idx=3,count=14,outcome=incomplete|mesh|4713703
OASIS|B|UART|RXF|n=84,len=296,ctr=2654,seq=?q?|mesh|4713703
OASIS|B|UART|ARRIVED|msg_id=13056664652374396022,hops=0,sig=verified,forward=true|mesh|4713703
OASIS|B|UART|FRAG_RX|origin=822460d254200275,idx=4,count=14,outcome=incomplete|mesh|4713703
OASIS|B|UART|RXF|n=85,len=296,ctr=2655,seq=??T|mesh|4713703
OASIS|B|UART|ARRIVED|msg_id=12201524170991690475,hops=0,sig=verified,forward=true|mesh|4713703
OASIS|B|UART|FRAG_RX|origin=822460d254200275,idx=5,count=14,outcome=incomplete|mesh|4713703
OASIS|B|UART|RXF|n=86,len=296,ctr=2656,seq=L/?|mesh|4713703
OASIS|B|UART|ARRIVED|msg_id=12599326997574626663,hops=0,sig=verified,forward=true|mesh|4713703
OASIS|B|UART|FRAG_RX|origin=822460d254200275,idx=6,count=14,outcome=incomplete|mesh|4713703
OASIS|B|UART|RXF|n=87,len=296,ctr=2657,seq=?m?|mesh|4713703
OASIS|B|UART|ARRIVED|msg_id=11618283400360105388,hops=0,sig=verified,forward=true|mesh|4713703
OASIS|B|UART|FRAG_RX|origin=822460d254200275,idx=7,count=14,outcome=incomplete|mesh|4713703
OASIS|B|UART|RXF|n=88,len=296,ctr=2658,seq=???|mesh|4713703
OASIS|B|UART|ARRIVED|msg_id=988951397414951482,hops=0,sig=verified,forward=true|mesh|4713703
OASIS|B|UART|FRAG_RX|origin=822460d254200275,idx=8,count=14,outcome=incomplete|mesh|4713703
OASIS|B|UART|RXF|n=89,len=296,ctr=2659,seq=aUI|mesh|4713703
OASIS|B|UART|ARRIVED|msg_id=13962771560590594797,hops=0,sig=verified,forward=true|mesh|4713703
OASIS|B|UART|FRAG_RX|origin=822460d254200275,idx=9,count=14,outcome=incomplete|mesh|4713703
OASIS|B|UART|RXF|n=90,len=296,ctr=2660,seq=QL2|mesh|4713703
OASIS|B|UART|ARRIVED|msg_id=8006653045003629733,hops=0,sig=verified,forward=true|mesh|4713703
OASIS|B|UART|FRAG_RX|origin=822460d254200275,idx=10,count=14,outcome=incomplete|mesh|4713703
OASIS|B|UART|RXF|n=91,len=296,ctr=2661,seq=?2?|mesh|4713703
OASIS|B|UART|ARRIVED|msg_id=2198198369610457897,hops=0,sig=verified,forward=true|mesh|4713703
OASIS|B|UART|FRAG_RX|origin=822460d254200275,idx=11,count=14,outcome=incomplete|mesh|4713703
OASIS|B|UART|RXF|n=92,len=296,ctr=2662,seq=???|mesh|4713703
OASIS|B|UART|ARRIVED|msg_id=6354746363177183426,hops=0,sig=verified,forward=true|mesh|4713703
OASIS|B|UART|FRAG_RX|origin=822460d254200275,idx=12,count=14,outcome=incomplete|mesh|4713703
OASIS|B|UART|RXF|n=93,len=288,ctr=2663,seq=?%0|mesh|4713703
OASIS|B|UART|ARRIVED|msg_id=4127847238962110533,hops=0,sig=verified,forward=true|mesh|4713703
OASIS|B|UART|FRAG_RX|origin=822460d254200275,idx=13,count=14,outcome=complete|mesh|4713703
OASIS|B|UART|AUTH|kind=1,suite=3,len=2526,decision=Revocation(Applied),verify_us=387210,stack=49244,forward=true|mesh|4713703
OASIS|B|UART|REV|source=OAU1,epoch=2,revoked=1|mesh|4713703
OASIS|B|UART|FRAG_TX|idx=0,count=14,counter=2649,len=296,tampered=false|mesh|4713703
OASIS|B|UART|FRAG_TX|idx=1,count=14,counter=2650,len=296,tampered=false|mesh|4713703
OASIS|B|UART|FRAG_TX|idx=2,count=14,counter=2651,len=296,tampered=false|mesh|4713703
OASIS|B|UART|FRAG_TX|idx=3,count=14,counter=2652,len=296,tampered=false|mesh|4713703
OASIS|B|UART|FRAG_TX|idx=4,count=14,counter=2653,len=296,tampered=false|mesh|4713703
OASIS|B|UART|FRAG_TX|idx=5,count=14,counter=2654,len=296,tampered=false|mesh|4713703
OASIS|B|UART|FRAG_TX|idx=6,count=14,counter=2655,len=296,tampered=false|mesh|4713703
OASIS|B|UART|FRAG_TX|idx=7,count=14,counter=2656,len=296,tampered=false|mesh|4713703
OASIS|B|UART|FRAG_TX|idx=8,count=14,counter=2657,len=296,tampered=false|mesh|4713703
OASIS|B|UART|FRAG_TX|idx=9,count=14,counter=2658,len=296,tampered=false|mesh|4713703
OASIS|B|UART|FRAG_TX|idx=10,count=14,counter=2659,len=296,tampered=false|mesh|4713703
OASIS|B|UART|FRAG_TX|idx=11,count=14,counter=2660,len=296,tampered=false|mesh|4713703
OASIS|B|UART|FRAG_TX|idx=12,count=14,counter=2661,len=296,tampered=false|mesh|4713703
OASIS|B|UART|FRAG_TX|idx=13,count=14,counter=2662,len=288,tampered=false|mesh|4713703
