OASIS|B|UART|RXF|n=94,len=299,ctr=2664,seq=?_?|mesh|4713703
OASIS|B|UART|ARRIVED|msg_id=13661012567826621556,hops=0,sig=verified,forward=true|mesh|4713703
OASIS|B|UART|FRAG_RX|origin=822460d254200275,idx=0,count=21,outcome=incomplete|mesh|4713703
OASIS|B|UART|RXF|n=95,len=299,ctr=2665,seq=??-|mesh|4713703
OASIS|B|UART|ARRIVED|msg_id=17204427564137358334,hops=0,sig=verified,forward=true|mesh|4713703
OASIS|B|UART|FRAG_RX|origin=822460d254200275,idx=1,count=21,outcome=incomplete|mesh|4713703
OASIS|B|UART|RXF|n=96,len=299,ctr=2666,seq==??|mesh|4713703
OASIS|B|UART|ARRIVED|msg_id=13359730225211416785,hops=0,sig=verified,forward=true|mesh|4713703
OASIS|B|UART|FRAG_RX|origin=822460d254200275,idx=2,count=21,outcome=incomplete|mesh|4713703
OASIS|B|UART|RXF|n=97,len=299,ctr=2667,seq=i@?|mesh|4713703
OASIS|B|UART|ARRIVED|msg_id=6886659984316037870,hops=0,sig=verified,forward=true|mesh|4713703
OASIS|B|UART|FRAG_RX|origin=822460d254200275,idx=3,count=21,outcome=incomplete|mesh|4713703
OASIS|B|UART|RXF|n=98,len=299,ctr=2668,seq=??)|mesh|4713703
OASIS|B|UART|ARRIVED|msg_id=16921219305599924621,hops=0,sig=verified,forward=true|mesh|4713703
OASIS|B|UART|FRAG_RX|origin=822460d254200275,idx=4,count=21,outcome=incomplete|mesh|4713703
OASIS|B|UART|RXF|n=99,len=299,ctr=2669,seq=vK?|mesh|4713703
OASIS|B|UART|ARRIVED|msg_id=1919537936569514414,hops=0,sig=verified,forward=true|mesh|4713703
OASIS|B|UART|FRAG_RX|origin=822460d254200275,idx=5,count=21,outcome=incomplete|mesh|4713703
OASIS|B|UART|RXF|n=100,len=299,ctr=2670,seq=???|mesh|4713703
OASIS|B|UART|ARRIVED|msg_id=4228494364070520783,hops=0,sig=verified,forward=true|mesh|4713703
OASIS|B|UART|FRAG_RX|origin=822460d254200275,idx=6,count=21,outcome=incomplete|mesh|4713703
OASIS|B|UART|RXF|n=101,len=299,ctr=2671,seq=???|mesh|4713703
OASIS|B|UART|ARRIVED|msg_id=13415908703503826164,hops=0,sig=verified,forward=true|mesh|4713703
OASIS|B|UART|FRAG_RX|origin=822460d254200275,idx=7,count=21,outcome=incomplete|mesh|4713703
OASIS|B|UART|RXF|n=102,len=299,ctr=2672,seq=2!?|mesh|4713703
OASIS|B|UART|ARRIVED|msg_id=4718560724806851663,hops=0,sig=verified,forward=true|mesh|4713703
OASIS|B|UART|FRAG_RX|origin=822460d254200275,idx=8,count=21,outcome=incomplete|mesh|4713703
OASIS|B|UART|RXF|n=103,len=299,ctr=2673,seq=?5+|mesh|4713703
OASIS|B|UART|ARRIVED|msg_id=273256433378372514,hops=0,sig=verified,forward=true|mesh|4713703
OASIS|B|UART|FRAG_RX|origin=822460d254200275,idx=9,count=21,outcome=incomplete|mesh|4713703
OASIS|B|UART|RXF|n=104,len=299,ctr=2674,seq=R??|mesh|4713703
OASIS|B|UART|ARRIVED|msg_id=13052737475019173065,hops=0,sig=verified,forward=true|mesh|4713703
OASIS|B|UART|FRAG_RX|origin=822460d254200275,idx=10,count=21,outcome=incomplete|mesh|4713703
OASIS|B|UART|RXF|n=105,len=299,ctr=2675,seq=?i?|mesh|4713703
OASIS|B|UART|ARRIVED|msg_id=14383800291996326121,hops=0,sig=verified,forward=true|mesh|4713703
OASIS|B|UART|FRAG_RX|origin=822460d254200275,idx=11,count=21,outcome=incomplete|mesh|4713703
OASIS|B|UART|RXF|n=106,len=299,ctr=2676,seq=?h?|mesh|4713703
OASIS|B|UART|ARRIVED|msg_id=14690119206565746662,hops=0,sig=verified,forward=true|mesh|4713703
OASIS|B|UART|FRAG_RX|origin=822460d254200275,idx=12,count=21,outcome=incomplete|mesh|4713703
OASIS|B|UART|RXF|n=107,len=299,ctr=2677,seq=?b?|mesh|4713703
OASIS|B|UART|ARRIVED|msg_id=3426115687648017692,hops=0,sig=verified,forward=true|mesh|4713703
OASIS|B|UART|FRAG_RX|origin=822460d254200275,idx=13,count=21,outcome=incomplete|mesh|4713703
OASIS|B|UART|RXF|n=108,len=299,ctr=2678,seq=?I?|mesh|4713703
OASIS|B|UART|ARRIVED|msg_id=2235596351910816136,hops=0,sig=verified,forward=true|mesh|4713703
OASIS|B|UART|FRAG_RX|origin=822460d254200275,idx=14,count=21,outcome=incomplete|mesh|4713703
OASIS|B|UART|RXF|n=109,len=299,ctr=2679,seq=\B?|mesh|4713703
OASIS|B|UART|ARRIVED|msg_id=12115089113631011502,hops=0,sig=verified,forward=true|mesh|4713703
OASIS|B|UART|FRAG_RX|origin=822460d254200275,idx=15,count=21,outcome=incomplete|mesh|4713703
OASIS|B|UART|RXF|n=110,len=299,ctr=2680,seq=??X|mesh|4713703
OASIS|B|UART|ARRIVED|msg_id=4480820918911677067,hops=0,sig=verified,forward=true|mesh|4713703
OASIS|B|UART|FRAG_RX|origin=822460d254200275,idx=16,count=21,outcome=incomplete|mesh|4713703
OASIS|B|UART|RXF|n=111,len=299,ctr=2681,seq=?^f|mesh|4713703
OASIS|B|UART|ARRIVED|msg_id=17322134914914147837,hops=0,sig=verified,forward=true|mesh|4713703
OASIS|B|UART|FRAG_RX|origin=822460d254200275,idx=17,count=21,outcome=incomplete|mesh|4713703
OASIS|B|UART|RXF|n=112,len=299,ctr=2682,seq=???|mesh|4713703
OASIS|B|UART|ARRIVED|msg_id=12249596876390358803,hops=0,sig=verified,forward=true|mesh|4713703
OASIS|B|UART|FRAG_RX|origin=822460d254200275,idx=18,count=21,outcome=incomplete|mesh|4713703
OASIS|B|UART|RXF|n=113,len=299,ctr=2683,seq=9??|mesh|4713703
OASIS|B|UART|ARRIVED|msg_id=12280252802070719533,hops=0,sig=verified,forward=true|mesh|4713703
OASIS|B|UART|FRAG_RX|origin=822460d254200275,idx=19,count=21,outcome=incomplete|mesh|4713703
OASIS|B|UART|RXF|n=114,len=284,ctr=2684,seq=?&9|mesh|4713703
OASIS|B|UART|ARRIVED|msg_id=17467534490845864818,hops=0,sig=verified,forward=true|mesh|4713703
OASIS|B|UART|FRAG_RX|origin=822460d254200275,idx=20,count=21,outcome=complete|mesh|4713703
OASIS|B|UART|AUTH|kind=4,suite=3,len=3849,decision=Own(OfferPending),verify_us=400144,stack=49244,forward=true|mesh|4713703
OASIS|B|UART|STATE|owner_seq=1,owner_ed=5b8649c0cfcdbe78,pending_offer=2,peers=3,rev_signer=Current|mesh|4713703
OASIS|B|UART|FRAG_TX|idx=0,count=21,counter=2663,len=299,tampered=false|mesh|4713703
OASIS|B|UART|FRAG_TX|idx=1,count=21,counter=2664,len=299,tampered=false|mesh|4713703
OASIS|B|UART|FRAG_TX|idx=2,count=21,counter=2665,len=299,tampered=false|mesh|4713703
OASIS|B|UART|FRAG_TX|idx=3,count=21,counter=2666,len=299,tampered=false|mesh|4713703
OASIS|B|UART|FRAG_TX|idx=4,count=21,counter=2667,len=299,tampered=false|mesh|4713703
OASIS|B|UART|FRAG_TX|idx=5,count=21,counter=2668,len=299,tampered=false|mesh|4713703
OASIS|B|UART|FRAG_TX|idx=6,count=21,counter=2669,len=299,tampered=false|mesh|4713703
OASIS|B|UART|FRAG_TX|idx=7,count=21,counter=2670,len=299,tampered=false|mesh|4713703
OASIS|B|UART|FRAG_TX|idx=8,count=21,counter=2671,len=299,tampered=false|mesh|4713703
OASIS|B|UART|FRAG_TX|idx=9,count=21,counter=2672,len=299,tampered=false|mesh|4713703
OASIS|B|UART|FRAG_TX|idx=10,count=21,counter=2673,len=299,tampered=false|mesh|4713703
OASIS|B|UART|FRAG_TX|idx=11,count=21,counter=2674,len=299,tampered=false|mesh|4713703
OASIS|B|UART|FRAG_TX|idx=12,count=21,counter=2675,len=299,tampered=false|mesh|4713703
OASIS|B|UART|FRAG_TX|idx=13,count=21,counter=2676,len=299,tampered=false|mesh|4713703
OASIS|B|UART|FRAG_TX|idx=14,count=21,counter=2677,len=299,tampered=false|mesh|4713703
OASIS|B|UART|FRAG_TX|idx=15,count=21,counter=2678,len=299,tampered=false|mesh|4713703
OASIS|B|UART|FRAG_TX|idx=16,count=21,counter=2679,len=299,tampered=false|mesh|4713703
OASIS|B|UART|FRAG_TX|idx=17,count=21,counter=2680,len=299,tampered=false|mesh|4713703
OASIS|B|UART|FRAG_TX|idx=18,count=21,counter=2681,len=299,tampered=false|mesh|4713703
OASIS|B|UART|FRAG_TX|idx=19,count=21,counter=2682,len=299,tampered=false|mesh|4713703
OASIS|B|UART|FRAG_TX|idx=20,count=21,counter=2683,len=284,tampered=false|mesh|4713703
