OASIS|C|UART|RXF|n=95,len=299,ctr=2663,seq=?_?|mesh|4713703
OASIS|C|UART|ARRIVED|msg_id=3403250992874304469,hops=0,sig=verified,forward=true|mesh|4713703
OASIS|C|UART|FRAG_RX|origin=f6bd34440030a136,idx=0,count=21,outcome=incomplete|mesh|4713703
OASIS|C|UART|RXF|n=96,len=299,ctr=2664,seq=??-|mesh|4713703
OASIS|C|UART|ARRIVED|msg_id=9179358260177946259,hops=0,sig=verified,forward=true|mesh|4713703
OASIS|C|UART|FRAG_RX|origin=f6bd34440030a136,idx=1,count=21,outcome=incomplete|mesh|4713703
OASIS|C|UART|RXF|n=97,len=299,ctr=2665,seq==??|mesh|4713703
OASIS|C|UART|ARRIVED|msg_id=5758995156873648018,hops=0,sig=verified,forward=true|mesh|4713703
OASIS|C|UART|FRAG_RX|origin=f6bd34440030a136,idx=2,count=21,outcome=incomplete|mesh|4713703
OASIS|C|UART|RXF|n=98,len=299,ctr=2666,seq=i@?|mesh|4713703
OASIS|C|UART|ARRIVED|msg_id=88353844404014131,hops=0,sig=verified,forward=true|mesh|4713703
OASIS|C|UART|FRAG_RX|origin=f6bd34440030a136,idx=3,count=21,outcome=incomplete|mesh|4713703
OASIS|C|UART|RXF|n=99,len=299,ctr=2667,seq=??)|mesh|4713703
OASIS|C|UART|ARRIVED|msg_id=6505807348562444769,hops=0,sig=verified,forward=true|mesh|4713703
OASIS|C|UART|FRAG_RX|origin=f6bd34440030a136,idx=4,count=21,outcome=incomplete|mesh|4713703
OASIS|C|UART|RXF|n=100,len=299,ctr=2668,seq=vK?|mesh|4713703
OASIS|C|UART|ARRIVED|msg_id=13150573750877707632,hops=0,sig=verified,forward=true|mesh|4713703
OASIS|C|UART|FRAG_RX|origin=f6bd34440030a136,idx=5,count=21,outcome=incomplete|mesh|4713703
OASIS|C|UART|RXF|n=101,len=299,ctr=2669,seq=???|mesh|4713703
OASIS|C|UART|ARRIVED|msg_id=9483436562895723572,hops=0,sig=verified,forward=true|mesh|4713703
OASIS|C|UART|FRAG_RX|origin=f6bd34440030a136,idx=6,count=21,outcome=incomplete|mesh|4713703
OASIS|C|UART|RXF|n=102,len=299,ctr=2670,seq=???|mesh|4713703
OASIS|C|UART|ARRIVED|msg_id=2227854515928627521,hops=0,sig=verified,forward=true|mesh|4713703
OASIS|C|UART|FRAG_RX|origin=f6bd34440030a136,idx=7,count=21,outcome=incomplete|mesh|4713703
OASIS|C|UART|RXF|n=103,len=299,ctr=2671,seq=2!?|mesh|4713703
OASIS|C|UART|ARRIVED|msg_id=5648154499455882608,hops=0,sig=verified,forward=true|mesh|4713703
OASIS|C|UART|FRAG_RX|origin=f6bd34440030a136,idx=8,count=21,outcome=incomplete|mesh|4713703
OASIS|C|UART|RXF|n=104,len=299,ctr=2672,seq=?5+|mesh|4713703
OASIS|C|UART|ARRIVED|msg_id=17756061348255205024,hops=0,sig=verified,forward=true|mesh|4713703
OASIS|C|UART|FRAG_RX|origin=f6bd34440030a136,idx=9,count=21,outcome=incomplete|mesh|4713703
OASIS|C|UART|RXF|n=105,len=299,ctr=2673,seq=R??|mesh|4713703
OASIS|C|UART|ARRIVED|msg_id=11092913022514827744,hops=0,sig=verified,forward=true|mesh|4713703
OASIS|C|UART|FRAG_RX|origin=f6bd34440030a136,idx=10,count=21,outcome=incomplete|mesh|4713703
OASIS|C|UART|RXF|n=106,len=299,ctr=2674,seq=?i?|mesh|4713703
OASIS|C|UART|ARRIVED|msg_id=5735120874147195748,hops=0,sig=verified,forward=true|mesh|4713703
OASIS|C|UART|FRAG_RX|origin=f6bd34440030a136,idx=11,count=21,outcome=incomplete|mesh|4713703
OASIS|C|UART|RXF|n=107,len=299,ctr=2675,seq=?h?|mesh|4713703
OASIS|C|UART|ARRIVED|msg_id=18067511649693530612,hops=0,sig=verified,forward=true|mesh|4713703
OASIS|C|UART|FRAG_RX|origin=f6bd34440030a136,idx=12,count=21,outcome=incomplete|mesh|4713703
OASIS|C|UART|RXF|n=108,len=299,ctr=2676,seq=?b?|mesh|4713703
OASIS|C|UART|ARRIVED|msg_id=16488513173033474587,hops=0,sig=verified,forward=true|mesh|4713703
OASIS|C|UART|FRAG_RX|origin=f6bd34440030a136,idx=13,count=21,outcome=incomplete|mesh|4713703
OASIS|C|UART|RXF|n=109,len=299,ctr=2677,seq=?I?|mesh|4713703
OASIS|C|UART|ARRIVED|msg_id=10115355041973081014,hops=0,sig=verified,forward=true|mesh|4713703
OASIS|C|UART|FRAG_RX|origin=f6bd34440030a136,idx=14,count=21,outcome=incomplete|mesh|4713703
OASIS|C|UART|RXF|n=110,len=299,ctr=2678,seq=\B?|mesh|4713703
OASIS|C|UART|ARRIVED|msg_id=11945164961916882301,hops=0,sig=verified,forward=true|mesh|4713703
OASIS|C|UART|FRAG_RX|origin=f6bd34440030a136,idx=15,count=21,outcome=incomplete|mesh|4713703
OASIS|C|UART|RXF|n=111,len=299,ctr=2679,seq=??X|mesh|4713703
OASIS|C|UART|ARRIVED|msg_id=14944192014983943697,hops=0,sig=verified,forward=true|mesh|4713703
OASIS|C|UART|FRAG_RX|origin=f6bd34440030a136,idx=16,count=21,outcome=incomplete|mesh|4713703
OASIS|C|UART|RXF|n=112,len=299,ctr=2680,seq=?^f|mesh|4713703
OASIS|C|UART|ARRIVED|msg_id=5798875244036743810,hops=0,sig=verified,forward=true|mesh|4713703
OASIS|C|UART|FRAG_RX|origin=f6bd34440030a136,idx=17,count=21,outcome=incomplete|mesh|4713703
OASIS|C|UART|RXF|n=113,len=299,ctr=2681,seq=???|mesh|4713703
OASIS|C|UART|ARRIVED|msg_id=7520916657602506782,hops=0,sig=verified,forward=true|mesh|4713703
OASIS|C|UART|FRAG_RX|origin=f6bd34440030a136,idx=18,count=21,outcome=incomplete|mesh|4713703
OASIS|C|UART|RXF|n=114,len=299,ctr=2682,seq=9??|mesh|4713703
OASIS|C|UART|ARRIVED|msg_id=8961298907551433013,hops=0,sig=verified,forward=true|mesh|4713703
OASIS|C|UART|FRAG_RX|origin=f6bd34440030a136,idx=19,count=21,outcome=incomplete|mesh|4713703
OASIS|C|UART|RXF|n=115,len=284,ctr=2683,seq=?&9|mesh|4713703
OASIS|C|UART|ARRIVED|msg_id=1143046609396799426,hops=0,sig=verified,forward=true|mesh|4713703
OASIS|C|UART|FRAG_RX|origin=f6bd34440030a136,idx=20,count=21,outcome=complete|mesh|4713703
OASIS|C|UART|AUTH|kind=4,suite=3,len=3849,decision=Own(OfferPending),verify_us=396709,stack=49244,forward=true|mesh|4713703
OASIS|C|UART|STATE|owner_seq=1,owner_ed=5b8649c0cfcdbe78,pending_offer=2,peers=3,rev_signer=Current|mesh|4713703
OASIS|C|UART|FRAG_TX|idx=0,count=21,counter=2650,len=299,tampered=false|mesh|4713703
OASIS|C|UART|FRAG_TX|idx=1,count=21,counter=2651,len=299,tampered=false|mesh|4713703
OASIS|C|UART|FRAG_TX|idx=2,count=21,counter=2652,len=299,tampered=false|mesh|4713703
OASIS|C|UART|FRAG_TX|idx=3,count=21,counter=2653,len=299,tampered=false|mesh|4713703
OASIS|C|UART|FRAG_TX|idx=4,count=21,counter=2654,len=299,tampered=false|mesh|4713703
OASIS|C|UART|FRAG_TX|idx=5,count=21,counter=2655,len=299,tampered=false|mesh|4713703
OASIS|C|UART|FRAG_TX|idx=6,count=21,counter=2656,len=299,tampered=false|mesh|4713703
OASIS|C|UART|FRAG_TX|idx=7,count=21,counter=2657,len=299,tampered=false|mesh|4713703
OASIS|C|UART|FRAG_TX|idx=8,count=21,counter=2658,len=299,tampered=false|mesh|4713703
OASIS|C|UART|FRAG_TX|idx=9,count=21,counter=2659,len=299,tampered=false|mesh|4713703
OASIS|C|UART|FRAG_TX|idx=10,count=21,counter=2660,len=299,tampered=false|mesh|4713703
OASIS|C|UART|FRAG_TX|idx=11,count=21,counter=2661,len=299,tampered=false|mesh|4713703
OASIS|C|UART|FRAG_TX|idx=12,count=21,counter=2662,len=299,tampered=false|mesh|4713703
OASIS|C|UART|FRAG_TX|idx=13,count=21,counter=2663,len=299,tampered=false|mesh|4713703
OASIS|C|UART|FRAG_TX|idx=14,count=21,counter=2664,len=299,tampered=false|mesh|4713703
OASIS|C|UART|FRAG_TX|idx=15,count=21,counter=2665,len=299,tampered=false|mesh|4713703
OASIS|C|UART|FRAG_TX|idx=16,count=21,counter=2666,len=299,tampered=false|mesh|4713703
OASIS|C|UART|FRAG_TX|idx=17,count=21,counter=2667,len=299,tampered=false|mesh|4713703
OASIS|C|UART|FRAG_TX|idx=18,count=21,counter=2668,len=299,tampered=false|mesh|4713703
OASIS|C|UART|FRAG_TX|idx=19,count=21,counter=2669,len=299,tampered=false|mesh|4713703
OASIS|C|UART|FRAG_TX|idx=20,count=21,counter=2670,len=284,tampered=false|mesh|4713703
