OASIS|C|UART|RXF|n=117,len=299,ctr=3838,seq=?_?|mesh|4713703
OASIS|C|UART|ARRIVED|msg_id=3244150247849491810,hops=0,sig=verified,forward=true|mesh|4713703
OASIS|C|UART|FRAG_RX|origin=f6bd34440030a136,idx=0,count=21,outcome=incomplete|mesh|4713703
OASIS|C|UART|RXF|n=118,len=299,ctr=3839,seq=??-|mesh|4713703
OASIS|C|UART|ARRIVED|msg_id=11234006612460778459,hops=0,sig=verified,forward=true|mesh|4713703
OASIS|C|UART|FRAG_RX|origin=f6bd34440030a136,idx=1,count=21,outcome=incomplete|mesh|4713703
OASIS|C|UART|RXF|n=119,len=299,ctr=3840,seq==??|mesh|4713703
OASIS|C|UART|ARRIVED|msg_id=12992420372944412333,hops=0,sig=verified,forward=true|mesh|4713703
OASIS|C|UART|FRAG_RX|origin=f6bd34440030a136,idx=2,count=21,outcome=incomplete|mesh|4713703
OASIS|C|UART|RXF|n=120,len=299,ctr=3841,seq=i@?|mesh|4713703
OASIS|C|UART|ARRIVED|msg_id=13334153065042656895,hops=0,sig=verified,forward=true|mesh|4713703
OASIS|C|UART|FRAG_RX|origin=f6bd34440030a136,idx=3,count=21,outcome=incomplete|mesh|4713703
OASIS|C|UART|RXF|n=121,len=299,ctr=3842,seq=??)|mesh|4713703
OASIS|C|UART|ARRIVED|msg_id=5794803236403680979,hops=0,sig=verified,forward=true|mesh|4713703
OASIS|C|UART|FRAG_RX|origin=f6bd34440030a136,idx=4,count=21,outcome=incomplete|mesh|4713703
OASIS|C|UART|RXF|n=122,len=299,ctr=3843,seq=vK?|mesh|4713703
OASIS|C|UART|ARRIVED|msg_id=15918606790168162715,hops=0,sig=verified,forward=true|mesh|4713703
OASIS|C|UART|FRAG_RX|origin=f6bd34440030a136,idx=5,count=21,outcome=incomplete|mesh|4713703
OASIS|C|UART|RXF|n=123,len=299,ctr=3844,seq=???|mesh|4713703
OASIS|C|UART|ARRIVED|msg_id=12717080453951447569,hops=0,sig=verified,forward=true|mesh|4713703
OASIS|C|UART|FRAG_RX|origin=f6bd34440030a136,idx=6,count=21,outcome=incomplete|mesh|4713703
OASIS|C|UART|RXF|n=124,len=299,ctr=3845,seq=???|mesh|4713703
OASIS|C|UART|ARRIVED|msg_id=4165747470614831607,hops=0,sig=verified,forward=true|mesh|4713703
OASIS|C|UART|FRAG_RX|origin=f6bd34440030a136,idx=7,count=21,outcome=incomplete|mesh|4713703
OASIS|C|UART|RXF|n=125,len=299,ctr=3846,seq=2!?|mesh|4713703
OASIS|C|UART|ARRIVED|msg_id=17264760831392357920,hops=0,sig=verified,forward=true|mesh|4713703
OASIS|C|UART|FRAG_RX|origin=f6bd34440030a136,idx=8,count=21,outcome=incomplete|mesh|4713703
OASIS|C|UART|RXF|n=126,len=299,ctr=3847,seq=?5+|mesh|4713703
OASIS|C|UART|ARRIVED|msg_id=15239091770733825705,hops=0,sig=verified,forward=true|mesh|4713703
OASIS|C|UART|FRAG_RX|origin=f6bd34440030a136,idx=9,count=21,outcome=incomplete|mesh|4713703
OASIS|C|UART|RXF|n=127,len=299,ctr=3848,seq=R??|mesh|4713703
OASIS|C|UART|ARRIVED|msg_id=8279905382856089914,hops=0,sig=verified,forward=true|mesh|4713703
OASIS|C|UART|FRAG_RX|origin=f6bd34440030a136,idx=10,count=21,outcome=incomplete|mesh|4713703
OASIS|C|UART|RXF|n=128,len=299,ctr=3849,seq=?i?|mesh|4713703
OASIS|C|UART|ARRIVED|msg_id=5046951958387925227,hops=0,sig=verified,forward=true|mesh|4713703
OASIS|C|UART|FRAG_RX|origin=f6bd34440030a136,idx=11,count=21,outcome=incomplete|mesh|4713703
OASIS|C|UART|RXF|n=129,len=299,ctr=3850,seq=?h?|mesh|4713703
OASIS|C|UART|ARRIVED|msg_id=12680992940582319614,hops=0,sig=verified,forward=true|mesh|4713703
OASIS|C|UART|FRAG_RX|origin=f6bd34440030a136,idx=12,count=21,outcome=incomplete|mesh|4713703
OASIS|C|UART|RXF|n=130,len=299,ctr=3851,seq=?b?|mesh|4713703
OASIS|C|UART|ARRIVED|msg_id=298707249487533883,hops=0,sig=verified,forward=true|mesh|4713703
OASIS|C|UART|FRAG_RX|origin=f6bd34440030a136,idx=13,count=21,outcome=incomplete|mesh|4713703
OASIS|C|UART|RXF|n=131,len=299,ctr=3852,seq=?I?|mesh|4713703
OASIS|C|UART|ARRIVED|msg_id=3456688639108471968,hops=0,sig=verified,forward=true|mesh|4713703
OASIS|C|UART|FRAG_RX|origin=f6bd34440030a136,idx=14,count=21,outcome=incomplete|mesh|4713703
OASIS|C|UART|RXF|n=132,len=299,ctr=3853,seq=\B?|mesh|4713703
OASIS|C|UART|ARRIVED|msg_id=9560821842848939200,hops=0,sig=verified,forward=true|mesh|4713703
OASIS|C|UART|FRAG_RX|origin=f6bd34440030a136,idx=15,count=21,outcome=incomplete|mesh|4713703
OASIS|C|UART|RXF|n=133,len=299,ctr=3854,seq=??X|mesh|4713703
OASIS|C|UART|ARRIVED|msg_id=12069909943810139019,hops=0,sig=verified,forward=true|mesh|4713703
OASIS|C|UART|FRAG_RX|origin=f6bd34440030a136,idx=16,count=21,outcome=incomplete|mesh|4713703
OASIS|C|UART|RXF|n=134,len=299,ctr=3855,seq=?^f|mesh|4713703
OASIS|C|UART|ARRIVED|msg_id=5604864513468646829,hops=0,sig=verified,forward=true|mesh|4713703
OASIS|C|UART|FRAG_RX|origin=f6bd34440030a136,idx=17,count=21,outcome=incomplete|mesh|4713703
OASIS|C|UART|RXF|n=135,len=299,ctr=3856,seq=???|mesh|4713703
OASIS|C|UART|ARRIVED|msg_id=10990971121715119806,hops=0,sig=verified,forward=true|mesh|4713703
OASIS|C|UART|FRAG_RX|origin=f6bd34440030a136,idx=18,count=21,outcome=incomplete|mesh|4713703
OASIS|C|UART|RXF|n=136,len=299,ctr=3857,seq=9??|mesh|4713703
OASIS|C|UART|ARRIVED|msg_id=4980202717601744920,hops=0,sig=verified,forward=true|mesh|4713703
OASIS|C|UART|FRAG_RX|origin=f6bd34440030a136,idx=19,count=21,outcome=incomplete|mesh|4713703
OASIS|C|UART|RXF|n=137,len=284,ctr=3858,seq=?&9|mesh|4713703
OASIS|C|UART|ARRIVED|msg_id=6807750054671460109,hops=0,sig=verified,forward=true|mesh|4713703
OASIS|C|UART|FRAG_RX|origin=f6bd34440030a136,idx=20,count=21,outcome=complete|mesh|4713703
OASIS|C|UART|AUTH|kind=4,suite=3,len=3849,decision=Own(DuplicateOffer),verify_us=396891,stack=49244,forward=false|mesh|4713703
OASIS|C|UART|STATE|owner_seq=1,owner_ed=5b8649c0cfcdbe78,pending_offer=2,peers=3,rev_signer=Current|mesh|4713703
