[2026-10-06T18:06:03Z] host: 6.18.40.1-microsoft-standard-WSL2, 3381 MB RAM, cargo-kani 0.67.0
[2026-10-06T18:06:06Z] tree: 3e67254
[2026-10-06T18:06:06Z] cargo kani --lib --harness proof_auth_hybrid_requires_both --harness proof_auth_policy_never_lowers --harness proof_auth_parse_total --harness proof_auth_precheck_no_downgrade --harness proof_frag_parse_in_bounds --harness proof_frag_completion_mask
Kani Rust Verifier 0.67.0 (cargo plugin)
   Compiling oasis-rt v0.3.0 (/root/oasis-kani/oasis-rt)
warning: unused import: `crate::vec::*`
 --> oasis-rt/src/morpho.rs:6:5
  |
6 | use crate::vec::*;
  |     ^^^^^^^^^^^^^
  |
  = note: `#[warn(unused_imports)]` (part of `#[warn(unused)]`) on by default

warning: unnecessary parentheses around assigned value
   --> oasis-rt/src/mesh/kani_proofs.rs:684:31
    |
684 |     let error_milli_swapped = ({
    |                               ^
...
687 |     });
    |      ^
    |
    = note: `#[warn(unused_parens)]` (part of `#[warn(unused)]`) on by default
help: remove these parentheses
    |
684 ~     let error_milli_swapped = {
685 |         let d = if v >= c { v - c } else { c - v };
686 |         (d as u64 * 100_000) / larger as u64
687 ~     } ;
    |

warning: unused import: `crate::vec::*`
  --> oasis-rt/src/spore.rs:13:5
   |
13 | use crate::vec::*;
   |     ^^^^^^^^^^^^^

warning: unused variable: `persistence`
   --> oasis-rt/src/efference.rs:109:13
    |
109 |         let persistence = if severity != Severity::Nominal {
    |             ^^^^^^^^^^^ help: if this is intentional, prefix it with an underscore: `_persistence`
    |
    = note: `#[warn(unused_variables)]` (part of `#[warn(unused)]`) on by default

warning: unused variable: `agent_count`
   --> oasis-rt/src/federation.rs:116:59
    |
116 |     pub fn propagate(&mut self, synapses: &mut [Synapse], agent_count: usize, entropies: &[f64]) -> u32 {
    |                                                           ^^^^^^^^^^^ help: if this is intentional, prefix it with an underscore: `_agent_count`

warning: unused variable: `before`
   --> oasis-rt/src/federation.rs:567:13
    |
567 |         let before = self.digest_count();
    |             ^^^^^^ help: if this is intentional, prefix it with an underscore: `_before`

warning: unused variable: `handlers`
   --> oasis-rt/src/spinal.rs:152:17
    |
152 |             let handlers = block.lines().find(|l| l.starts_with("H: Handlers=")).unwrap_or("");
    |                 ^^^^^^^^ help: if this is intentional, prefix it with an underscore: `_handlers`

warning: variable `cA` should have a snake case name
   --> oasis-rt/src/world_model.rs:283:13
    |
283 |         let cA: f64 = kani::any();
    |             ^^ help: convert the identifier to snake case: `c_a`
    |
    = note: `#[warn(non_snake_case)]` (part of `#[warn(nonstandard_style)]`) on by default

warning: variable `pA` should have a snake case name
   --> oasis-rt/src/world_model.rs:284:13
    |
284 |         let pA: f64 = kani::any();
    |             ^^ help: convert the identifier to snake case: `p_a`

warning: variable `cB` should have a snake case name
   --> oasis-rt/src/world_model.rs:285:13
    |
285 |         let cB: f64 = kani::any();
    |             ^^ help: convert the identifier to snake case: `c_b`

warning: variable `pB` should have a snake case name
   --> oasis-rt/src/world_model.rs:286:13
    |
286 |         let pB: f64 = kani::any();
    |             ^^ help: convert the identifier to snake case: `p_b`

warning: variable `gA` should have a snake case name
   --> oasis-rt/src/world_model.rs:291:13
    |
291 |         let gA = repulsive_grad_1d(x, cA, pA);
    |             ^^ help: convert the identifier to snake case: `g_a`

warning: variable `gB` should have a snake case name
   --> oasis-rt/src/world_model.rs:292:13
    |
292 |         let gB = repulsive_grad_1d(x, cB, pB);
    |             ^^ help: convert the identifier to snake case: `g_b`

warning: Found the following unsupported constructs:
             - caller_location (1)
             - foreign function (1)
         
         Verification will fail if one or more of these constructs is reachable.
         See https://model-checking.github.io/kani/rust-feature-support.html for more details.

    Finished `dev` profile [unoptimized + debuginfo] target(s) in 3.53s
Checking harness authority::kani_proofs::proof_auth_precheck_no_downgrade...

VERIFICATION RESULT:
 ** 0 of 65 failed

VERIFICATION:- SUCCESSFUL
Verification Time: 0.2642401s

Checking harness authority::kani_proofs::proof_auth_parse_total...

VERIFICATION RESULT:
 ** 0 of 112 failed (5 unreachable)

VERIFICATION:- SUCCESSFUL
Verification Time: 3.3342848s

Checking harness authority::kani_proofs::proof_auth_policy_never_lowers...

VERIFICATION RESULT:
 ** 0 of 112 failed (1 unreachable)

VERIFICATION:- SUCCESSFUL
Verification Time: 0.41923514s

Checking harness authority::kani_proofs::proof_auth_hybrid_requires_both...

VERIFICATION RESULT:
 ** 0 of 2 failed

VERIFICATION:- SUCCESSFUL
Verification Time: 0.04199984s

Checking harness fragment::kani_proofs::proof_frag_completion_mask...

VERIFICATION RESULT:
 ** 0 of 5 failed

VERIFICATION:- SUCCESSFUL
Verification Time: 0.057610832s

Checking harness fragment::kani_proofs::proof_frag_parse_in_bounds...

VERIFICATION RESULT:
 ** 0 of 116 failed (4 unreachable)

VERIFICATION:- SUCCESSFUL
Verification Time: 5.8714056s

Manual Harness Summary:
Complete - 6 successfully verified harnesses, 0 failures, 6 total.
[2026-10-06T18:06:24Z] cargo kani exit code 0
