OASIS|B|T0|PASS|clk_cfg=125000000Hz,clk_measured=124998980Hz,usb_serial=B|clock|24cdbe3
OASIS|B|T1|BEGIN|-|mark|24cdbe3
OASIS|B|T1|PASS|rfc8439_cttag_match=true,decrypt_roundtrip=true|aead|24cdbe3
OASIS|B|T2|BEGIN|-|mark|24cdbe3
OASIS|B|T2|PASS|rfc7748_alice=true,bob=true|x25519|24cdbe3
OASIS|B|T3|BEGIN|-|mark|24cdbe3
OASIS|B|T3|PASS|kat_pub=true,kat_sig=true,verify=true,tamper_rejected=true|ed25519|24cdbe3
OASIS|B|T4|BEGIN|-|mark|24cdbe3
OASIS|B|T4|PROG|0|mark|24cdbe3
OASIS|B|T4|PROG|10|mark|24cdbe3
OASIS|B|T4|PROG|20|mark|24cdbe3
OASIS|B|T4|PROG|30|mark|24cdbe3
OASIS|B|T4|PROG|40|mark|24cdbe3
OASIS|B|T4|PASS|blocked=50/50,nominal_false_blocks=0/50,threshold=0.95|r14|24cdbe3
OASIS|B|T5|BEGIN|-|mark|24cdbe3
OASIS|B|T5|MARK|v8|mark|24cdbe3
OASIS|B|T5|PASS|v8_arrived=true,v8_dedup=true|mesh|24cdbe3
OASIS|B|T5|MARK|v9|mark|24cdbe3
OASIS|B|T5|PASS|v9_arrived=true,v9_tamper_rejected=true|mesh|24cdbe3
OASIS|B|T5|MARK|v0A|mark|24cdbe3
OASIS|B|T5|PASS|v0A_arrived=true,v0A_forge_rejected=true|mesh|24cdbe3
OASIS|B|T6|BEGIN|-|mark|24cdbe3
OASIS|B|T6|PASS|op=r14_fault,median=3255000,min=3247000,max=3315000|ns|24cdbe3
OASIS|B|T6|PASS|op=v9_wrap,median=739780,min=737600,max=765820|ns|24cdbe3
OASIS|B|T6|PASS|op=v0A_sign,median=341144000,min=340990000,max=341251000|ns|24cdbe3
OASIS|B|T6|PASS|op=v0A_verify,median=176525000,min=176492000,max=177007000|ns|24cdbe3
OASIS|B|SUITE|PASS|done|end|24cdbe3
