OASIS|A|T0|PASS|clk_cfg=125000000Hz,clk_measured=124998600Hz,usb_serial=A|clock|24cdbe3
OASIS|A|T1|BEGIN|-|mark|24cdbe3
OASIS|A|T1|PASS|rfc8439_cttag_match=true,decrypt_roundtrip=true|aead|24cdbe3
OASIS|A|T2|BEGIN|-|mark|24cdbe3
OASIS|A|T2|PASS|rfc7748_alice=true,bob=true|x25519|24cdbe3
OASIS|A|T3|BEGIN|-|mark|24cdbe3
OASIS|A|T3|PASS|kat_pub=true,kat_sig=true,verify=true,tamper_rejected=true|ed25519|24cdbe3
OASIS|A|T4|BEGIN|-|mark|24cdbe3
OASIS|A|T4|PROG|0|mark|24cdbe3
OASIS|A|T4|PROG|10|mark|24cdbe3
OASIS|A|T4|PROG|20|mark|24cdbe3
OASIS|A|T4|PROG|30|mark|24cdbe3
OASIS|A|T4|PROG|40|mark|24cdbe3
OASIS|A|T4|PASS|blocked=50/50,nominal_false_blocks=0/50,threshold=0.95|r14|24cdbe3
OASIS|A|T5|BEGIN|-|mark|24cdbe3
OASIS|A|T5|MARK|v8|mark|24cdbe3
OASIS|A|T5|PASS|v8_arrived=true,v8_dedup=true|mesh|24cdbe3
OASIS|A|T5|MARK|v9|mark|24cdbe3
OASIS|A|T5|PASS|v9_arrived=true,v9_tamper_rejected=true|mesh|24cdbe3
OASIS|A|T5|MARK|v0A|mark|24cdbe3
OASIS|A|T5|PASS|v0A_arrived=true,v0A_forge_rejected=true|mesh|24cdbe3
OASIS|A|T6|BEGIN|-|mark|24cdbe3
OASIS|A|T6|PASS|op=r14_fault,median=3259000,min=3250000,max=3278000|ns|24cdbe3
OASIS|A|T6|PASS|op=v9_wrap,median=740080,min=738140,max=765680|ns|24cdbe3
OASIS|A|T6|PASS|op=v0A_sign,median=341158000,min=341038000,max=341257000|ns|24cdbe3
OASIS|A|T6|PASS|op=v0A_verify,median=176526000,min=176511000,max=176998000|ns|24cdbe3
OASIS|A|SUITE|PASS|done|end|24cdbe3
