OASIS|B|UART|DROP|bad mesh signature|mesh|d285ef4
OASIS|B|UART|DROP|bad mesh signature|mesh|d285ef4
OASIS|B|UART|DROP|foreign network|mesh|d285ef4
OASIS|B|UART|DROP|bad mesh signature|mesh|d285ef4
OASIS|B|UART|DROP|bad mesh signature|mesh|d285ef4
OASIS|B|UART|DROP|bad mesh signature|mesh|d285ef4
OASIS|B|UART|DROP|bad mesh signature|mesh|d285ef4
OASIS|B|UART|DROP|bad mesh signature|mesh|d285ef4
OASIS|B|UART|DROP|bad mesh magic|mesh|d285ef4
OASIS|B|UART|DROP|foreign network|mesh|d285ef4
OASIS|B|UART|DROP|bad mesh signature|mesh|d285ef4
OASIS|B|UART|DROP|foreign network|mesh|d285ef4
OASIS|B|UART|DROP|bad mesh signature|mesh|d285ef4
OASIS|B|UART|DROP|bad mesh signature|mesh|d285ef4
OASIS|B|UART|DROP|bad mesh signature|mesh|d285ef4
OASIS|B|UART|DROP|bad mesh signature|mesh|d285ef4
OASIS|B|UART|DROP|bad mesh signature|mesh|d285ef4
OASIS|B|UART|DROP|bad mesh signature|mesh|d285ef4
OASIS|B|UART|DROP|bad mesh signature|mesh|d285ef4
OASIS|B|UART|DROP|bad mesh signature|mesh|d285ef4
OASIS|B|UART|DROP|bad mesh signature|mesh|d285ef4
OASIS|B|UART|DROP|foreign network|mesh|d285ef4
OASIS|B|UART|DROP|bad mesh signature|mesh|d285ef4
OASIS|B|UART|DROP|bad mesh signature|mesh|d285ef4
OASIS|B|UART|DROP|bad mesh signature|mesh|d285ef4
OASIS|B|UART|DROP|bad mesh signature|mesh|d285ef4
OASIS|B|UART|DROP|bad mesh signature|mesh|d285ef4
OASIS|B|UART|DROP|bad mesh signature|mesh|d285ef4
OASIS|B|UART|DROP|foreign network|mesh|d285ef4
OASIS|B|UART|DROP|bad mesh signature|mesh|d285ef4
OASIS|B|UART|DROP|unknown sender|mesh|d285ef4
OASIS|B|UART|DROP|bad mesh signature|mesh|d285ef4
OASIS|B|UART|DROP|unknown sender|mesh|d285ef4
OASIS|B|UART|DROP|bad mesh signature|mesh|d285ef4
OASIS|B|UART|DROP|bad mesh signature|mesh|d285ef4
OASIS|B|UART|DROP|bad mesh signature|mesh|d285ef4
OASIS|B|UART|DROP|ttl/hops out of range|mesh|d285ef4
OASIS|B|UART|DROP|bad mesh signature|mesh|d285ef4
OASIS|B|UART|DROP|bad mesh signature|mesh|d285ef4
OASIS|B|UART|DROP|bad mesh signature|mesh|d285ef4
OASIS|B|UART|DROP|bad mesh signature|mesh|d285ef4
OASIS|B|UART|DROP|bad mesh signature|mesh|d285ef4
OASIS|B|UART|DROP|bad mesh signature|mesh|d285ef4
OASIS|B|UART|DROP|bad mesh signature|mesh|d285ef4
OASIS|B|UART|DROP|bad mesh signature|mesh|d285ef4
OASIS|B|UART|DROP|bad mesh magic|mesh|d285ef4
OASIS|B|UART|DROP|bad mesh signature|mesh|d285ef4
OASIS|B|UART|DROP|bad mesh signature|mesh|d285ef4
OASIS|B|UART|DROP|bad mesh signature|mesh|d285ef4
