OASIS|A|T0|PASS|clk=125000000Hz,usb_serial=A|info|3833620
OASIS|A|T1|BEGIN|-|mark|3833620
OASIS|A|T1|PASS|rfc8439_cttag_match=true,decrypt_roundtrip=true|aead|3833620
OASIS|A|T2|BEGIN|-|mark|3833620
OASIS|A|T2|PASS|rfc7748_alice=true,bob=true|x25519|3833620
OASIS|A|T3|BEGIN|-|mark|3833620
OASIS|A|T3|PASS|kat_pub=true,kat_sig=true,verify=true,tamper_rejected=true|ed25519|3833620
OASIS|A|T4|BEGIN|-|mark|3833620
OASIS|A|T4|PROG|0|mark|3833620
OASIS|A|T4|PROG|10|mark|3833620
OASIS|A|T4|PROG|20|mark|3833620
OASIS|A|T4|PROG|30|mark|3833620
OASIS|A|T4|PROG|40|mark|3833620
OASIS|A|T4|PASS|blocked=50/50,threshold=0.95|r14|3833620
OASIS|A|T5|BEGIN|-|mark|3833620
OASIS|A|T5|MARK|v8|mark|3833620
OASIS|A|T5|PASS|v8_arrived=true,v8_dedup=true|mesh|3833620
OASIS|A|T5|MARK|v9|mark|3833620
OASIS|A|T5|PASS|v9_arrived=true,v9_tamper_rejected=true|mesh|3833620
OASIS|A|T5|MARK|v0A|mark|3833620
OASIS|A|T5|PASS|v0A_arrived=true,v0A_forge_rejected=true|mesh|3833620
OASIS|A|T6|BEGIN|-|mark|3833620
OASIS|A|T6|PASS|op=r14_fault,median=3240000,min=3236000,max=3267000|ns|3833620
OASIS|A|T6|PASS|op=v9_wrap,median=726080,min=724840,max=750240|ns|3833620
OASIS|A|T6|PASS|op=v0A_sign,median=341374000,min=341214000,max=341388000|ns|3833620
OASIS|A|T6|PASS|op=v0A_verify,median=176490000,min=176449000,max=177005000|ns|3833620
OASIS|A|SUITE|PASS|done|end|3833620
