OASIS|B|T0|PASS|clk=125000000Hz,usb_serial=B|info|3833620
OASIS|B|T1|BEGIN|-|mark|3833620
OASIS|B|T1|PASS|rfc8439_cttag_match=true,decrypt_roundtrip=true|aead|3833620
OASIS|B|T2|BEGIN|-|mark|3833620
OASIS|B|T2|PASS|rfc7748_alice=true,bob=true|x25519|3833620
OASIS|B|T3|BEGIN|-|mark|3833620
OASIS|B|T3|PASS|kat_pub=true,kat_sig=true,verify=true,tamper_rejected=true|ed25519|3833620
OASIS|B|T4|BEGIN|-|mark|3833620
OASIS|B|T4|PROG|0|mark|3833620
OASIS|B|T4|PROG|10|mark|3833620
OASIS|B|T4|PROG|20|mark|3833620
OASIS|B|T4|PROG|30|mark|3833620
OASIS|B|T4|PROG|40|mark|3833620
OASIS|B|T4|PASS|blocked=50/50,threshold=0.95|r14|3833620
OASIS|B|T5|BEGIN|-|mark|3833620
OASIS|B|T5|MARK|v8|mark|3833620
OASIS|B|T5|PASS|v8_arrived=true,v8_dedup=true|mesh|3833620
OASIS|B|T5|MARK|v9|mark|3833620
OASIS|B|T5|PASS|v9_arrived=true,v9_tamper_rejected=true|mesh|3833620
OASIS|B|T5|MARK|v0A|mark|3833620
OASIS|B|T5|PASS|v0A_arrived=true,v0A_forge_rejected=true|mesh|3833620
OASIS|B|T6|BEGIN|-|mark|3833620
OASIS|B|T6|PASS|op=r14_fault,median=3245000,min=3235000,max=3295000|ns|3833620
OASIS|B|T6|PASS|op=v9_wrap,median=727120,min=724340,max=749520|ns|3833620
OASIS|B|T6|PASS|op=v0A_sign,median=341381000,min=341269000,max=341465000|ns|3833620
OASIS|B|T6|PASS|op=v0A_verify,median=176526000,min=176438000,max=177061000|ns|3833620
OASIS|B|SUITE|PASS|done|end|3833620
