OASIS|C|T0|PASS|clk=125000000Hz,usb_serial=C|info|ea00e98
OASIS|C|T1|BEGIN|-|mark|ea00e98
OASIS|C|T1|PASS|rfc8439_cttag_match=true,decrypt_roundtrip=true|aead|ea00e98
OASIS|C|T2|BEGIN|-|mark|ea00e98
OASIS|C|T2|PASS|rfc7748_alice=true,bob=true|x25519|ea00e98
OASIS|C|T3|BEGIN|-|mark|ea00e98
OASIS|C|T3|PASS|kat_pub=true,kat_sig=true,verify=true,tamper_rejected=true|ed25519|ea00e98
OASIS|C|T4|BEGIN|-|mark|ea00e98
OASIS|C|T4|PROG|0|mark|ea00e98
OASIS|C|T4|PROG|10|mark|ea00e98
OASIS|C|T4|PROG|20|mark|ea00e98
OASIS|C|T4|PROG|30|mark|ea00e98
OASIS|C|T4|PROG|40|mark|ea00e98
OASIS|C|T4|PASS|blocked=50/50,threshold=0.95|r14|ea00e98
OASIS|C|T5|BEGIN|-|mark|ea00e98
OASIS|C|T5|MARK|v8|mark|ea00e98
OASIS|C|T5|PASS|v8_arrived=true,v8_dedup=true|mesh|ea00e98
OASIS|C|T5|MARK|v9|mark|ea00e98
OASIS|C|T5|PASS|v9_arrived=true,v9_tamper_rejected=true|mesh|ea00e98
OASIS|C|T5|MARK|v0A|mark|ea00e98
OASIS|C|T5|PASS|v0A_arrived=true,v0A_forge_rejected=true|mesh|ea00e98
OASIS|C|T6|BEGIN|-|mark|ea00e98
OASIS|C|T6|PASS|op=r14_fault,median=3240000,min=3236000,max=3270000|ns|ea00e98
OASIS|C|T6|PASS|op=v9_wrap,median=725340,min=723980,max=750220|ns|ea00e98
OASIS|C|T6|PASS|op=v0A_sign,median=341314000,min=341295000,max=341457000|ns|ea00e98
OASIS|C|T6|PASS|op=v0A_verify,median=176492000,min=176487000,max=177073000|ns|ea00e98
OASIS|C|SUITE|PASS|done|end|ea00e98
