OASIS|A|UART|SWEEP|Phase 1/4 (Normal,50)|mesh|d12aa64
OASIS|B|UART|ARRIVED|msg_id=10830354352046574055,hops=0,sig=verified,forward=true|mesh|d12aa64
OASIS|B|UART|RELAYED|msg_id=10830354352046574055,hops=0|mesh|d12aa64
OASIS|C|UART|ARRIVED|msg_id=10830354352046574055,hops=1,sig=verified,forward=true|mesh|d12aa64
OASIS|C|UART|RELAYED|msg_id=10830354352046574055,hops=1|mesh|d12aa64
OASIS|B|UART|ARRIVED|msg_id=14412014626722181781,hops=0,sig=verified,forward=true|mesh|d12aa64
OASIS|B|UART|RELAYED|msg_id=14412014626722181781,hops=0|mesh|d12aa64
OASIS|C|UART|ARRIVED|msg_id=14412014626722181781,hops=1,sig=verified,forward=true|mesh|d12aa64
OASIS|C|UART|RELAYED|msg_id=14412014626722181781,hops=1|mesh|d12aa64
OASIS|B|UART|ARRIVED|msg_id=7902865436793682859,hops=0,sig=verified,forward=true|mesh|d12aa64
OASIS|B|UART|RELAYED|msg_id=7902865436793682859,hops=0|mesh|d12aa64
OASIS|C|UART|ARRIVED|msg_id=7902865436793682859,hops=1,sig=verified,forward=true|mesh|d12aa64
OASIS|C|UART|RELAYED|msg_id=7902865436793682859,hops=1|mesh|d12aa64
OASIS|B|UART|ARRIVED|msg_id=5039751254184596848,hops=0,sig=verified,forward=true|mesh|d12aa64
OASIS|B|UART|RELAYED|msg_id=5039751254184596848,hops=0|mesh|d12aa64
OASIS|C|UART|ARRIVED|msg_id=5039751254184596848,hops=1,sig=verified,forward=true|mesh|d12aa64
OASIS|C|UART|RELAYED|msg_id=5039751254184596848,hops=1|mesh|d12aa64
OASIS|B|UART|ARRIVED|msg_id=1087588609308688253,hops=0,sig=verified,forward=true|mesh|d12aa64
OASIS|B|UART|RELAYED|msg_id=1087588609308688253,hops=0|mesh|d12aa64
OASIS|C|UART|ARRIVED|msg_id=1087588609308688253,hops=1,sig=verified,forward=true|mesh|d12aa64
OASIS|C|UART|RELAYED|msg_id=1087588609308688253,hops=1|mesh|d12aa64
OASIS|B|UART|ARRIVED|msg_id=14108804419468085468,hops=0,sig=verified,forward=true|mesh|d12aa64
OASIS|B|UART|RELAYED|msg_id=14108804419468085468,hops=0|mesh|d12aa64
OASIS|C|UART|ARRIVED|msg_id=14108804419468085468,hops=1,sig=verified,forward=true|mesh|d12aa64
OASIS|C|UART|RELAYED|msg_id=14108804419468085468,hops=1|mesh|d12aa64
OASIS|B|UART|ARRIVED|msg_id=7200593085072127395,hops=0,sig=verified,forward=true|mesh|d12aa64
OASIS|B|UART|RELAYED|msg_id=7200593085072127395,hops=0|mesh|d12aa64
OASIS|C|UART|ARRIVED|msg_id=7200593085072127395,hops=1,sig=verified,forward=true|mesh|d12aa64
OASIS|C|UART|RELAYED|msg_id=7200593085072127395,hops=1|mesh|d12aa64
OASIS|B|UART|ARRIVED|msg_id=143852560591848987,hops=0,sig=verified,forward=true|mesh|d12aa64
OASIS|B|UART|RELAYED|msg_id=143852560591848987,hops=0|mesh|d12aa64
OASIS|C|UART|ARRIVED|msg_id=143852560591848987,hops=1,sig=verified,forward=true|mesh|d12aa64
OASIS|C|UART|RELAYED|msg_id=143852560591848987,hops=1|mesh|d12aa64
OASIS|B|UART|ARRIVED|msg_id=15377187962067240617,hops=0,sig=verified,forward=true|mesh|d12aa64
OASIS|B|UART|RELAYED|msg_id=15377187962067240617,hops=0|mesh|d12aa64
ASIS|B|UART|ARRIVED|msg_id=11890241538485352009,hops=0,sig=verified,forward=true|mesh|d12aa64
OASIS|C|UART|ARRIVED|msg_id=15377187962067240617,hops=1,sig=verified,forward=true|mesh|d12aa64
OASIS|C|UART|RELAYED|msg_id=15377187962067240617,hops=1|mesh|d12aa64
OASIS|C|UART|ARRIVED|msg_id=11890241538485352009,hops=1,sig=verified,forward=true|mesh|d12aa64
OASIS|C|UART|RELAYED|msg_id=11890241538485352009,hops=1|mesh|d12aa64
OASIS|B|UART|RELAYED|msg_id=11890241538485352009,hops=0|mesh|d12aa64
OASIS|B|UART|ARRIVED|msg_id=14325532841090058158,hops=0,sig=verified,forward=true|mesh|d12aa64
OASIS|B|UART|RELAYED|msg_id=14325532841090058158,hops=0|mesh|d12aa64
OASIS|C|UART|ARRIVED|msg_id=14325532841090058158,hops=1,sig=verified,forward=true|mesh|d12aa64
OASIS|C|UART|RELAYED|msg_id=14325532841090058158,hops=1|mesh|d12aa64
OASIS|B|UART|ARRIVED|msg_id=5546762585012634182,hops=0,sig=verified,forward=true|mesh|d12aa64
OASIS|B|UART|RELAYED|msg_id=5546762585012634182,hops=0|mesh|d12aa64
OASIS|C|UART|ARRIVED|msg_id=5546762585012634182,hops=1,sig=verified,forward=true|mesh|d12aa64
OASIS|C|UART|RELAYED|msg_id=5546762585012634182,hops=1|mesh|d12aa64
OASIS|C|UART|ARRIVED|msg_id=12108334277997147332,hops=1,sig=verified,forward=true|mesh|d12aa64
OASIS|C|UART|RELAYED|msg_id=12108334277997147332,hops=1|mesh|d12aa64
OASIS|B|UART|ARRIVED|msg_id=12108334277997147332,hops=0,sig=verified,forward=true|mesh|d12aa64
OASIS|B|UART|RELAYED|msg_id=12108334277997147332,hops=0|mesh|d12aa64
OASIS|B|UART|ARRIVED|msg_id=15246236985738775290,hops=0,sig=verified,forward=true|mesh|d12aa64
OASIS|B|UART|RELAYED|msg_id=15246236985738775290,hops=0|mesh|d12aa64
OASIS|C|UART|ARRIVED|msg_id=15246236985738775290,hops=1,sig=verified,forward=true|mesh|d12aa64
OASIS|C|UART|RELAYED|msg_id=15246236985738775290,hops=1|mesh|d12aa64
OASIS|B|UART|ARRIVED|msg_id=12212473801541264059,hops=0,sig=verified,forward=true|mesh|d12aa64
OASIS|B|UART|RELAYED|msg_id=12212473801541264059,hops=0|mesh|d12aa64
OASIS|C|UART|ARRIVED|msg_id=12212473801541264059,hops=1,sig=verified,forward=true|mesh|d12aa64
OASIS|C|UART|RELAYED|msg_id=12212473801541264059,hops=1|mesh|d12aa64
OASIS|B|UART|ARRIVED|msg_id=12556358947206808041,hops=0,sig=verified,forward=true|mesh|d12aa64
OASIS|B|UART|RELAYED|msg_id=12556358947206808041,hops=0|mesh|d12aa64
OASIS|B|UART|ARRIVED|msg_id=13116822601994516283,hops=0,sig=verified,forward=true|mesh|d12aa64
OASIS|B|UART|RELAYED|msg_id=13116822601994516283,hops=0|mesh|d12aa64
OASIS|C|UART|ARRIVED|msg_id=12556358947206808041,hops=1,sig=verified,forward=true|mesh|d12aa64
OASIS|C|UART|RELAYED|msg_id=12556358947206808041,hops=1|mesh|d12aa64
OASIS|C|UART|ARRIVED|msg_id=13116822601994516283,hops=1,sig=verified,forward=true|mesh|d12aa64
OASIS|C|UART|RELAYED|msg_id=13116822601994516283,hops=1|mesh|d12aa64
OASIS|B|UART|ARRIVED|msg_id=8984615513735662728,hops=0,sig=verified,forward=true|mesh|d12aa64
OASIS|B|UART|RELAYED|msg_id=8984615513735662728,hops=0|mesh|d12aa64
OASIS|C|UART|ARRIVED|msg_id=8984615513735662728,hops=1,sig=verified,forward=true|mesh|d12aa64
OASIS|C|UART|RELAYED|msg_id=8984615513735662728,hops=1|mesh|d12aa64
OASIS|B|UART|ARRIVED|msg_id=17781971921819672152,hops=0,sig=verified,forward=true|mesh|d12aa64
OASIS|B|UART|RELAYED|msg_id=17781971921819672152,hops=0|mesh|d12aa64
ASIS|B|UART|ARRIVED|msg_id=18180453846146022952,hops=0,sig=verified,forward=true|mesh|d12aa64
OASIS|C|UART|ARRIVED|msg_id=17781971921819672152,hops=1,sig=verified,forward=true|mesh|d12aa64
OASIS|C|UART|RELAYED|msg_id=17781971921819672152,hops=1|mesh|d12aa64
OASIS|C|UART|ARRIVED|msg_id=18180453846146022952,hops=1,sig=verified,forward=true|mesh|d12aa64
OASIS|C|UART|RELAYED|msg_id=18180453846146022952,hops=1|mesh|d12aa64
OASIS|B|UART|RELAYED|msg_id=18180453846146022952,hops=0|mesh|d12aa64
OASIS|B|UART|ARRIVED|msg_id=4679665054055728280,hops=0,sig=verified,forward=true|mesh|d12aa64
OASIS|B|UART|RELAYED|msg_id=4679665054055728280,hops=0|mesh|d12aa64
OASIS|C|UART|ARRIVED|msg_id=4679665054055728280,hops=1,sig=verified,forward=true|mesh|d12aa64
OASIS|C|UART|RELAYED|msg_id=4679665054055728280,hops=1|mesh|d12aa64
OASIS|B|UART|ARRIVED|msg_id=12912052492091266090,hops=0,sig=verified,forward=true|mesh|d12aa64
OASIS|B|UART|RELAYED|msg_id=12912052492091266090,hops=0|mesh|d12aa64
OASIS|B|UART|ARRIVED|msg_id=16967753078865110043,hops=0,sig=verified,forward=true|mesh|d12aa64
OASIS|B|UART|RELAYED|msg_id=16967753078865110043,hops=0|mesh|d12aa64
OASIS|C|UART|ARRIVED|msg_id=12912052492091266090,hops=1,sig=verified,forward=true|mesh|d12aa64
OASIS|C|UART|RELAYED|msg_id=12912052492091266090,hops=1|mesh|d12aa64
OASIS|C|UART|ARRIVED|msg_id=16967753078865110043,hops=1,sig=verified,forward=true|mesh|d12aa64
OASIS|C|UART|RELAYED|msg_id=16967753078865110043,hops=1|mesh|d12aa64
OASIS|B|UART|ARRIVED|msg_id=18411656675279547978,hops=0,sig=verified,forward=true|mesh|d12aa64
OASIS|B|UART|RELAYED|msg_id=18411656675279547978,hops=0|mesh|d12aa64
OASIS|C|UART|ARRIVED|msg_id=18411656675279547978,hops=1,sig=verified,forward=true|mesh|d12aa64
OASIS|C|UART|RELAYED|msg_id=18411656675279547978,hops=1|mesh|d12aa64
OASIS|B|UART|ARRIVED|msg_id=16396676536370726482,hops=0,sig=verified,forward=true|mesh|d12aa64
OASIS|B|UART|RELAYED|msg_id=16396676536370726482,hops=0|mesh|d12aa64
OASIS|C|UART|ARRIVED|msg_id=16396676536370726482,hops=1,sig=verified,forward=true|mesh|d12aa64
OASIS|C|UART|RELAYED|msg_id=16396676536370726482,hops=1|mesh|d12aa64
OASIS|B|UART|ARRIVED|msg_id=3761634799846936499,hops=0,sig=verified,forward=true|mesh|d12aa64
OASIS|B|UART|RELAYED|msg_id=3761634799846936499,hops=0|mesh|d12aa64
OASIS|C|UART|ARRIVED|msg_id=3761634799846936499,hops=1,sig=verified,forward=true|mesh|d12aa64
OASIS|C|UART|RELAYED|msg_id=3761634799846936499,hops=1|mesh|d12aa64
OASIS|C|UART|ARRIVED|msg_id=155622408244218985,hops=1,sig=verified,forward=true|mesh|d12aa64
OASIS|C|UART|RELAYED|msg_id=155622408244218985,hops=1|mesh|d12aa64
OASIS|B|UART|ARRIVED|msg_id=155622408244218985,hops=0,sig=verified,forward=true|mesh|d12aa64
OASIS|B|UART|RELAYED|msg_id=155622408244218985,hops=0|mesh|d12aa64
OASIS|B|UART|ARRIVED|msg_id=3262128911371792651,hops=0,sig=verified,forward=true|mesh|d12aa64
OASIS|B|UART|RELAYED|msg_id=3262128911371792651,hops=0|mesh|d12aa64
OASIS|C|UART|ARRIVED|msg_id=3262128911371792651,hops=1,sig=verified,forward=true|mesh|d12aa64
OASIS|C|UART|RELAYED|msg_id=3262128911371792651,hops=1|mesh|d12aa64
OASIS|B|UART|ARRIVED|msg_id=6943487926718311324,hops=0,sig=verified,forward=true|mesh|d12aa64
OASIS|B|UART|RELAYED|msg_id=6943487926718311324,hops=0|mesh|d12aa64
OASIS|B|UART|ARRIVED|msg_id=5107263019849788219,hops=0,sig=verified,forward=true|mesh|d12aa64
OASIS|B|UART|RELAYED|msg_id=5107263019849788219,hops=0|mesh|d12aa64
OASIS|C|UART|ARRIVED|msg_id=6943487926718311324,hops=1,sig=verified,forward=true|mesh|d12aa64
OASIS|C|UART|RELAYED|msg_id=6943487926718311324,hops=1|mesh|d12aa64
OASIS|C|UART|ARRIVED|msg_id=5107263019849788219,hops=1,sig=verified,forward=true|mesh|d12aa64
OASIS|C|UART|RELAYED|msg_id=5107263019849788219,hops=1|mesh|d12aa64
OASIS|B|UART|ARRIVED|msg_id=6740563566773882414,hops=0,sig=verified,forward=true|mesh|d12aa64
OASIS|B|UART|RELAYED|msg_id=6740563566773882414,hops=0|mesh|d12aa64
OASIS|C|UART|ARRIVED|msg_id=6740563566773882414,hops=1,sig=verified,forward=true|mesh|d12aa64
OASIS|C|UART|RELAYED|msg_id=6740563566773882414,hops=1|mesh|d12aa64
OASIS|B|UART|ARRIVED|msg_id=8119602738738956077,hops=0,sig=verified,forward=true|mesh|d12aa64
OASIS|B|UART|RELAYED|msg_id=8119602738738956077,hops=0|mesh|d12aa64
OASIS|B|UART|ARRIVED|msg_id=4722865068041452206,hops=0,sig=verified,forward=true|mesh|d12aa64
OASIS|B|UART|RELAYED|msg_id=4722865068041452206,hops=0|mesh|d12aa64
OASIS|C|UART|ARRIVED|msg_id=8119602738738956077,hops=1,sig=verified,forward=true|mesh|d12aa64
OASIS|C|UART|RELAYED|msg_id=8119602738738956077,hops=1|mesh|d12aa64
OASIS|C|UART|ARRIVED|msg_id=4722865068041452206,hops=1,sig=verified,forward=true|mesh|d12aa64
OASIS|C|UART|RELAYED|msg_id=4722865068041452206,hops=1|mesh|d12aa64
OASIS|B|UART|ARRIVED|msg_id=2422648243974275906,hops=0,sig=verified,forward=true|mesh|d12aa64
OASIS|B|UART|RELAYED|msg_id=2422648243974275906,hops=0|mesh|d12aa64
OASIS|C|UART|ARRIVED|msg_id=2422648243974275906,hops=1,sig=verified,forward=true|mesh|d12aa64
OASIS|C|UART|RELAYED|msg_id=2422648243974275906,hops=1|mesh|d12aa64
OASIS|B|UART|ARRIVED|msg_id=3334526598488765993,hops=0,sig=verified,forward=true|mesh|d12aa64
OASIS|B|UART|RELAYED|msg_id=3334526598488765993,hops=0|mesh|d12aa64
OASIS|B|UART|ARRIVED|msg_id=9502601316873241558,hops=0,sig=verified,forward=true|mesh|d12aa64
OASIS|B|UART|RELAYED|msg_id=9502601316873241558,hops=0|mesh|d12aa64
OASIS|C|UART|ARRIVED|msg_id=3334526598488765993,hops=1,sig=verified,forward=true|mesh|d12aa64
OASIS|C|UART|RELAYED|msg_id=3334526598488765993,hops=1|mesh|d12aa64
OASIS|C|UART|ARRIVED|msg_id=9502601316873241558,hops=1,sig=verified,forward=true|mesh|d12aa64
OASIS|C|UART|RELAYED|msg_id=9502601316873241558,hops=1|mesh|d12aa64
OASIS|B|UART|ARRIVED|msg_id=11879873388079493258,hops=0,sig=verified,forward=true|mesh|d12aa64
OASIS|B|UART|RELAYED|msg_id=11879873388079493258,hops=0|mesh|d12aa64
OASIS|C|UART|ARRIVED|msg_id=11879873388079493258,hops=1,sig=verified,forward=true|mesh|d12aa64
OASIS|C|UART|RELAYED|msg_id=11879873388079493258,hops=1|mesh|d12aa64
OASIS|B|UART|ARRIVED|msg_id=6954204839821557180,hops=0,sig=verified,forward=true|mesh|d12aa64
OASIS|B|UART|RELAYED|msg_id=6954204839821557180,hops=0|mesh|d12aa64
OASIS|C|UART|ARRIVED|msg_id=6954204839821557180,hops=1,sig=verified,forward=true|mesh|d12aa64
OASIS|C|UART|RELAYED|msg_id=6954204839821557180,hops=1|mesh|d12aa64
OASIS|B|UART|ARRIVED|msg_id=702737273122074388,hops=0,sig=verified,forward=true|mesh|d12aa64
OASIS|B|UART|RELAYED|msg_id=702737273122074388,hops=0|mesh|d12aa64
OASIS|C|UART|ARRIVED|msg_id=702737273122074388,hops=1,sig=verified,forward=true|mesh|d12aa64
OASIS|C|UART|RELAYED|msg_id=702737273122074388,hops=1|mesh|d12aa64
OASIS|B|UART|ARRIVED|msg_id=811158846984025268,hops=0,sig=verified,forward=true|mesh|d12aa64
OASIS|B|UART|RELAYED|msg_id=811158846984025268,hops=0|mesh|d12aa64
OASIS|B|UART|ARRIVED|msg_id=16337650994969562793,hops=0,sig=verified,forward=true|mesh|d12aa64
OASIS|B|UART|RELAYED|msg_id=16337650994969562793,hops=0|mesh|d12aa64
OASIS|C|UART|ARRIVED|msg_id=811158846984025268,hops=1,sig=verified,forward=true|mesh|d12aa64
OASIS|C|UART|RELAYED|msg_id=811158846984025268,hops=1|mesh|d12aa64
OASIS|C|UART|ARRIVED|msg_id=16337650994969562793,hops=1,sig=verified,forward=true|mesh|d12aa64
OASIS|C|UART|RELAYED|msg_id=16337650994969562793,hops=1|mesh|d12aa64
OASIS|B|UART|ARRIVED|msg_id=8842227338901818670,hops=0,sig=verified,forward=true|mesh|d12aa64
OASIS|B|UART|RELAYED|msg_id=8842227338901818670,hops=0|mesh|d12aa64
OASIS|C|UART|ARRIVED|msg_id=8842227338901818670,hops=1,sig=verified,forward=true|mesh|d12aa64
OASIS|C|UART|RELAYED|msg_id=8842227338901818670,hops=1|mesh|d12aa64
OASIS|B|UART|ARRIVED|msg_id=11779677089560687203,hops=0,sig=verified,forward=true|mesh|d12aa64
OASIS|B|UART|RELAYED|msg_id=11779677089560687203,hops=0|mesh|d12aa64
OASIS|B|UART|ARRIVED|msg_id=14144305799199751259,hops=0,sig=verified,forward=true|mesh|d12aa64
OASIS|B|UART|RELAYED|msg_id=14144305799199751259,hops=0|mesh|d12aa64
OASIS|C|UART|ARRIVED|msg_id=11779677089560687203,hops=1,sig=verified,forward=true|mesh|d12aa64
OASIS|C|UART|RELAYED|msg_id=11779677089560687203,hops=1|mesh|d12aa64
OASIS|C|UART|ARRIVED|msg_id=14144305799199751259,hops=1,sig=verified,forward=true|mesh|d12aa64
OASIS|C|UART|RELAYED|msg_id=14144305799199751259,hops=1|mesh|d12aa64
OASIS|B|UART|ARRIVED|msg_id=18108150177880670492,hops=0,sig=verified,forward=true|mesh|d12aa64
OASIS|B|UART|RELAYED|msg_id=18108150177880670492,hops=0|mesh|d12aa64
OASIS|C|UART|ARRIVED|msg_id=18108150177880670492,hops=1,sig=verified,forward=true|mesh|d12aa64
OASIS|C|UART|RELAYED|msg_id=18108150177880670492,hops=1|mesh|d12aa64
OASIS|B|UART|ARRIVED|msg_id=2201953706330999356,hops=0,sig=verified,forward=true|mesh|d12aa64
OASIS|B|UART|RELAYED|msg_id=2201953706330999356,hops=0|mesh|d12aa64
OASIS|B|UART|ARRIVED|msg_id=17068053885306703225,hops=0,sig=verified,forward=true|mesh|d12aa64
OASIS|B|UART|RELAYED|msg_id=17068053885306703225,hops=0|mesh|d12aa64
OASIS|C|UART|ARRIVED|msg_id=2201953706330999356,hops=1,sig=verified,forward=true|mesh|d12aa64
OASIS|C|UART|RELAYED|msg_id=2201953706330999356,hops=1|mesh|d12aa64
OASIS|C|UART|ARRIVED|msg_id=17068053885306703225,hops=1,sig=verified,forward=true|mesh|d12aa64
OASIS|C|UART|RELAYED|msg_id=17068053885306703225,hops=1|mesh|d12aa64
OASIS|B|UART|ARRIVED|msg_id=1199123308789459823,hops=0,sig=verified,forward=true|mesh|d12aa64
OASIS|B|UART|RELAYED|msg_id=1199123308789459823,hops=0|mesh|d12aa64
OASIS|C|UART|ARRIVED|msg_id=1199123308789459823,hops=1,sig=verified,forward=true|mesh|d12aa64
OASIS|C|UART|RELAYED|msg_id=1199123308789459823,hops=1|mesh|d12aa64
OASIS|B|UART|ARRIVED|msg_id=9498518673937700405,hops=0,sig=verified,forward=true|mesh|d12aa64
OASIS|B|UART|RELAYED|msg_id=9498518673937700405,hops=0|mesh|d12aa64
OASIS|C|UART|ARRIVED|msg_id=9498518673937700405,hops=1,sig=verified,forward=true|mesh|d12aa64
OASIS|C|UART|RELAYED|msg_id=9498518673937700405,hops=1|mesh|d12aa64
OASIS|A|UART|SWEEP|Phase 2/4 (Medium,50)|mesh|d12aa64
OASIS|B|UART|ARRIVED|msg_id=17212787412511771836,hops=0,sig=verified,forward=true|mesh|d12aa64
OASIS|B|UART|RELAYED|msg_id=17212787412511771836,hops=0|mesh|d12aa64
OASIS|B|UART|ARRIVED|msg_id=8875082387812847171,hops=0,sig=verified,forward=true|mesh|d12aa64
OASIS|B|UART|RELAYED|msg_id=8875082387812847171,hops=0|mesh|d12aa64
OASIS|C|UART|ARRIVED|msg_id=17212787412511771836,hops=1,sig=verified,forward=true|mesh|d12aa64
OASIS|C|UART|RELAYED|msg_id=17212787412511771836,hops=1|mesh|d12aa64
OASIS|C|UART|ARRIVED|msg_id=8875082387812847171,hops=1,sig=verified,forward=true|mesh|d12aa64
OASIS|C|UART|RELAYED|msg_id=8875082387812847171,hops=1|mesh|d12aa64
ASIS|C|UART|ARRIVED|msg_id=18233883358300200993,hops=1,sig=verified,forward=true|mesh|d12aa64
OASIS|B|UART|ARRIVED|msg_id=18233883358300200993,hops=0,sig=verified,forward=true|mesh|d12aa64
OASIS|B|UART|RELAYED|msg_id=18233883358300200993,hops=0|mesh|d12aa64
OASIS|B|UART|ARRIVED|msg_id=17845107757680721569,hops=0,sig=verified,forward=true|mesh|d12aa64
OASIS|B|UART|RELAYED|msg_id=17845107757680721569,hops=0|mesh|d12aa64
OASIS|C|UART|RELAYED|msg_id=18233883358300200993,hops=1|mesh|d12aa64
OASIS|C|UART|ARRIVED|msg_id=17845107757680721569,hops=1,sig=verified,forward=true|mesh|d12aa64
OASIS|C|UART|RELAYED|msg_id=17845107757680721569,hops=1|mesh|d12aa64
ASIS|C|UART|ARRIVED|msg_id=17025221226227132817,hops=1,sig=verified,forward=true|mesh|d12aa64
OASIS|B|UART|ARRIVED|msg_id=17025221226227132817,hops=0,sig=verified,forward=true|mesh|d12aa64
OASIS|B|UART|RELAYED|msg_id=17025221226227132817,hops=0|mesh|d12aa64
OASIS|B|UART|ARRIVED|msg_id=6117345770967734242,hops=0,sig=verified,forward=true|mesh|d12aa64
OASIS|B|UART|RELAYED|msg_id=6117345770967734242,hops=0|mesh|d12aa64
OASIS|C|UART|RELAYED|msg_id=17025221226227132817,hops=1|mesh|d12aa64
OASIS|C|UART|ARRIVED|msg_id=6117345770967734242,hops=1,sig=verified,forward=true|mesh|d12aa64
OASIS|C|UART|RELAYED|msg_id=6117345770967734242,hops=1|mesh|d12aa64
OASIS|B|UART|ARRIVED|msg_id=9442390614647176811,hops=0,sig=verified,forward=true|mesh|d12aa64
OASIS|B|UART|RELAYED|msg_id=9442390614647176811,hops=0|mesh|d12aa64
OASIS|B|UART|ARRIVED|msg_id=284644713392272474,hops=0,sig=verified,forward=true|mesh|d12aa64
OASIS|B|UART|RELAYED|msg_id=284644713392272474,hops=0|mesh|d12aa64
OASIS|C|UART|ARRIVED|msg_id=9442390614647176811,hops=1,sig=verified,forward=true|mesh|d12aa64
OASIS|C|UART|RELAYED|msg_id=9442390614647176811,hops=1|mesh|d12aa64
OASIS|C|UART|ARRIVED|msg_id=284644713392272474,hops=1,sig=verified,forward=true|mesh|d12aa64
OASIS|C|UART|RELAYED|msg_id=284644713392272474,hops=1|mesh|d12aa64
OASIS|B|UART|ARRIVED|msg_id=9760291002401889794,hops=0,sig=verified,forward=true|mesh|d12aa64
OASIS|B|UART|RELAYED|msg_id=9760291002401889794,hops=0|mesh|d12aa64
OASIS|C|UART|ARRIVED|msg_id=9760291002401889794,hops=1,sig=verified,forward=true|mesh|d12aa64
OASIS|C|UART|RELAYED|msg_id=9760291002401889794,hops=1|mesh|d12aa64
OASIS|B|UART|ARRIVED|msg_id=12278558519797064715,hops=0,sig=verified,forward=true|mesh|d12aa64
OASIS|B|UART|RELAYED|msg_id=12278558519797064715,hops=0|mesh|d12aa64
OASIS|B|UART|ARRIVED|msg_id=5707741115746046610,hops=0,sig=verified,forward=true|mesh|d12aa64
OASIS|B|UART|RELAYED|msg_id=5707741115746046610,hops=0|mesh|d12aa64
OASIS|C|UART|ARRIVED|msg_id=12278558519797064715,hops=1,sig=verified,forward=true|mesh|d12aa64
OASIS|C|UART|RELAYED|msg_id=12278558519797064715,hops=1|mesh|d12aa64
OASIS|C|UART|ARRIVED|msg_id=5707741115746046610,hops=1,sig=verified,forward=true|mesh|d12aa64
OASIS|C|UART|RELAYED|msg_id=5707741115746046610,hops=1|mesh|d12aa64
OASIS|B|UART|ARRIVED|msg_id=3387046691827567597,hops=0,sig=verified,forward=true|mesh|d12aa64
OASIS|B|UART|RELAYED|msg_id=3387046691827567597,hops=0|mesh|d12aa64
OASIS|C|UART|ARRIVED|msg_id=3387046691827567597,hops=1,sig=verified,forward=true|mesh|d12aa64
OASIS|C|UART|RELAYED|msg_id=3387046691827567597,hops=1|mesh|d12aa64
OASIS|B|UART|ARRIVED|msg_id=3797174884428137295,hops=0,sig=verified,forward=true|mesh|d12aa64
OASIS|B|UART|RELAYED|msg_id=3797174884428137295,hops=0|mesh|d12aa64
OASIS|B|UART|ARRIVED|msg_id=8074827198898657829,hops=0,sig=verified,forward=true|mesh|d12aa64
OASIS|B|UART|RELAYED|msg_id=8074827198898657829,hops=0|mesh|d12aa64
OASIS|C|UART|ARRIVED|msg_id=3797174884428137295,hops=1,sig=verified,forward=true|mesh|d12aa64
OASIS|C|UART|RELAYED|msg_id=3797174884428137295,hops=1|mesh|d12aa64
OASIS|C|UART|ARRIVED|msg_id=8074827198898657829,hops=1,sig=verified,forward=true|mesh|d12aa64
OASIS|C|UART|RELAYED|msg_id=8074827198898657829,hops=1|mesh|d12aa64
OASIS|B|UART|ARRIVED|msg_id=12752245037614111189,hops=0,sig=verified,forward=true|mesh|d12aa64
OASIS|B|UART|RELAYED|msg_id=12752245037614111189,hops=0|mesh|d12aa64
OASIS|C|UART|ARRIVED|msg_id=12752245037614111189,hops=1,sig=verified,forward=true|mesh|d12aa64
OASIS|C|UART|RELAYED|msg_id=12752245037614111189,hops=1|mesh|d12aa64
OASIS|C|UART|ARRIVED|msg_id=10578588182210820028,hops=1,sig=verified,forward=true|mesh|d12aa64
OASIS|C|UART|RELAYED|msg_id=10578588182210820028,hops=1|mesh|d12aa64
OASIS|B|UART|ARRIVED|msg_id=10578588182210820028,hops=0,sig=verified,forward=true|mesh|d12aa64
OASIS|B|UART|RELAYED|msg_id=10578588182210820028,hops=0|mesh|d12aa64
OASIS|B|UART|ARRIVED|msg_id=14592445469820514671,hops=0,sig=verified,forward=true|mesh|d12aa64
OASIS|B|UART|RELAYED|msg_id=14592445469820514671,hops=0|mesh|d12aa64
OASIS|B|UART|FRAMER_CRC_FAIL|count=1|mesh|d12aa64
OASIS|C|UART|ARRIVED|msg_id=14592445469820514671,hops=1,sig=verified,forward=true|mesh|d12aa64
OASIS|C|UART|RELAYED|msg_id=14592445469820514671,hops=1|mesh|d12aa64
OASIS|B|UART|ARRIVED|msg_id=4162532944271156815,hops=0,sig=verified,forward=true|mesh|d12aa64
OASIS|B|UART|RELAYED|msg_id=4162532944271156815,hops=0|mesh|d12aa64
OASIS|C|UART|ARRIVED|msg_id=4162532944271156815,hops=1,sig=verified,forward=true|mesh|d12aa64
OASIS|C|UART|RELAYED|msg_id=4162532944271156815,hops=1|mesh|d12aa64
OASIS|B|UART|ARRIVED|msg_id=2635546963869571634,hops=0,sig=verified,forward=true|mesh|d12aa64
OASIS|B|UART|RELAYED|msg_id=2635546963869571634,hops=0|mesh|d12aa64
OASIS|C|UART|ARRIVED|msg_id=2635546963869571634,hops=1,sig=verified,forward=true|mesh|d12aa64
OASIS|C|UART|RELAYED|msg_id=2635546963869571634,hops=1|mesh|d12aa64
OASIS|B|UART|ARRIVED|msg_id=6948936610879811006,hops=0,sig=verified,forward=true|mesh|d12aa64
OASIS|B|UART|RELAYED|msg_id=6948936610879811006,hops=0|mesh|d12aa64
OASIS|C|UART|ARRIVED|msg_id=6948936610879811006,hops=1,sig=verified,forward=true|mesh|d12aa64
OASIS|C|UART|RELAYED|msg_id=6948936610879811006,hops=1|mesh|d12aa64
OASIS|B|UART|ARRIVED|msg_id=12671194930867283607,hops=0,sig=verified,forward=true|mesh|d12aa64
OASIS|B|UART|RELAYED|msg_id=12671194930867283607,hops=0|mesh|d12aa64
OASIS|C|UART|ARRIVED|msg_id=12671194930867283607,hops=1,sig=verified,forward=true|mesh|d12aa64
OASIS|C|UART|RELAYED|msg_id=12671194930867283607,hops=1|mesh|d12aa64
OASIS|B|UART|ARRIVED|msg_id=9062709991436021095,hops=0,sig=verified,forward=true|mesh|d12aa64
OASIS|B|UART|RELAYED|msg_id=9062709991436021095,hops=0|mesh|d12aa64
OASIS|C|UART|ARRIVED|msg_id=9062709991436021095,hops=1,sig=verified,forward=true|mesh|d12aa64
OASIS|C|UART|RELAYED|msg_id=9062709991436021095,hops=1|mesh|d12aa64
ASIS|B|UART|ARRIVED|msg_id=4451538311673083092,hops=0,sig=verified,forward=true|mesh|d12aa64
OASIS|B|UART|RELAYED|msg_id=4451538311673083092,hops=0|mesh|d12aa64
OASIS|C|UART|ARRIVED|msg_id=4451538311673083092,hops=1,sig=verified,forward=true|mesh|d12aa64
OASIS|C|UART|RELAYED|msg_id=4451538311673083092,hops=1|mesh|d12aa64
OASIS|B|UART|ARRIVED|msg_id=18109325402807107106,hops=0,sig=verified,forward=true|mesh|d12aa64
OASIS|B|UART|RELAYED|msg_id=18109325402807107106,hops=0|mesh|d12aa64
OASIS|C|UART|ARRIVED|msg_id=18109325402807107106,hops=1,sig=verified,forward=true|mesh|d12aa64
OASIS|C|UART|RELAYED|msg_id=18109325402807107106,hops=1|mesh|d12aa64
OASIS|B|UART|ARRIVED|msg_id=8312361840723159914,hops=0,sig=verified,forward=true|mesh|d12aa64
OASIS|B|UART|RELAYED|msg_id=8312361840723159914,hops=0|mesh|d12aa64
OASIS|C|UART|ARRIVED|msg_id=8312361840723159914,hops=1,sig=verified,forward=true|mesh|d12aa64
OASIS|C|UART|RELAYED|msg_id=8312361840723159914,hops=1|mesh|d12aa64
OASIS|B|UART|ARRIVED|msg_id=17041231040440608041,hops=0,sig=verified,forward=true|mesh|d12aa64
OASIS|B|UART|RELAYED|msg_id=17041231040440608041,hops=0|mesh|d12aa64
OASIS|C|UART|ARRIVED|msg_id=17041231040440608041,hops=1,sig=verified,forward=true|mesh|d12aa64
OASIS|C|UART|RELAYED|msg_id=17041231040440608041,hops=1|mesh|d12aa64
OASIS|B|UART|ARRIVED|msg_id=3819873383908796300,hops=0,sig=verified,forward=true|mesh|d12aa64
OASIS|B|UART|RELAYED|msg_id=3819873383908796300,hops=0|mesh|d12aa64
OASIS|B|UART|ARRIVED|msg_id=17988722063756819771,hops=0,sig=verified,forward=true|mesh|d12aa64
OASIS|B|UART|RELAYED|msg_id=17988722063756819771,hops=0|mesh|d12aa64
OASIS|C|UART|ARRIVED|msg_id=3819873383908796300,hops=1,sig=verified,forward=true|mesh|d12aa64
OASIS|C|UART|RELAYED|msg_id=3819873383908796300,hops=1|mesh|d12aa64
OASIS|C|UART|ARRIVED|msg_id=17988722063756819771,hops=1,sig=verified,forward=true|mesh|d12aa64
OASIS|C|UART|RELAYED|msg_id=17988722063756819771,hops=1|mesh|d12aa64
OASIS|B|UART|ARRIVED|msg_id=17281894760072947384,hops=0,sig=verified,forward=true|mesh|d12aa64
OASIS|B|UART|RELAYED|msg_id=17281894760072947384,hops=0|mesh|d12aa64
OASIS|C|UART|ARRIVED|msg_id=17281894760072947384,hops=1,sig=verified,forward=true|mesh|d12aa64
OASIS|C|UART|RELAYED|msg_id=17281894760072947384,hops=1|mesh|d12aa64
OASIS|C|UART|ARRIVED|msg_id=12717979236864444773,hops=1,sig=verified,forward=true|mesh|d12aa64
OASIS|C|UART|RELAYED|msg_id=12717979236864444773,hops=1|mesh|d12aa64
OASIS|B|UART|ARRIVED|msg_id=12717979236864444773,hops=0,sig=verified,forward=true|mesh|d12aa64
OASIS|B|UART|RELAYED|msg_id=12717979236864444773,hops=0|mesh|d12aa64
OASIS|B|UART|ARRIVED|msg_id=9037242153563885088,hops=0,sig=verified,forward=true|mesh|d12aa64
OASIS|B|UART|RELAYED|msg_id=9037242153563885088,hops=0|mesh|d12aa64
OASIS|C|UART|ARRIVED|msg_id=9037242153563885088,hops=1,sig=verified,forward=true|mesh|d12aa64
OASIS|C|UART|RELAYED|msg_id=9037242153563885088,hops=1|mesh|d12aa64
OASIS|B|UART|ARRIVED|msg_id=3562863269761214867,hops=0,sig=verified,forward=true|mesh|d12aa64
OASIS|B|UART|RELAYED|msg_id=3562863269761214867,hops=0|mesh|d12aa64
OASIS|B|UART|ARRIVED|msg_id=2614519552019425587,hops=0,sig=verified,forward=true|mesh|d12aa64
OASIS|B|UART|RELAYED|msg_id=2614519552019425587,hops=0|mesh|d12aa64
OASIS|C|UART|ARRIVED|msg_id=3562863269761214867,hops=1,sig=verified,forward=true|mesh|d12aa64
OASIS|C|UART|RELAYED|msg_id=3562863269761214867,hops=1|mesh|d12aa64
OASIS|C|UART|ARRIVED|msg_id=2614519552019425587,hops=1,sig=verified,forward=true|mesh|d12aa64
OASIS|C|UART|RELAYED|msg_id=2614519552019425587,hops=1|mesh|d12aa64
OASIS|B|UART|ARRIVED|msg_id=7182297768871064967,hops=0,sig=verified,forward=true|mesh|d12aa64
OASIS|B|UART|RELAYED|msg_id=7182297768871064967,hops=0|mesh|d12aa64
OASIS|C|UART|ARRIVED|msg_id=7182297768871064967,hops=1,sig=verified,forward=true|mesh|d12aa64
OASIS|C|UART|RELAYED|msg_id=7182297768871064967,hops=1|mesh|d12aa64
OASIS|B|UART|ARRIVED|msg_id=10277280874912353885,hops=0,sig=verified,forward=true|mesh|d12aa64
OASIS|B|UART|RELAYED|msg_id=10277280874912353885,hops=0|mesh|d12aa64
OASIS|B|UART|ARRIVED|msg_id=4008251889920711484,hops=0,sig=verified,forward=true|mesh|d12aa64
OASIS|B|UART|RELAYED|msg_id=4008251889920711484,hops=0|mesh|d12aa64
OASIS|C|UART|ARRIVED|msg_id=10277280874912353885,hops=1,sig=verified,forward=true|mesh|d12aa64
OASIS|C|UART|RELAYED|msg_id=10277280874912353885,hops=1|mesh|d12aa64
OASIS|C|UART|ARRIVED|msg_id=4008251889920711484,hops=1,sig=verified,forward=true|mesh|d12aa64
OASIS|C|UART|RELAYED|msg_id=4008251889920711484,hops=1|mesh|d12aa64
OASIS|B|UART|ARRIVED|msg_id=3613457998777185502,hops=0,sig=verified,forward=true|mesh|d12aa64
OASIS|B|UART|RELAYED|msg_id=3613457998777185502,hops=0|mesh|d12aa64
OASIS|C|UART|ARRIVED|msg_id=3613457998777185502,hops=1,sig=verified,forward=true|mesh|d12aa64
OASIS|C|UART|RELAYED|msg_id=3613457998777185502,hops=1|mesh|d12aa64
OASIS|B|UART|ARRIVED|msg_id=17151308659386444699,hops=0,sig=verified,forward=true|mesh|d12aa64
OASIS|B|UART|RELAYED|msg_id=17151308659386444699,hops=0|mesh|d12aa64
OASIS|C|UART|ARRIVED|msg_id=17151308659386444699,hops=1,sig=verified,forward=true|mesh|d12aa64
OASIS|C|UART|RELAYED|msg_id=17151308659386444699,hops=1|mesh|d12aa64
OASIS|B|UART|ARRIVED|msg_id=12771234600990921316,hops=0,sig=verified,forward=true|mesh|d12aa64
OASIS|B|UART|RELAYED|msg_id=12771234600990921316,hops=0|mesh|d12aa64
OASIS|C|UART|ARRIVED|msg_id=12771234600990921316,hops=1,sig=verified,forward=true|mesh|d12aa64
OASIS|C|UART|RELAYED|msg_id=12771234600990921316,hops=1|mesh|d12aa64
OASIS|B|UART|ARRIVED|msg_id=8104322703796549722,hops=0,sig=verified,forward=true|mesh|d12aa64
OASIS|B|UART|RELAYED|msg_id=8104322703796549722,hops=0|mesh|d12aa64
OASIS|C|UART|ARRIVED|msg_id=8104322703796549722,hops=1,sig=verified,forward=true|mesh|d12aa64
OASIS|C|UART|RELAYED|msg_id=8104322703796549722,hops=1|mesh|d12aa64
OASIS|B|UART|ARRIVED|msg_id=7173007132993265492,hops=0,sig=verified,forward=true|mesh|d12aa64
OASIS|B|UART|RELAYED|msg_id=7173007132993265492,hops=0|mesh|d12aa64
OASIS|C|UART|ARRIVED|msg_id=7173007132993265492,hops=1,sig=verified,forward=true|mesh|d12aa64
OASIS|C|UART|RELAYED|msg_id=7173007132993265492,hops=1|mesh|d12aa64
OASIS|B|UART|ARRIVED|msg_id=15943188539372577435,hops=0,sig=verified,forward=true|mesh|d12aa64
OASIS|B|UART|RELAYED|msg_id=15943188539372577435,hops=0|mesh|d12aa64
OASIS|B|UART|ARRIVED|msg_id=13627462829469209197,hops=0,sig=verified,forward=true|mesh|d12aa64
OASIS|B|UART|RELAYED|msg_id=13627462829469209197,hops=0|mesh|d12aa64
OASIS|C|UART|ARRIVED|msg_id=15943188539372577435,hops=1,sig=verified,forward=true|mesh|d12aa64
OASIS|C|UART|RELAYED|msg_id=15943188539372577435,hops=1|mesh|d12aa64
OASIS|C|UART|ARRIVED|msg_id=13627462829469209197,hops=1,sig=verified,forward=true|mesh|d12aa64
OASIS|C|UART|RELAYED|msg_id=13627462829469209197,hops=1|mesh|d12aa64
OASIS|C|UART|ARRIVED|msg_id=12157136171169511918,hops=1,sig=verified,forward=true|mesh|d12aa64
OASIS|C|UART|RELAYED|msg_id=12157136171169511918,hops=1|mesh|d12aa64
OASIS|B|UART|ARRIVED|msg_id=12157136171169511918,hops=0,sig=verified,forward=true|mesh|d12aa64
OASIS|B|UART|RELAYED|msg_id=12157136171169511918,hops=0|mesh|d12aa64
OASIS|B|UART|ARRIVED|msg_id=894179614642677697,hops=0,sig=verified,forward=true|mesh|d12aa64
OASIS|B|UART|RELAYED|msg_id=894179614642677697,hops=0|mesh|d12aa64
OASIS|C|UART|ARRIVED|msg_id=894179614642677697,hops=1,sig=verified,forward=true|mesh|d12aa64
OASIS|C|UART|RELAYED|msg_id=894179614642677697,hops=1|mesh|d12aa64
OASIS|B|UART|ARRIVED|msg_id=8334534099254918066,hops=0,sig=verified,forward=true|mesh|d12aa64
OASIS|B|UART|RELAYED|msg_id=8334534099254918066,hops=0|mesh|d12aa64
OASIS|B|UART|ARRIVED|msg_id=4927996810797397667,hops=0,sig=verified,forward=true|mesh|d12aa64
OASIS|B|UART|RELAYED|msg_id=4927996810797397667,hops=0|mesh|d12aa64
OASIS|C|UART|ARRIVED|msg_id=8334534099254918066,hops=1,sig=verified,forward=true|mesh|d12aa64
OASIS|C|UART|RELAYED|msg_id=8334534099254918066,hops=1|mesh|d12aa64
OASIS|C|UART|ARRIVED|msg_id=4927996810797397667,hops=1,sig=verified,forward=true|mesh|d12aa64
OASIS|C|UART|RELAYED|msg_id=4927996810797397667,hops=1|mesh|d12aa64
OASIS|A|UART|SWEEP|Phase 3/4 (Extreme,50)|mesh|d12aa64
OASIS|B|UART|ARRIVED|msg_id=2910834869711685010,hops=0,sig=verified,forward=true|mesh|d12aa64
OASIS|B|UART|RELAYED|msg_id=2910834869711685010,hops=0|mesh|d12aa64
OASIS|C|UART|ARRIVED|msg_id=2910834869711685010,hops=1,sig=verified,forward=true|mesh|d12aa64
OASIS|C|UART|RELAYED|msg_id=2910834869711685010,hops=1|mesh|d12aa64
OASIS|B|UART|ARRIVED|msg_id=6548088467863501102,hops=0,sig=verified,forward=true|mesh|d12aa64
OASIS|B|UART|RELAYED|msg_id=6548088467863501102,hops=0|mesh|d12aa64
OASIS|C|UART|ARRIVED|msg_id=6548088467863501102,hops=1,sig=verified,forward=true|mesh|d12aa64
OASIS|C|UART|RELAYED|msg_id=6548088467863501102,hops=1|mesh|d12aa64
OASIS|B|UART|ARRIVED|msg_id=9085772402880006124,hops=0,sig=verified,forward=true|mesh|d12aa64
OASIS|B|UART|RELAYED|msg_id=9085772402880006124,hops=0|mesh|d12aa64
OASIS|C|UART|ARRIVED|msg_id=9085772402880006124,hops=1,sig=verified,forward=true|mesh|d12aa64
OASIS|C|UART|RELAYED|msg_id=9085772402880006124,hops=1|mesh|d12aa64
OASIS|B|UART|ARRIVED|msg_id=12827293641547640517,hops=0,sig=verified,forward=true|mesh|d12aa64
OASIS|B|UART|RELAYED|msg_id=12827293641547640517,hops=0|mesh|d12aa64
OASIS|C|UART|ARRIVED|msg_id=12827293641547640517,hops=1,sig=verified,forward=true|mesh|d12aa64
OASIS|C|UART|RELAYED|msg_id=12827293641547640517,hops=1|mesh|d12aa64
OASIS|B|UART|ARRIVED|msg_id=7336386867547067130,hops=0,sig=verified,forward=true|mesh|d12aa64
OASIS|B|UART|RELAYED|msg_id=7336386867547067130,hops=0|mesh|d12aa64
OASIS|C|UART|ARRIVED|msg_id=7336386867547067130,hops=1,sig=verified,forward=true|mesh|d12aa64
OASIS|C|UART|RELAYED|msg_id=7336386867547067130,hops=1|mesh|d12aa64
OASIS|B|UART|ARRIVED|msg_id=12104334937342391665,hops=0,sig=verified,forward=true|mesh|d12aa64
OASIS|B|UART|RELAYED|msg_id=12104334937342391665,hops=0|mesh|d12aa64
OASIS|C|UART|ARRIVED|msg_id=12104334937342391665,hops=1,sig=verified,forward=true|mesh|d12aa64
OASIS|C|UART|RELAYED|msg_id=12104334937342391665,hops=1|mesh|d12aa64
OASIS|B|UART|ARRIVED|msg_id=1448337556352525737,hops=0,sig=verified,forward=true|mesh|d12aa64
OASIS|B|UART|RELAYED|msg_id=1448337556352525737,hops=0|mesh|d12aa64
OASIS|C|UART|ARRIVED|msg_id=1448337556352525737,hops=1,sig=verified,forward=true|mesh|d12aa64
OASIS|C|UART|RELAYED|msg_id=1448337556352525737,hops=1|mesh|d12aa64
OASIS|B|UART|ARRIVED|msg_id=17822493266835499136,hops=0,sig=verified,forward=true|mesh|d12aa64
OASIS|B|UART|RELAYED|msg_id=17822493266835499136,hops=0|mesh|d12aa64
OASIS|C|UART|ARRIVED|msg_id=17822493266835499136,hops=1,sig=verified,forward=true|mesh|d12aa64
OASIS|C|UART|RELAYED|msg_id=17822493266835499136,hops=1|mesh|d12aa64
OASIS|B|UART|ARRIVED|msg_id=17288845350797048328,hops=0,sig=verified,forward=true|mesh|d12aa64
OASIS|B|UART|RELAYED|msg_id=17288845350797048328,hops=0|mesh|d12aa64
OASIS|C|UART|ARRIVED|msg_id=17288845350797048328,hops=1,sig=verified,forward=true|mesh|d12aa64
OASIS|C|UART|RELAYED|msg_id=17288845350797048328,hops=1|mesh|d12aa64
OASIS|B|UART|ARRIVED|msg_id=13456657861718431121,hops=0,sig=verified,forward=true|mesh|d12aa64
OASIS|B|UART|RELAYED|msg_id=13456657861718431121,hops=0|mesh|d12aa64
OASIS|C|UART|ARRIVED|msg_id=13456657861718431121,hops=1,sig=verified,forward=true|mesh|d12aa64
OASIS|C|UART|RELAYED|msg_id=13456657861718431121,hops=1|mesh|d12aa64
OASIS|B|UART|ARRIVED|msg_id=4306000236081181524,hops=0,sig=verified,forward=true|mesh|d12aa64
OASIS|B|UART|RELAYED|msg_id=4306000236081181524,hops=0|mesh|d12aa64
OASIS|C|UART|ARRIVED|msg_id=4306000236081181524,hops=1,sig=verified,forward=true|mesh|d12aa64
OASIS|C|UART|RELAYED|msg_id=4306000236081181524,hops=1|mesh|d12aa64
OASIS|B|UART|ARRIVED|msg_id=13612683428398737422,hops=0,sig=verified,forward=true|mesh|d12aa64
OASIS|B|UART|RELAYED|msg_id=13612683428398737422,hops=0|mesh|d12aa64
OASIS|C|UART|ARRIVED|msg_id=13612683428398737422,hops=1,sig=verified,forward=true|mesh|d12aa64
OASIS|C|UART|RELAYED|msg_id=13612683428398737422,hops=1|mesh|d12aa64
OASIS|B|UART|ARRIVED|msg_id=11275706475508163990,hops=0,sig=verified,forward=true|mesh|d12aa64
OASIS|B|UART|RELAYED|msg_id=11275706475508163990,hops=0|mesh|d12aa64
OASIS|C|UART|ARRIVED|msg_id=11275706475508163990,hops=1,sig=verified,forward=true|mesh|d12aa64
OASIS|C|UART|RELAYED|msg_id=11275706475508163990,hops=1|mesh|d12aa64
OASIS|B|UART|ARRIVED|msg_id=2309786207293795630,hops=0,sig=verified,forward=true|mesh|d12aa64
OASIS|B|UART|RELAYED|msg_id=2309786207293795630,hops=0|mesh|d12aa64
OASIS|C|UART|ARRIVED|msg_id=2309786207293795630,hops=1,sig=verified,forward=true|mesh|d12aa64
OASIS|C|UART|RELAYED|msg_id=2309786207293795630,hops=1|mesh|d12aa64
OASIS|B|UART|ARRIVED|msg_id=6568857055844674320,hops=0,sig=verified,forward=true|mesh|d12aa64
OASIS|B|UART|RELAYED|msg_id=6568857055844674320,hops=0|mesh|d12aa64
OASIS|C|UART|ARRIVED|msg_id=6568857055844674320,hops=1,sig=verified,forward=true|mesh|d12aa64
OASIS|C|UART|RELAYED|msg_id=6568857055844674320,hops=1|mesh|d12aa64
OASIS|B|UART|ARRIVED|msg_id=12602554027592605115,hops=0,sig=verified,forward=true|mesh|d12aa64
OASIS|B|UART|RELAYED|msg_id=12602554027592605115,hops=0|mesh|d12aa64
OASIS|C|UART|ARRIVED|msg_id=12602554027592605115,hops=1,sig=verified,forward=true|mesh|d12aa64
OASIS|C|UART|RELAYED|msg_id=12602554027592605115,hops=1|mesh|d12aa64
OASIS|B|UART|ARRIVED|msg_id=16452460667725038539,hops=0,sig=verified,forward=true|mesh|d12aa64
OASIS|B|UART|RELAYED|msg_id=16452460667725038539,hops=0|mesh|d12aa64
OASIS|C|UART|ARRIVED|msg_id=16452460667725038539,hops=1,sig=verified,forward=true|mesh|d12aa64
OASIS|C|UART|RELAYED|msg_id=16452460667725038539,hops=1|mesh|d12aa64
OASIS|B|UART|ARRIVED|msg_id=14783349700374797353,hops=0,sig=verified,forward=true|mesh|d12aa64
OASIS|B|UART|RELAYED|msg_id=14783349700374797353,hops=0|mesh|d12aa64
OASIS|C|UART|ARRIVED|msg_id=14783349700374797353,hops=1,sig=verified,forward=true|mesh|d12aa64
OASIS|C|UART|RELAYED|msg_id=14783349700374797353,hops=1|mesh|d12aa64
OASIS|B|UART|ARRIVED|msg_id=6469450605536832943,hops=0,sig=verified,forward=true|mesh|d12aa64
OASIS|B|UART|RELAYED|msg_id=6469450605536832943,hops=0|mesh|d12aa64
OASIS|B|UART|FRAMER_CRC_FAIL|count=11|mesh|d12aa64
OASIS|C|UART|ARRIVED|msg_id=6469450605536832943,hops=1,sig=verified,forward=true|mesh|d12aa64
OASIS|C|UART|RELAYED|msg_id=6469450605536832943,hops=1|mesh|d12aa64
OASIS|B|UART|ARRIVED|msg_id=649105085264748345,hops=0,sig=verified,forward=true|mesh|d12aa64
OASIS|B|UART|RELAYED|msg_id=649105085264748345,hops=0|mesh|d12aa64
OASIS|C|UART|ARRIVED|msg_id=649105085264748345,hops=1,sig=verified,forward=true|mesh|d12aa64
OASIS|C|UART|RELAYED|msg_id=649105085264748345,hops=1|mesh|d12aa64
OASIS|B|UART|ARRIVED|msg_id=8466857762916695375,hops=0,sig=verified,forward=true|mesh|d12aa64
OASIS|B|UART|RELAYED|msg_id=8466857762916695375,hops=0|mesh|d12aa64
OASIS|C|UART|ARRIVED|msg_id=8466857762916695375,hops=1,sig=verified,forward=true|mesh|d12aa64
OASIS|C|UART|RELAYED|msg_id=8466857762916695375,hops=1|mesh|d12aa64
OASIS|B|UART|ARRIVED|msg_id=164374329114133986,hops=0,sig=verified,forward=true|mesh|d12aa64
OASIS|B|UART|RELAYED|msg_id=164374329114133986,hops=0|mesh|d12aa64
OASIS|C|UART|ARRIVED|msg_id=164374329114133986,hops=1,sig=verified,forward=true|mesh|d12aa64
OASIS|C|UART|RELAYED|msg_id=164374329114133986,hops=1|mesh|d12aa64
OASIS|B|UART|ARRIVED|msg_id=3150545127185284943,hops=0,sig=verified,forward=true|mesh|d12aa64
OASIS|B|UART|RELAYED|msg_id=3150545127185284943,hops=0|mesh|d12aa64
OASIS|C|UART|ARRIVED|msg_id=3150545127185284943,hops=1,sig=verified,forward=true|mesh|d12aa64
OASIS|C|UART|RELAYED|msg_id=3150545127185284943,hops=1|mesh|d12aa64
OASIS|B|UART|ARRIVED|msg_id=4105983135753880742,hops=0,sig=verified,forward=true|mesh|d12aa64
OASIS|B|UART|RELAYED|msg_id=4105983135753880742,hops=0|mesh|d12aa64
OASIS|B|UART|ARRIVED|msg_id=17554899551337534004,hops=0,sig=verified,forward=true|mesh|d12aa64
OASIS|B|UART|RELAYED|msg_id=17554899551337534004,hops=0|mesh|d12aa64
OASIS|C|UART|ARRIVED|msg_id=4105983135753880742,hops=1,sig=verified,forward=true|mesh|d12aa64
OASIS|C|UART|RELAYED|msg_id=4105983135753880742,hops=1|mesh|d12aa64
OASIS|C|UART|ARRIVED|msg_id=17554899551337534004,hops=1,sig=verified,forward=true|mesh|d12aa64
OASIS|C|UART|RELAYED|msg_id=17554899551337534004,hops=1|mesh|d12aa64
OASIS|B|UART|ARRIVED|msg_id=16625739372638469140,hops=0,sig=verified,forward=true|mesh|d12aa64
OASIS|B|UART|RELAYED|msg_id=16625739372638469140,hops=0|mesh|d12aa64
OASIS|C|UART|ARRIVED|msg_id=16625739372638469140,hops=1,sig=verified,forward=true|mesh|d12aa64
OASIS|C|UART|RELAYED|msg_id=16625739372638469140,hops=1|mesh|d12aa64
OASIS|B|UART|ARRIVED|msg_id=9383645136177187358,hops=0,sig=verified,forward=true|mesh|d12aa64
OASIS|B|UART|RELAYED|msg_id=9383645136177187358,hops=0|mesh|d12aa64
OASIS|C|UART|ARRIVED|msg_id=9383645136177187358,hops=1,sig=verified,forward=true|mesh|d12aa64
OASIS|C|UART|RELAYED|msg_id=9383645136177187358,hops=1|mesh|d12aa64
OASIS|B|UART|ARRIVED|msg_id=3661146221185551275,hops=0,sig=verified,forward=true|mesh|d12aa64
OASIS|B|UART|RELAYED|msg_id=3661146221185551275,hops=0|mesh|d12aa64
OASIS|C|UART|ARRIVED|msg_id=3661146221185551275,hops=1,sig=verified,forward=true|mesh|d12aa64
OASIS|C|UART|RELAYED|msg_id=3661146221185551275,hops=1|mesh|d12aa64
OASIS|B|UART|ARRIVED|msg_id=15014911631796949586,hops=0,sig=verified,forward=true|mesh|d12aa64
OASIS|B|UART|RELAYED|msg_id=15014911631796949586,hops=0|mesh|d12aa64
OASIS|C|UART|ARRIVED|msg_id=15014911631796949586,hops=1,sig=verified,forward=true|mesh|d12aa64
OASIS|C|UART|RELAYED|msg_id=15014911631796949586,hops=1|mesh|d12aa64
OASIS|B|UART|ARRIVED|msg_id=15632261536312884137,hops=0,sig=verified,forward=true|mesh|d12aa64
OASIS|B|UART|RELAYED|msg_id=15632261536312884137,hops=0|mesh|d12aa64
OASIS|C|UART|ARRIVED|msg_id=15632261536312884137,hops=1,sig=verified,forward=true|mesh|d12aa64
OASIS|C|UART|RELAYED|msg_id=15632261536312884137,hops=1|mesh|d12aa64
OASIS|B|UART|ARRIVED|msg_id=11161762230287651113,hops=0,sig=verified,forward=true|mesh|d12aa64
OASIS|B|UART|RELAYED|msg_id=11161762230287651113,hops=0|mesh|d12aa64
OASIS|C|UART|ARRIVED|msg_id=11161762230287651113,hops=1,sig=verified,forward=true|mesh|d12aa64
OASIS|C|UART|RELAYED|msg_id=11161762230287651113,hops=1|mesh|d12aa64
OASIS|B|UART|ARRIVED|msg_id=2509281793084499659,hops=0,sig=verified,forward=true|mesh|d12aa64
OASIS|B|UART|RELAYED|msg_id=2509281793084499659,hops=0|mesh|d12aa64
OASIS|C|UART|ARRIVED|msg_id=2509281793084499659,hops=1,sig=verified,forward=true|mesh|d12aa64
OASIS|C|UART|RELAYED|msg_id=2509281793084499659,hops=1|mesh|d12aa64
OASIS|B|UART|ARRIVED|msg_id=78990557422976065,hops=0,sig=verified,forward=true|mesh|d12aa64
OASIS|B|UART|RELAYED|msg_id=78990557422976065,hops=0|mesh|d12aa64
OASIS|C|UART|ARRIVED|msg_id=78990557422976065,hops=1,sig=verified,forward=true|mesh|d12aa64
OASIS|C|UART|RELAYED|msg_id=78990557422976065,hops=1|mesh|d12aa64
OASIS|B|UART|ARRIVED|msg_id=4893496061304360720,hops=0,sig=verified,forward=true|mesh|d12aa64
OASIS|B|UART|RELAYED|msg_id=4893496061304360720,hops=0|mesh|d12aa64
OASIS|C|UART|ARRIVED|msg_id=4893496061304360720,hops=1,sig=verified,forward=true|mesh|d12aa64
OASIS|C|UART|RELAYED|msg_id=4893496061304360720,hops=1|mesh|d12aa64
OASIS|B|UART|ARRIVED|msg_id=12686918598988790292,hops=0,sig=verified,forward=true|mesh|d12aa64
OASIS|B|UART|RELAYED|msg_id=12686918598988790292,hops=0|mesh|d12aa64
OASIS|C|UART|ARRIVED|msg_id=12686918598988790292,hops=1,sig=verified,forward=true|mesh|d12aa64
OASIS|C|UART|RELAYED|msg_id=12686918598988790292,hops=1|mesh|d12aa64
OASIS|B|UART|ARRIVED|msg_id=5056946917510572853,hops=0,sig=verified,forward=true|mesh|d12aa64
OASIS|B|UART|RELAYED|msg_id=5056946917510572853,hops=0|mesh|d12aa64
OASIS|C|UART|ARRIVED|msg_id=5056946917510572853,hops=1,sig=verified,forward=true|mesh|d12aa64
OASIS|C|UART|RELAYED|msg_id=5056946917510572853,hops=1|mesh|d12aa64
OASIS|A|UART|SWEEP|Phase 4/4 (Pre-CRC Crypto Fail,50)|mesh|d12aa64
OASIS|B|UART|DROP|bad mesh signature|mesh|d12aa64
ASIS|B|UART|DROP|bad mesh signature|mesh|d12aa64
OASIS|B|UART|DROP|unknown sender|mesh|d12aa64
OASIS|B|UART|DROP|bad mesh signature|mesh|d12aa64
OASIS|B|UART|ARRIVED|msg_id=8454786079907931129,hops=32,sig=verified,forward=true|mesh|d12aa64
OASIS|B|UART|RELAYED|msg_id=8454786079907931129,hops=32|mesh|d12aa64
OASIS|C|UART|ARRIVED|msg_id=8454786079907931129,hops=33,sig=verified,forward=true|mesh|d12aa64
OASIS|C|UART|RELAYED|msg_id=8454786079907931129,hops=33|mesh|d12aa64
OASIS|B|UART|DROP|bad mesh signature|mesh|d12aa64
OASIS|B|UART|ARRIVED|msg_id=8422983859062560761,hops=0,sig=verified,forward=true|mesh|d12aa64
OASIS|B|UART|RELAYED|msg_id=8422983859062560761,hops=0|mesh|d12aa64
OASIS|C|UART|ARRIVED|msg_id=8422983859062560761,hops=1,sig=verified,forward=true|mesh|d12aa64
OASIS|C|UART|RELAYED|msg_id=8422983859062560761,hops=1|mesh|d12aa64
OASIS|B|UART|ARRIVED|msg_id=9915130056081721115,hops=0,sig=verified,forward=true|mesh|d12aa64
OASIS|B|UART|RELAYED|msg_id=9915130056081721115,hops=0|mesh|d12aa64
OASIS|B|UART|DROP|bad mesh signature|mesh|d12aa64
OASIS|C|UART|ARRIVED|msg_id=9915130056081721115,hops=1,sig=verified,forward=true|mesh|d12aa64
OASIS|C|UART|RELAYED|msg_id=9915130056081721115,hops=1|mesh|d12aa64
OASIS|B|UART|DROP|unknown sender|mesh|d12aa64
OASIS|B|UART|ARRIVED|msg_id=11548848081397489620,hops=0,sig=verified,forward=true|mesh|d12aa64
OASIS|B|UART|RELAYED|msg_id=11548848081397489620,hops=0|mesh|d12aa64
OASIS|C|UART|ARRIVED|msg_id=11548848081397489620,hops=1,sig=verified,forward=true|mesh|d12aa64
OASIS|C|UART|RELAYED|msg_id=11548848081397489620,hops=1|mesh|d12aa64
OASIS|B|UART|DROP|bad mesh signature|mesh|d12aa64
OASIS|B|UART|DROP|bad mesh signature|mesh|d12aa64
OASIS|B|UART|ARRIVED|msg_id=2710762923852040463,hops=0,sig=verified,forward=true|mesh|d12aa64
OASIS|B|UART|RELAYED|msg_id=2710762923852040463,hops=0|mesh|d12aa64
OASIS|B|UART|DROP|bad mesh magic|mesh|d12aa64
OASIS|C|UART|ARRIVED|msg_id=2710762923852040463,hops=1,sig=verified,forward=true|mesh|d12aa64
OASIS|C|UART|RELAYED|msg_id=2710762923852040463,hops=1|mesh|d12aa64
OASIS|B|UART|ARRIVED|msg_id=767803156136715796,hops=0,sig=verified,forward=true|mesh|d12aa64
OASIS|B|UART|RELAYED|msg_id=767803156136715796,hops=0|mesh|d12aa64
OASIS|C|UART|ARRIVED|msg_id=767803156136715796,hops=1,sig=verified,forward=true|mesh|d12aa64
OASIS|C|UART|RELAYED|msg_id=767803156136715796,hops=1|mesh|d12aa64
OASIS|B|UART|ARRIVED|msg_id=8018816686824269453,hops=0,sig=verified,forward=true|mesh|d12aa64
OASIS|B|UART|RELAYED|msg_id=8018816686824269453,hops=0|mesh|d12aa64
OASIS|B|UART|DROP|unknown sender|mesh|d12aa64
OASIS|C|UART|ARRIVED|msg_id=8018816686824269453,hops=1,sig=verified,forward=true|mesh|d12aa64
OASIS|C|UART|RELAYED|msg_id=8018816686824269453,hops=1|mesh|d12aa64
OASIS|B|UART|DROP|bad mesh signature|mesh|d12aa64
OASIS|B|UART|ARRIVED|msg_id=15152802041644142522,hops=0,sig=verified,forward=true|mesh|d12aa64
OASIS|B|UART|RELAYED|msg_id=15152802041644142522,hops=0|mesh|d12aa64
OASIS|C|UART|ARRIVED|msg_id=15152802041644142522,hops=1,sig=verified,forward=true|mesh|d12aa64
OASIS|C|UART|RELAYED|msg_id=15152802041644142522,hops=1|mesh|d12aa64
OASIS|B|UART|DROP|bad mesh signature|mesh|d12aa64
OASIS|B|UART|DROP|unknown sender|mesh|d12aa64
OASIS|B|UART|DROP|bad mesh signature|mesh|d12aa64
OASIS|B|UART|DROP|bad mesh signature|mesh|d12aa64
OASIS|B|UART|DROP|bad mesh magic|mesh|d12aa64
OASIS|B|UART|DROP|bad mesh signature|mesh|d12aa64
OASIS|B|UART|DROP|unknown sender|mesh|d12aa64
OASIS|B|UART|DROP|bad mesh signature|mesh|d12aa64
OASIS|B|UART|DROP|bad mesh signature|mesh|d12aa64
OASIS|B|UART|DROP|bad mesh signature|mesh|d12aa64
OASIS|B|UART|DROP|unknown sender|mesh|d12aa64
OASIS|B|UART|DROP|bad mesh signature|mesh|d12aa64
OASIS|B|UART|DROP|bad mesh magic|mesh|d12aa64
OASIS|B|UART|DROP|bad mesh signature|mesh|d12aa64
OASIS|B|UART|ARRIVED|msg_id=12318247298311307760,hops=0,sig=verified,forward=true|mesh|d12aa64
OASIS|B|UART|RELAYED|msg_id=12318247298311307760,hops=0|mesh|d12aa64
OASIS|C|UART|ARRIVED|msg_id=12318247298311307760,hops=1,sig=verified,forward=true|mesh|d12aa64
OASIS|C|UART|RELAYED|msg_id=12318247298311307760,hops=1|mesh|d12aa64
OASIS|B|UART|DROP|bad mesh signature|mesh|d12aa64
OASIS|B|UART|ARRIVED|msg_id=13564452195443829545,hops=0,sig=verified,forward=true|mesh|d12aa64
OASIS|B|UART|RELAYED|msg_id=13564452195443829545,hops=0|mesh|d12aa64
OASIS|C|UART|ARRIVED|msg_id=13564452195443829545,hops=1,sig=verified,forward=true|mesh|d12aa64
OASIS|C|UART|RELAYED|msg_id=13564452195443829545,hops=1|mesh|d12aa64
OASIS|B|UART|DROP|bad mesh signature|mesh|d12aa64
OASIS|B|UART|DROP|bad mesh signature|mesh|d12aa64
OASIS|B|UART|DROP|unknown sender|mesh|d12aa64
OASIS|B|UART|DROP|bad mesh signature|mesh|d12aa64
OASIS|B|UART|DROP|bad mesh magic|mesh|d12aa64
OASIS|B|UART|DROP|bad mesh signature|mesh|d12aa64
OASIS|B|UART|DROP|bad mesh signature|mesh|d12aa64
OASIS|B|UART|DROP|bad mesh signature|mesh|d12aa64
OASIS|B|UART|ARRIVED|msg_id=11629355807283182906,hops=4,sig=verified,forward=true|mesh|d12aa64
OASIS|B|UART|RELAYED|msg_id=11629355807283182906,hops=4|mesh|d12aa64
OASIS|C|UART|ARRIVED|msg_id=11629355807283182906,hops=5,sig=verified,forward=true|mesh|d12aa64
OASIS|C|UART|RELAYED|msg_id=11629355807283182906,hops=5|mesh|d12aa64
OASIS|B|UART|DROP|bad mesh signature|mesh|d12aa64
OASIS|B|UART|DROP|bad mesh signature|mesh|d12aa64
OASIS|B|UART|ARRIVED|msg_id=17141491429903325715,hops=0,sig=verified,forward=true|mesh|d12aa64
OASIS|B|UART|RELAYED|msg_id=17141491429903325715,hops=0|mesh|d12aa64
OASIS|C|UART|ARRIVED|msg_id=17141491429903325715,hops=1,sig=verified,forward=true|mesh|d12aa64
OASIS|C|UART|RELAYED|msg_id=17141491429903325715,hops=1|mesh|d12aa64
OASIS|A|UART|SWEEP_DONE|tx=196,tx_dropped=4,truncated=0,phase4_crypto=50|mesh|d12aa64
OASIS|B|UART|DROP|bad mesh signature|mesh|d12aa64
OASIS|B|UART|STATUS|rx_bytes=20880,frames=182,crc_fails=14|mesh|d12aa64
