# upload 324744 bytes from C_v7.bin at 2026-10-07T10:13:35Z
OASIS|C|UART|DFU_PROGRESS|written_to=65536|mesh|4c84401
OASIS|C|UART|DFU_PROGRESS|written_to=131072|mesh|4c84401
OASIS|C|UART|DFU_PROGRESS|written_to=196608|mesh|4c84401
OASIS|C|UART|DFU_PROGRESS|written_to=262144|mesh|4c84401
OASIS|C|UART|DFU_PROGRESS|written_to=324744|mesh|4c84401
# upload sent in 24 s
OASIS|C|UART|STAGE|len=0|mesh|4c84401
OASIS|C|UART|STAGE|len=280|mesh|4c84401
OASIS|C|UART|STAGE|len=560|mesh|4c84401
OASIS|C|UART|STAGE|len=840|mesh|4c84401
OASIS|C|UART|STAGE|len=1120|mesh|4c84401
OASIS|C|UART|STAGE|len=1400|mesh|4c84401
OASIS|C|UART|STAGE|len=1680|mesh|4c84401
OASIS|C|UART|STAGE|len=1960|mesh|4c84401
OASIS|C|UART|STAGE|len=2240|mesh|4c84401
OASIS|C|UART|STAGE|len=2520|mesh|4c84401
OASIS|C|UART|STAGE|len=2548|mesh|4c84401
OASIS|C|UART|FW_INSTALL|accepted,version=7,running=6,floor=6,check_us=727161,resetting_for_swap|mesh|4c84401
# port transitions
2026-10-07T10:13:35.220Z /dev/ttyS10 present
2026-10-07T10:14:01.803Z /dev/ttyS10 absent
2026-10-07T10:14:19.929Z /dev/ttyS10 present
# @V
OASIS|C|UART|LEASE_PERSIST|ceiling=26348,writes_since_boot=2|mesh|1199aba
OASIS|C|UART|FW_STATUS|version=7,floor=7,boot=ConfirmedAfterSwap,bootloader_state=Boot,fp=a7089677a10b7fb0,guard_failed_before=0|mesh|1199aba
