# upload 301020 bytes from B_v7.bin at 2026-10-07T10:14:27Z
OASIS|B|UART|DFU_PROGRESS|written_to=65536|mesh|4c84401
OASIS|B|UART|DFU_PROGRESS|written_to=131072|mesh|4c84401
OASIS|B|UART|DFU_PROGRESS|written_to=196608|mesh|4c84401
OASIS|B|UART|DFU_PROGRESS|written_to=262144|mesh|4c84401
OASIS|B|UART|DFU_PROGRESS|written_to=301020|mesh|4c84401
# upload sent in 22 s
OASIS|B|UART|STAGE|len=0|mesh|4c84401
OASIS|B|UART|STAGE|len=280|mesh|4c84401
OASIS|B|UART|STAGE|len=560|mesh|4c84401
OASIS|B|UART|STAGE|len=840|mesh|4c84401
OASIS|B|UART|STAGE|len=1120|mesh|4c84401
OASIS|B|UART|STAGE|len=1400|mesh|4c84401
OASIS|B|UART|STAGE|len=1680|mesh|4c84401
OASIS|B|UART|STAGE|len=1960|mesh|4c84401
OASIS|B|UART|STAGE|len=2240|mesh|4c84401
OASIS|B|UART|STAGE|len=2520|mesh|4c84401
OASIS|B|UART|STAGE|len=2548|mesh|4c84401
OASIS|B|UART|FW_INSTALL|accepted,version=7,running=6,floor=6,check_us=707133,resetting_for_swap|mesh|4c84401
# port transitions
2026-10-07T10:14:27.131Z /dev/ttyS9 present
2026-10-07T10:14:51.217Z /dev/ttyS9 absent
2026-10-07T10:15:08.211Z /dev/ttyS9 present
# @V
OASIS|B|UART|LEASE_PERSIST|ceiling=12790,writes_since_boot=2|mesh|1199aba
OASIS|B|UART|FW_STATUS|version=7,floor=7,boot=ConfirmedAfterSwap,bootloader_state=Boot,fp=f6bd34440030a136,guard_failed_before=0|mesh|1199aba
