# upload 328840 bytes from C_v13.bin at 2026-10-07T14:02:52Z
OASIS|C|UART|DFU_PROGRESS|written_to=65536|mesh|10bd1fc
OASIS|C|UART|DFU_PROGRESS|written_to=131072|mesh|10bd1fc
OASIS|C|UART|DFU_PROGRESS|written_to=196608|mesh|10bd1fc
OASIS|C|UART|DFU_PROGRESS|written_to=262144|mesh|10bd1fc
OASIS|C|UART|DFU_PROGRESS|written_to=327680|mesh|10bd1fc
OASIS|C|UART|DFU_PROGRESS|written_to=328840|mesh|10bd1fc
# upload sent in 26 s
OASIS|C|UART|STAGE|len=0|mesh|10bd1fc
OASIS|C|UART|STAGE|len=280|mesh|10bd1fc
OASIS|C|UART|STAGE|len=560|mesh|10bd1fc
OASIS|C|UART|STAGE|len=840|mesh|10bd1fc
OASIS|C|UART|STAGE|len=1120|mesh|10bd1fc
OASIS|C|UART|STAGE|len=1400|mesh|10bd1fc
OASIS|C|UART|STAGE|len=1680|mesh|10bd1fc
OASIS|C|UART|STAGE|len=1960|mesh|10bd1fc
OASIS|C|UART|STAGE|len=2240|mesh|10bd1fc
OASIS|C|UART|STAGE|len=2520|mesh|10bd1fc
OASIS|C|UART|STAGE|len=2548|mesh|10bd1fc
OASIS|C|UART|FW_INSTALL|accepted,version=13,running=12,floor=12,check_us=740180,resetting_for_swap|mesh|10bd1fc
