# upload 328856 bytes from C_v14.bin at 2026-10-07T14:16:37Z
OASIS|C|UART|DFU_PROGRESS|written_to=65536|mesh|7f7a5ba
OASIS|C|UART|DFU_PROGRESS|written_to=131072|mesh|7f7a5ba
OASIS|C|UART|DFU_PROGRESS|written_to=196608|mesh|7f7a5ba
OASIS|C|UART|DFU_PROGRESS|written_to=262144|mesh|7f7a5ba
OASIS|C|UART|DFU_PROGRESS|written_to=327680|mesh|7f7a5ba
OASIS|C|UART|DFU_PROGRESS|written_to=328856|mesh|7f7a5ba
# upload sent in 28 s
OASIS|C|UART|STAGE|len=0|mesh|7f7a5ba
OASIS|C|UART|STAGE|len=280|mesh|7f7a5ba
OASIS|C|UART|STAGE|len=560|mesh|7f7a5ba
OASIS|C|UART|STAGE|len=840|mesh|7f7a5ba
OASIS|C|UART|STAGE|len=1120|mesh|7f7a5ba
OASIS|C|UART|STAGE|len=1400|mesh|7f7a5ba
OASIS|C|UART|STAGE|len=1680|mesh|7f7a5ba
OASIS|C|UART|STAGE|len=1960|mesh|7f7a5ba
OASIS|C|UART|STAGE|len=2240|mesh|7f7a5ba
OASIS|C|UART|STAGE|len=2520|mesh|7f7a5ba
OASIS|C|UART|STAGE|len=2548|mesh|7f7a5ba
OASIS|C|UART|FW_INSTALL|accepted,version=14,running=13,floor=13,check_us=738439,resetting_for_swap|mesh|7f7a5ba
