OASIS|C|UART|PF_MODE|v0c=false,next_hop=-,tokens=24|mesh|caef852
OASIS|C|UART|PF_BUDGET|rate=1000,burst=10000,tokens=10000|mesh|caef852
OASIS|C|UART|PF_QUIET|quiet=true|mesh|caef852
OASIS|C|UART|FRAMER_CRC_FAIL|count=1|mesh|caef852
OASIS|C|UART|FRAMER_CRC_FAIL|count=2|mesh|caef852
OASIS|C|UART|FRAMER_CRC_FAIL|count=3|mesh|caef852
OASIS|C|UART|FRAMER_CRC_FAIL|count=4|mesh|caef852
OASIS|C|UART|FRAMER_CRC_FAIL|count=5|mesh|caef852
OASIS|C|UART|FRAMER_CRC_FAIL|count=6|mesh|caef852
OASIS|C|UART|FRAMER_CRC_FAIL|count=7|mesh|caef852
OASIS|C|UART|FRAMER_CRC_FAIL|count=8|mesh|caef852
OASIS|C|UART|FRAMER_CRC_FAIL|count=9|mesh|caef852
OASIS|C|UART|FRAMER_CRC_FAIL|count=10|mesh|caef852
OASIS|C|UART|FRAMER_CRC_FAIL|count=11|mesh|caef852
OASIS|C|UART|FRAMER_CRC_FAIL|count=12|mesh|caef852
OASIS|C|UART|FRAMER_CRC_FAIL|count=13|mesh|caef852
OASIS|C|UART|FRAMER_CRC_FAIL|count=14|mesh|caef852
OASIS|C|UART|FRAMER_CRC_FAIL|count=15|mesh|caef852
OASIS|C|UART|FRAMER_CRC_FAIL|count=16|mesh|caef852
OASIS|C|UART|FRAMER_CRC_FAIL|count=17|mesh|caef852
OASIS|C|UART|FRAMER_CRC_FAIL|count=18|mesh|caef852
OASIS|C|UART|FRAMER_CRC_FAIL|count=19|mesh|caef852
OASIS|C|UART|FRAMER_CRC_FAIL|count=20|mesh|caef852
OASIS|C|UART|FRAMER_CRC_FAIL|count=21|mesh|caef852
OASIS|C|UART|FRAMER_CRC_FAIL|count=22|mesh|caef852
OASIS|C|UART|FRAMER_CRC_FAIL|count=23|mesh|caef852
OASIS|C|UART|FRAMER_CRC_FAIL|count=24|mesh|caef852
OASIS|C|UART|FRAMER_CRC_FAIL|count=25|mesh|caef852
OASIS|C|UART|FRAMER_CRC_FAIL|count=26|mesh|caef852
OASIS|C|UART|FRAMER_CRC_FAIL|count=27|mesh|caef852
OASIS|C|UART|FRAMER_CRC_FAIL|count=28|mesh|caef852
OASIS|C|UART|FRAMER_CRC_FAIL|count=29|mesh|caef852
OASIS|C|UART|FRAMER_CRC_FAIL|count=30|mesh|caef852
OASIS|C|UART|FRAMER_CRC_FAIL|count=31|mesh|caef852
OASIS|C|UART|FRAMER_CRC_FAIL|count=32|mesh|caef852
OASIS|C|UART|FRAMER_CRC_FAIL|count=33|mesh|caef852
OASIS|C|UART|FRAMER_CRC_FAIL|count=34|mesh|caef852
OASIS|C|UART|FRAMER_CRC_FAIL|count=35|mesh|caef852
OASIS|C|UART|FRAMER_CRC_FAIL|count=36|mesh|caef852
OASIS|C|UART|FRAMER_CRC_FAIL|count=37|mesh|caef852
OASIS|C|UART|FRAMER_CRC_FAIL|count=38|mesh|caef852
OASIS|C|UART|FRAMER_CRC_FAIL|count=39|mesh|caef852
OASIS|C|UART|FRAMER_CRC_FAIL|count=40|mesh|caef852
OASIS|C|UART|FRAMER_CRC_FAIL|count=41|mesh|caef852
OASIS|C|UART|FRAMER_CRC_FAIL|count=42|mesh|caef852
OASIS|C|UART|FRAMER_CRC_FAIL|count=43|mesh|caef852
OASIS|C|UART|FRAMER_CRC_FAIL|count=44|mesh|caef852
OASIS|C|UART|FRAMER_CRC_FAIL|count=45|mesh|caef852
OASIS|C|UART|FRAMER_CRC_FAIL|count=46|mesh|caef852
OASIS|C|UART|FRAMER_CRC_FAIL|count=47|mesh|caef852
OASIS|C|UART|FRAMER_CRC_FAIL|count=48|mesh|caef852
OASIS|C|UART|FRAMER_CRC_FAIL|count=49|mesh|caef852
OASIS|C|UART|FRAMER_CRC_FAIL|count=50|mesh|caef852
OASIS|C|UART|FRAMER_CRC_FAIL|count=51|mesh|caef852
OASIS|C|UART|FRAMER_CRC_FAIL|count=52|mesh|caef852
OASIS|C|UART|FRAMER_CRC_FAIL|count=53|mesh|caef852
OASIS|C|UART|FRAMER_CRC_FAIL|count=54|mesh|caef852
OASIS|C|UART|FRAMER_CRC_FAIL|count=55|mesh|caef852
OASIS|C|UART|FRAMER_CRC_FAIL|count=56|mesh|caef852
OASIS|C|UART|FRAMER_CRC_FAIL|count=57|mesh|caef852
OASIS|C|UART|FRAMER_CRC_FAIL|count=58|mesh|caef852
OASIS|C|UART|FRAMER_CRC_FAIL|count=59|mesh|caef852
OASIS|C|UART|FRAMER_CRC_FAIL|count=60|mesh|caef852
OASIS|C|UART|FRAMER_CRC_FAIL|count=61|mesh|caef852
OASIS|C|UART|FRAMER_CRC_FAIL|count=62|mesh|caef852
OASIS|C|UART|FRAMER_CRC_FAIL|count=63|mesh|caef852
OASIS|C|UART|PF_STATUS|v0c=false,accepted=39,drop_tag=0,drop_budget=0,drop_sig=332,drop_other=0,busy_us=65973110,max_us=181601,tokens=10000,rx_bytes=51175,frames=371,crc_fails=63,terminal=0,dh_derivations=0,ring_queued=0,ring_dropped=509,ring_errors=1|mesh|caef852
OASIS|C|UART|PF_QUIET|quiet=false|mesh|caef852
